### arm=pool 04:13:14
| model                          |       size |     params | backend    | ngl |  n_cpu_moe | n_ubatch | type_k | type_v |  fa |         lm | lazy_mode  |            test |                  t/s |
| ------------------------------ | ---------: | ---------: | ---------- | --: | ---------: | -------: | -----: | -----: | --: | ---------: | ---------- | --------------: | -------------------: |
| qwen4exp A3B IQ3_XXS - 3.0625 bpw |  76.32 GiB |   176.94 B | SYCL       |  99 |         24 |     2048 |   q4_0 |   q4_0 |   1 |       none | off        |  tg32 @ d118016 |         13.31 ± 0.00 |

build: 6d9c82ea2 (10882)
### rc=0
### arm=plain 04:21:10
| model                          |       size |     params | backend    | ngl |  n_cpu_moe | n_ubatch | type_k | type_v |  fa |         lm | lazy_mode  |            test |                  t/s |
| ------------------------------ | ---------: | ---------: | ---------- | --: | ---------: | -------: | -----: | -----: | --: | ---------: | ---------- | --------------: | -------------------: |
| qwen4exp A3B IQ3_XXS - 3.0625 bpw |  76.32 GiB |   176.94 B | SYCL       |  99 |         24 |     2048 |   q4_0 |   q4_0 |   1 |       none | off        |  tg32 @ d118016 |         11.40 ± 0.00 |

build: 6d9c82ea2 (10882)
### rc=0
### arm=pool 04:28:30
| model                          |       size |     params | backend    | ngl |  n_cpu_moe | n_ubatch | type_k | type_v |  fa |         lm | lazy_mode  |            test |                  t/s |
| ------------------------------ | ---------: | ---------: | ---------- | --: | ---------: | -------: | -----: | -----: | --: | ---------: | ---------- | --------------: | -------------------: |
| qwen4exp A3B IQ3_XXS - 3.0625 bpw |  76.32 GiB |   176.94 B | SYCL       |  99 |         24 |     2048 |   q4_0 |   q4_0 |   1 |       none | off        |  tg32 @ d118016 |         13.60 ± 0.00 |

build: 6d9c82ea2 (10882)
### rc=0
### arm=plain 04:35:48
| model                          |       size |     params | backend    | ngl |  n_cpu_moe | n_ubatch | type_k | type_v |  fa |         lm | lazy_mode  |            test |                  t/s |
| ------------------------------ | ---------: | ---------: | ---------- | --: | ---------: | -------: | -----: | -----: | --: | ---------: | ---------- | --------------: | -------------------: |
| qwen4exp A3B IQ3_XXS - 3.0625 bpw |  76.32 GiB |   176.94 B | SYCL       |  99 |         24 |     2048 |   q4_0 |   q4_0 |   1 |       none | off        |  tg32 @ d118016 |         11.32 ± 0.00 |

build: 6d9c82ea2 (10882)
### rc=0
