### A empty+shallow cache 21:37:33
| model                          |       size |     params | backend    | ngl |  n_cpu_moe | type_k | type_v |  fa | lazy_mode  |            test |                  t/s |
| qwen4exp A3B IQ3_XXS - 3.0625 bpw |  76.32 GiB |   176.94 B | SYCL       |  99 |         24 |   q4_0 |   q4_0 |   1 | off        |            tg16 |          1.68 ± 0.00 |
| qwen4exp A3B IQ3_XXS - 3.0625 bpw |  76.32 GiB |   176.94 B | SYCL       |  99 |         24 |   q4_0 |   q4_0 |   1 | off        |    tg16 @ d2048 |         22.67 ± 0.00 |
### A empty+shallow cache rc=0 21:43:43
### B prefill ubatches 21:43:43
| model                          |       size |     params | backend    | ngl |  n_cpu_moe | type_k | type_v |  fa | lazy_mode  |            test |                  t/s |
| qwen4exp A3B IQ3_XXS - 3.0625 bpw |  76.32 GiB |   176.94 B | SYCL       |  99 |         24 |   q4_0 |   q4_0 |   1 | off        |          pp4096 |        258.64 ± 0.00 |
| qwen4exp A3B IQ3_XXS - 3.0625 bpw |  76.32 GiB |   176.94 B | SYCL       |  99 |         24 |   q4_0 |   q4_0 |   1 | off        |            tg16 |         24.52 ± 0.00 |
### B prefill ubatches rc=0 21:46:53
### B2 prefill ub 2048 21:46:53
| model                          |       size |     params | backend    | ngl |  n_cpu_moe | n_ubatch | type_k | type_v |  fa | lazy_mode  |            test |                  t/s |
| qwen4exp A3B IQ3_XXS - 3.0625 bpw |  76.32 GiB |   176.94 B | SYCL       |  99 |         24 |     2048 |   q4_0 |   q4_0 |   1 | off        |          pp8192 |        127.02 ± 0.00 |
| qwen4exp A3B IQ3_XXS - 3.0625 bpw |  76.32 GiB |   176.94 B | SYCL       |  99 |         24 |     2048 |   q4_0 |   q4_0 |   1 | off        |            tg16 |         17.22 ± 0.00 |
### B2 prefill ub 2048 rc=0 21:50:01
### C decode at depth 21:50:01
| model                          |       size |     params | backend    | ngl |  n_cpu_moe | type_k | type_v |  fa | lazy_mode  |            test |                  t/s |
| qwen4exp A3B IQ3_XXS - 3.0625 bpw |  76.32 GiB |   176.94 B | SYCL       |  99 |         24 |   q4_0 |   q4_0 |   1 | off        |    tg32 @ d8191 |         22.93 ± 0.00 |
| qwen4exp A3B IQ3_XXS - 3.0625 bpw |  76.32 GiB |   176.94 B | SYCL       |  99 |         24 |   q4_0 |   q4_0 |   1 | off        |   tg32 @ d16384 |          8.69 ± 0.00 |
### C decode at depth rc=0 22:03:54
### D per-cell selection 22:03:54
| model                          |       size |     params | backend    | ngl |  n_cpu_moe | type_k | type_v |  fa | lazy_mode  |            test |                  t/s |
| qwen4exp A3B IQ3_XXS - 3.0625 bpw |  76.32 GiB |   176.94 B | SYCL       |  99 |         24 |   q4_0 |   q4_0 |   1 | off        |    tg32 @ d8192 |         25.67 ± 0.00 |
### D per-cell selection rc=0 22:09:32
### E perplexity 3 chunks 22:09:32
[1]3.5050,[2]1.8961,[3]1.5432,
4.43.215.831 I Final estimate: PPL = 1.5432 +/- 0.03041
### E perplexity 3 chunks rc=0 22:14:17
### done 22:14:17
