load_backend: loaded SYCL backend from /devbin/libggml-sycl.so
load_backend: loaded CPU backend from /devbin/libggml-cpu-zen4.so
Build with Macros:
  GGML_SYCL_DNNL: yes
  GGML_SYCL_F16: yes
  GGML_SYCL_FORCE_MMQ: no
  GGML_SYCL_GRAPH: yes
  GGML_SYCL_SUPPORT_LEVEL_ZERO_API: yes
  GGML_SYCL_SUPPORT_VMM: yes
Running with Environment Variables:
  GGML_SYCL_DEBUG: 0
  GGML_SYCL_DEV2DEV_MEMCPY: 0 (SYCL API)
  GGML_SYCL_GET_MEM_API: 0 (Level Zero API)
  GGML_SYCL_ENABLE_DNN: 1
  GGML_SYCL_FA_ONEDNN: 1
  GGML_SYCL_FA_ONEDNN_MAX_KV: 0
  GGML_SYCL_FA_ONEDNN_MIN_Q: 32
  GGML_SYCL_ENABLE_MKL_FA: 1
  GGML_SYCL_MEMTRACE: 0
  GGML_SYCL_MEMTRACE_STEP: 64
  GGML_SYCL_ENABLE_FLASH_ATTN: 1
  GGML_SYCL_ENABLE_GRAPH: 0
  GGML_SYCL_ENABLE_OPT: 1
  GGML_SYCL_ENABLE_VMM: 1
  GGML_SYCL_ENABLE_FUSION: 1
  GGML_SYCL_ENABLE_ESIMD: 1
  GGML_SYCL_PRIORITIZE_DMMV: 0
  GGML_SYCL_USE_ASYNC_MEM_OP: 1
  GGML_SYCL_USE_LEVEL_ZERO_API: 1
  GGML_SYCL_USM_SYSTEM: 0
  GGML_SYCL_ENABLE_HOST_PINNED_MEM: 1
  GGML_SYCL_HOST_PINNED_MEM_2G: 0
Found 1 SYCL devices:
|  |                   |                                       |       |Max    |        |Max  |Global |                     |
|  |                   |                                       |       |compute|Max work|sub  |mem    |                     |
|ID|        Device Type|                                   Name|Version|units  |group   |group|size   |       Driver version|
|--|-------------------|---------------------------------------|-------|-------|--------|-----|-------|---------------------|
| 0| [level_zero:gpu:0]|             Intel Arc Pro B70 Graphics|   20.2|    256|    1024|   32| 34242M|         1.15.38308+1|
SYCL Optimization Feature:
|ID|        Device Type|Reorder|
|--|-------------------|-------|
| 0| [level_zero:gpu:0]|      Y|
Testing 2 devices

Backend 1/2: SYCL0
  Device description: Intel(R) Arc(TM) Pro B70 Graphics
  Device memory: 32656 MB (32580 MB free)

  QSA_INDEXER(type_k=q4_0,n_kv=8192,idx_dim=128,r=4,n_tps=1,width=2051):                6361 runs -   157.23 us/run - 67108864 kB/run - [1;34m407334.98 GB/s[0m
  QSA_INDEXER(type_k=f16,n_kv=8192,idx_dim=128,r=4,n_tps=1,width=2051):                 6067 runs -   164.85 us/run - 67108864 kB/run - [1;34m388508.27 GB/s[0m
  QSA_INDEXER(type_k=q4_0,n_kv=16384,idx_dim=128,r=4,n_tps=1,width=2051):               4108 runs -   243.43 us/run - 67108864 kB/run - [1;34m263264.38 GB/s[0m
  QSA_INDEXER(type_k=f16,n_kv=16384,idx_dim=128,r=4,n_tps=1,width=2051):                3746 runs -   266.97 us/run - 67108864 kB/run - [1;34m240060.24 GB/s[0m
  QSA_INDEXER(type_k=q4_0,n_kv=32768,idx_dim=128,r=4,n_tps=1,width=2051):               2338 runs -   427.79 us/run - 67108864 kB/run - [1;34m150005.42 GB/s[0m
  QSA_INDEXER(type_k=f16,n_kv=32768,idx_dim=128,r=4,n_tps=1,width=2051):                2098 runs -   476.75 us/run - 67108864 kB/run - [1;34m134613.62 GB/s[0m
  QSA_INDEXER(type_k=q4_0,n_kv=65536,idx_dim=128,r=4,n_tps=1,width=2051):               1213 runs -   824.42 us/run - 67108864 kB/run - [1;34m78042.79 GB/s[0m
  QSA_INDEXER(type_k=f16,n_kv=65536,idx_dim=128,r=4,n_tps=1,width=2051):                1084 runs -   923.17 us/run - 67108864 kB/run - [1;34m69706.76 GB/s[0m
  QSA_INDEXER(type_k=q4_0,n_kv=118016,idx_dim=128,r=4,n_tps=1,width=2051):               657 runs -  1524.24 us/run - 67108864 kB/run - [1;34m42388.37 GB/s[0m
  QSA_INDEXER(type_k=f16,n_kv=118016,idx_dim=128,r=4,n_tps=1,width=2051):                585 runs -  1711.11 us/run - 67108864 kB/run - [1;34m37770.95 GB/s[0m
  Backend SYCL0: [1;32mOK[0m
Backend 2/2: CPU
  Skipping
2/2 backends passed
[1;32mOK[0m
