# ts pid rss_gib state majflt/s minflt/s utime%cpu stime%cpu bcache0_util md0_util idle%
18:14:21 - - - - - - - 72.30 65.10 89.9
18:14:27 - - - - - - - 71.20 63.50 90.7
18:14:33 3999172 0.36 D - - - - 75.50 68.10 83.0
18:14:39 3999172 0.51 R 4.3 5404 5 47 99.10 98.80 86.0
18:14:46 3999172 0.51 D 0.0 4 1 14 99.90 99.60 87.0
18:14:52 3999172 0.51 D 0.0 3 1 9 99.90 99.80 87.5
18:14:58 3999172 0.51 D 0.0 1 1 7 100.10 54.00 81.2
18:15:04 3999172 0.51 D 0.0 2 1 7 100.10 100.10 87.4
18:15:11 3999172 0.51 D 0.0 1 1 5 99.80 99.80 88.4
18:15:17 3999172 0.51 D 0.0 1 1 6 100.10 100.10 87.0
18:15:23 3999172 0.51 R 0.0 1 4 7 76.40 69.40 84.1
18:15:29 3999172 0.51 R 0.0 0 97 3 71.20 64.70 72.6
18:15:36 3999172 0.51 D 0.0 1 40 5 100.00 100.00 87.5
18:15:42 3999172 0.51 D 0.0 1 1 6 100.00 100.00 87.5
18:15:48 3999172 0.51 D 0.0 1 1 4 99.80 99.80 87.2
18:15:54 3999172 0.51 D 0.2 431 1 4 99.90 99.20 87.0
18:16:01 3999172 0.51 D 0.0 7625 0 9 99.90 99.90 81.6
18:16:07 3999172 0.51 D 0.0 7891 0 9 100.10 100.10 85.5
18:16:13 3999172 0.50 D 0.0 7029 0 8 100.10 100.10 87.9
18:16:19 3999172 0.50 D 0.0 8941 0 10 99.90 99.90 66.8
18:16:26 3999172 0.50 R 0.0 9056 0 10 100.00 100.00 88.0
18:16:32 3999172 0.50 D 0.0 8563 0 10 100.10 100.00 86.9
18:16:38 3999172 0.50 D 0.0 5932 0 8 100.00 100.00 87.9
18:16:44 3999172 0.50 D 0.0 4750 0 6 98.20 98.40 88.2
18:16:51 3999172 0.86 R 16.0 15275 80 2 70.00 63.30 87.5
18:16:57 3999172 0.88 R 10.9 787 154 1 79.90 76.90 84.9
18:17:03 3999172 0.94 R 9.4 170 92 0 79.60 72.50 87.3
18:17:09 3999172 0.96 R 0.0 2130 100 0 77.40 76.20 85.3
18:17:16 3999172 1.04 R 0.0 3210 100 0 72.60 66.80 87.3
18:17:22 3999172 1.08 R 0.0 1664 100 0 71.40 63.00 87.9
18:17:28 3999172 0.96 D 592.5 2440 144 2 99.70 65.20 87.3
18:17:34 3999172 1.06 D 4043.5 39 1 1 99.70 68.70 88.4
18:17:41 3999172 1.22 R 775.2 5466 333 22 89.80 69.30 86.1
18:17:47 3999172 1.32 D 4292.1 2852 136 5 99.40 73.50 87.8
18:17:53 3999172 1.39 D 2159.7 829 34 15 99.40 71.20 88.1
18:17:59 3999172 1.49 R 4185.4 32 18 5 76.90 74.40 87.3
18:18:06 3999172 1.59 D 3973.2 18 18 11 99.40 63.60 88.2
18:18:12 3999172 1.65 D 2715.6 177 35 16 98.90 64.00 88.4
18:18:18 3999172 1.74 R 3823.5 1342 24 7 69.80 62.80 87.8
18:18:24 3999172 1.85 D 4242.8 21 14 11 98.90 58.30 86.4
18:18:31 3999172 1.92 D 2971.6 1650 37 16 99.90 99.80 88.5
18:18:37 3999172 1.92 D 80.6 0 0 0 100.00 99.80 88.2
18:18:43 3999172 1.92 D 88.7 1 0 0 100.10 100.10 87.6
18:18:49 3999172 1.92 D 90.3 1 0 0 100.00 99.90 86.3
18:18:56 3999172 1.93 D 320.9 3 0 0 100.00 99.70 88.2
18:19:02 3999172 1.93 D 102.5 1 0 0 99.70 99.00 87.9
18:19:08 3999172 1.93 D 104.4 1 0 0 100.00 99.60 88.2
18:19:14 3999172 1.94 D 81.1 1 0 0 100.00 99.70 86.6
18:19:21 3999172 1.94 D 89.0 1 0 0 99.90 99.70 87.6
18:19:27 3999172 1.94 D 98.6 1 0 0 99.90 99.90 87.6
18:19:33 3999172 1.94 D 97.0 1 0 0 100.00 99.80 81.0
18:19:39 3999172 1.95 D 95.5 1 0 0 100.00 99.90 86.2
18:19:46 3999172 1.95 D 92.4 1 0 0 100.00 99.90 88.4
18:19:52 3999172 1.95 D 100.9 1 0 0 100.00 100.00 88.1
18:19:58 3999172 1.95 D 97.0 1 0 0 100.00 99.60 88.4
18:20:04 3999172 1.96 D 95.3 1 0 0 99.80 99.30 87.8
18:20:11 3999172 1.96 D 107.7 1 0 0 99.90 99.60 87.8
18:20:17 3999172 1.96 D 104.2 1 0 0 100.00 99.80 88.7
18:20:23 3999172 1.96 D 92.3 1 0 0 100.00 99.80 88.2
18:20:29 3999172 1.97 D 87.3 1 0 0 100.00 99.60 87.1
18:20:36 3999172 1.97 D 100.2 1 0 0 100.10 99.70 88.1
18:20:42 3999172 1.97 D 95.9 1 0 0 100.00 99.80 87.6
18:20:48 3999172 1.97 D 72.0 1 0 0 100.00 98.20 88.4
18:20:54 3999172 1.97 D 75.4 1 0 0 100.00 95.60 84.4
18:21:01 3999172 1.98 D 83.7 1 0 0 100.00 98.20 88.1
18:21:07 3999172 1.98 D 84.0 1 0 0 100.10 96.50 88.2
18:21:13 3999172 1.98 D 81.6 1 0 0 100.10 95.50 87.6
18:21:19 3999172 1.98 D 90.9 1 0 0 99.80 94.00 86.6
18:21:26 3999172 1.98 D 78.1 1 0 0 100.00 96.30 84.7
18:21:32 3999172 1.98 D 77.8 1 0 0 100.00 95.30 88.4
18:21:38 3999172 1.99 D 78.4 1 0 0 100.00 96.00 87.2
18:21:44 3999172 1.99 D 91.1 1 0 0 100.00 98.90 87.5
18:21:51 3999172 1.99 D 84.2 1 0 0 99.90 99.80 88.4
18:21:57 3999172 1.99 R 72.3 1967 6 2 86.00 41.80 88.1
18:22:03 3999172 1.99 D 48.3 0 29 15 99.90 99.30 87.2
18:22:09 3999172 2.00 D 85.3 0 0 0 99.90 99.90 84.3
18:22:16 3999172 2.00 D 87.4 0 0 0 100.00 100.00 88.1
18:22:22 3999172 2.00 D 81.5 0 0 0 100.00 99.00 87.9
18:22:28 3999172 2.00 D 84.0 0 0 0 100.10 99.90 87.3
18:22:34 3999172 2.00 D 79.4 0 0 0 100.10 100.00 83.7
18:22:41 3999172 2.01 D 74.1 0 0 0 99.80 99.60 73.5
18:22:47 3999172 2.01 D 79.9 0 0 0 100.10 99.90 87.9
18:22:53 3999172 2.01 D 83.7 0 0 0 100.10 100.00 84.1
18:22:59 3999172 2.01 D 83.1 0 0 0 100.00 99.90 85.2
18:23:06 3999172 2.01 D 84.8 0 0 0 100.00 99.90 83.0
18:23:12 3999172 2.01 D 87.8 0 0 0 100.00 99.80 87.6
18:23:18 3999172 2.02 D 84.2 0 0 0 99.90 99.90 87.4
18:23:24 3999172 2.02 D 80.4 0 0 0 99.90 99.80 86.9
18:23:30 3999172 2.02 D 84.1 0 0 0 100.00 99.60 87.1
18:23:37 3999172 2.02 D 90.6 0 0 0 100.10 99.30 88.3
18:23:43 3999172 2.02 D 88.7 0 0 0 100.10 99.90 87.2
18:23:49 3999172 2.03 D 242.1 0 0 0 100.10 100.00 86.1
18:23:55 3999172 2.03 D 83.4 0 0 0 100.10 99.60 81.5
18:24:02 3999172 2.03 D 85.5 0 0 0 100.00 97.20 88.2
18:24:08 3999172 2.04 D 89.1 0 0 0 99.90 98.30 87.5
18:24:14 3999172 2.04 D 96.5 0 0 0 100.10 98.40 86.9
18:24:20 3999172 2.04 D 85.6 0 0 0 100.00 99.30 83.5
18:24:27 - - - - - - - 75.60 67.40 81.0
18:24:33 - - - - - - - 74.90 64.70 89.6
18:24:39 - - - - - - - 73.50 50.20 87.8
18:24:45 - - - - - - - 78.40 46.20 89.6
18:24:52 - - - - - - - 75.30 56.80 90.7
18:24:58 - - - - - - - 79.20 64.80 90.8
18:25:04 - - - - - - - 78.10 67.30 89.9
18:25:10 - - - - - - - 79.90 69.80 89.3
18:25:17 - - - - - - - 74.40 58.60 87.8
18:25:23 - - - - - - - 79.00 64.90 89.6
18:25:29 - - - - - - - 79.70 68.10 90.2
18:25:35 4033898 0.52 R - - - - 73.30 58.10 68.1
18:25:42 4033898 0.27 D 7.0 33 0 70 100.10 100.10 84.0
18:25:48 4033898 0.27 D 0.0 9 1 4 100.00 99.90 86.2
18:25:54 4033898 0.27 D 0.0 7 1 4 100.00 97.80 87.4
18:26:00 4033898 0.27 D 0.0 6 1 5 100.10 99.60 70.7
18:26:07 4033898 0.27 R 0.0 6 1 4 100.10 99.60 86.9
18:26:13 4033898 0.27 D 0.0 1 1 4 100.00 100.00 82.0
18:26:19 4033898 0.27 D 0.0 1 1 4 100.00 99.90 87.6
18:26:25 4033898 0.27 D 0.0 1 1 5 100.00 99.70 86.7
18:26:32 4033898 0.27 D 0.0 1 1 5 100.00 99.10 88.4
18:26:38 4033898 0.27 D 0.2 1 1 5 99.80 98.50 84.4
18:26:44 4033898 0.27 D 0.0 0 1 5 100.00 99.80 87.5
18:26:50 4033898 0.27 D 0.0 0 1 5 99.90 99.30 67.8
18:26:57 4033898 0.27 D 0.0 0 1 4 100.00 98.40 88.2
18:27:03 4033898 0.27 D 0.0 0 1 3 99.70 97.60 85.0
18:27:09 4033898 0.27 D 0.0 2205 1 5 100.00 100.00 87.5
18:27:15 4033898 0.27 D 0.0 6888 0 9 100.10 100.10 88.4
18:27:22 4033898 0.27 D 0.0 4891 0 6 100.10 100.10 86.7
18:27:28 4033898 0.27 D 0.0 5311 0 7 100.00 100.10 80.1
18:27:34 4033898 0.27 D 0.0 4838 0 6 100.10 100.00 87.5
18:27:40 4033898 0.27 D 0.0 5304 0 7 100.10 100.10 87.4
18:27:47 4033898 0.27 D 0.0 3990 0 5 100.00 100.00 84.7
18:27:53 4033898 0.27 D 0.0 4425 0 6 100.00 100.00 87.2
18:27:59 4033898 0.27 D 0.0 4282 0 6 100.00 100.00 88.0
18:28:05 4033898 0.27 D 0.0 4247 0 5 100.10 100.10 87.4
18:28:12 4033898 0.27 D 0.0 4545 0 6 100.00 100.10 84.8
18:28:18 4033898 0.27 D 0.0 4851 0 6 100.00 100.00 88.2
18:28:24 4033898 0.27 D 0.0 5094 0 6 100.10 99.40 87.7
18:28:30 4033898 0.27 D 0.0 5275 0 7 100.00 100.00 86.7
18:28:37 4033898 0.27 D 0.0 4569 0 6 100.10 100.00 87.2
18:28:43 4033898 0.27 R 0.0 5298 0 6 100.10 100.10 87.6
18:28:49 4033898 0.27 D 0.0 5127 0 6 100.10 99.60 87.9
18:28:55 4033898 0.27 D 0.0 5859 0 8 100.00 100.00 83.3
18:29:02 4033898 0.27 D 0.0 5209 0 7 100.10 100.10 84.7
18:29:08 4033898 0.27 D 0.0 5807 0 8 99.80 96.60 85.9
18:29:14 4033898 0.27 R 0.0 7552 0 10 99.90 99.40 87.6
18:29:20 4033898 0.27 D 0.0 7452 0 10 100.10 98.90 86.7
18:29:27 4033898 0.27 D 0.0 6129 0 8 100.10 100.10 83.6
18:29:33 4033898 0.27 D 0.0 5416 0 7 100.10 99.30 88.2
18:29:39 4033898 0.27 D 0.0 5467 0 7 100.00 100.00 86.7
18:29:45 4033898 0.71 R 33.6 15884 47 4 68.80 66.20 87.4
18:29:52 4033898 0.74 D 13.8 941 148 1 69.10 61.50 88.1
18:29:58 4033898 0.75 R 3.2 34 98 0 71.60 66.20 87.3
18:30:04 4033898 0.78 R 0.0 1515 100 0 73.00 61.10 88.3
18:30:10 4033898 0.82 R 0.0 2507 100 0 72.00 66.00 86.1
18:30:17 4033898 0.86 R 0.0 1982 100 0 70.10 63.90 87.4
18:30:23 4033898 0.86 S 2.9 2393 216 4 76.60 72.60 87.7
18:30:29 4033898 1.00 R 1.8 5632 66 25 68.70 62.30 88.4
18:30:35 4033898 1.00 R 0.0 32 72 28 72.10 70.00 87.6
18:30:42 4033898 1.00 R 0.0 63 66 34 72.10 66.60 86.7
18:30:48 4033898 1.00 R 0.0 32 71 30 73.90 69.10 87.9
18:30:54 4033898 1.00 R 0.0 63 66 34 72.60 64.30 87.9
18:31:00 4033898 1.00 R 0.0 31 71 29 68.70 62.20 87.2
18:31:07 4033898 1.00 R 0.0 67 65 36 73.40 67.90 84.4
18:31:13 4033898 1.00 R 0.0 31 72 28 68.70 60.20 86.4
18:31:19 4033898 1.00 R 0.0 31 67 33 70.40 65.80 84.6
18:31:25 4033898 1.00 R 0.0 5017 69 31 73.50 64.90 85.0
18:31:32 4033898 1.00 R 0.0 5316 71 30 74.70 65.30 87.5
18:31:38 4033898 1.00 R 0.0 5644 63 37 67.60 61.20 84.8
18:31:44 4033898 1.00 R 0.0 12266 71 29 69.80 64.40 87.2
18:31:50 4033898 1.00 R 0.0 6624 70 30 69.90 62.50 86.0
18:31:57 4033898 1.00 R 0.0 6953 64 37 74.60 69.90 88.2
18:32:03 4033898 1.00 R 0.0 14887 71 29 75.90 74.90 87.6
18:32:09 4033898 1.00 R 0.0 7941 71 29 74.40 68.70 87.9
18:32:15 4033898 1.00 R 0.0 8261 65 35 69.10 60.40 82.9
18:32:22 4033898 1.00 R 0.0 17484 68 32 68.70 57.00 87.4
18:32:28 4033898 1.00 R 0.0 9244 71 29 64.40 56.50 86.7
18:32:34 4033898 1.00 R 0.0 9575 71 29 69.90 61.10 87.8
18:32:40 4033898 1.00 R 0.0 14835 66 34 71.30 62.30 87.3
18:32:47 4033898 1.00 R 0.0 15324 65 35 73.40 65.60 84.1
18:32:53 4033898 1.00 R 0.0 32139 70 30 71.40 60.00 82.9
18:32:59 4033898 1.00 R 0.0 16802 70 30 68.20 57.90 68.8
18:33:05 4033898 1.00 R 0.0 17299 70 30 69.90 61.00 87.3
18:33:12 4033898 1.00 R 0.0 17784 65 35 70.60 60.70 86.7
18:33:18 4033898 1.00 R 0.0 18279 67 33 75.50 68.00 83.6
18:33:24 4033898 1.00 R 0.0 18739 66 34 70.10 61.70 88.5
18:33:30 4033898 1.00 R 0.0 39008 70 31 69.70 63.30 84.8
18:33:37 4033898 1.00 R 0.0 20242 69 32 69.10 62.40 87.2
18:33:43 4033898 1.00 R 0.0 20741 70 30 80.80 75.20 87.5
18:33:49 4033898 1.00 R 0.0 21236 69 31 73.50 66.50 87.0
18:33:55 4033898 1.00 R 0.0 21726 67 33 73.40 68.90 85.5
18:34:02 4033898 1.00 R 0.0 22217 66 34 69.40 62.90 86.7
18:34:08 4033898 1.00 R 0.0 22705 66 34 71.20 64.30 87.6
18:34:14 4033898 1.00 R 0.0 23174 66 34 68.00 60.40 88.0
18:34:20 4033898 1.00 R 0.0 23717 69 31 70.50 63.20 87.8
18:34:27 4033898 1.00 R 0.0 48804 68 32 70.50 63.90 86.7
18:34:33 4033898 1.00 R 0.0 25168 69 31 69.40 63.00 87.6
18:34:39 4033898 1.00 R 0.0 25652 68 32 73.90 66.80 87.1
18:34:45 4033898 1.35 R 0.0 23303 68 32 70.80 63.90 87.5
18:34:52 4033898 0.99 R 0.0 2862 69 31 76.80 72.20 86.1
18:34:58 4033898 0.99 R 0.0 26611 67 33 70.60 64.90 85.8
18:35:04 4033898 0.99 R 0.0 27139 71 29 76.10 73.10 87.5
18:35:10 4033898 0.99 R 0.0 20769 68 32 67.80 60.10 86.9
18:35:17 4033898 1.01 R 0.0 28757 72 28 70.00 62.10 87.2
18:35:23 4033898 1.12 R 6.6 4619 1112 43 66.50 56.60 39.6
18:35:29 4033898 1.12 R 0.0 0 1560 41 68.40 64.70 38.7
18:35:35 4033898 1.12 R 0.0 0 1560 40 70.70 64.50 38.7
18:35:42 4033898 1.12 R 0.0 0 1561 39 71.00 66.40 37.9
18:35:48 4033898 1.12 R 0.0 0 1560 40 68.40 68.20 37.8
18:35:54 4033898 1.12 R 0.0 0 1561 39 69.20 60.10 89.9
18:36:01 4033898 1.12 S 0.0 2 66 2 70.50 63.30 70.8
18:36:07 4033898 1.12 S 0.0 0 0 0 75.60 72.80 89.1
18:36:13 4033898 1.12 S 0.0 0 0 0 78.60 73.40 90.4
18:36:19 4033898 1.12 S 0.0 0 0 0 68.80 59.00 89.1
18:36:26 4033898 1.12 S 0.0 0 0 0 71.80 65.10 90.8
18:36:32 4033898 1.12 S 0.0 0 0 0 69.20 63.10 90.4
18:36:38 4033898 1.12 S 0.0 0 0 0 71.10 65.60 90.1
18:36:44 4033898 1.12 S 0.0 0 0 0 70.60 67.40 89.7
18:36:50 4033898 1.12 S 0.0 0 0 0 67.30 57.50 90.8
18:36:57 4033898 1.12 S 0.0 0 0 0 69.60 62.70 90.1
18:37:03 4033898 1.12 S 0.0 0 0 0 73.60 66.70 90.1
18:37:09 4033898 1.12 S 0.0 0 0 0 72.90 72.70 90.2
18:37:15 4033898 1.12 S 0.0 0 0 0 69.10 61.80 90.5
18:37:22 4033898 1.12 S 0.0 0 0 0 71.00 62.70 90.4
18:37:28 4033898 1.12 S 0.0 0 0 0 75.30 49.70 86.7
18:37:34 4033898 1.12 S 0.0 0 0 0 68.80 62.60 89.2
18:37:40 4033898 1.12 S 0.0 0 0 0 71.80 63.10 86.5
18:37:47 4033898 1.12 S 0.0 0 0 0 70.90 62.60 90.5
18:37:53 4033898 1.12 S 0.0 0 0 0 81.20 43.70 90.7
18:37:59 4033898 1.12 S 0.0 0 0 0 69.80 62.40 89.8
18:38:05 4033898 1.12 S 0.0 0 0 0 70.10 63.60 90.2
18:38:12 4033898 1.12 S 0.0 0 0 0 77.30 72.60 88.4
18:38:18 4033898 1.12 S 0.0 0 0 0 70.00 62.50 89.4
18:38:24 4033898 1.12 S 0.0 0 0 0 71.90 64.10 90.3
