load_backend: loaded SYCL backend from /devbin/libggml-sycl.so
load_backend: loaded CPU backend from /devbin/libggml-cpu-zen4.so
Build with Macros:
  GGML_SYCL_DNNL: yes
  GGML_SYCL_F16: yes
  GGML_SYCL_FORCE_MMQ: no
  GGML_SYCL_GRAPH: yes
  GGML_SYCL_SUPPORT_LEVEL_ZERO_API: yes
  GGML_SYCL_SUPPORT_VMM: yes
Running with Environment Variables:
  GGML_SYCL_DEBUG: 0
  GGML_SYCL_DEV2DEV_MEMCPY: 0 (SYCL API)
  GGML_SYCL_GET_MEM_API: 0 (Level Zero API)
  GGML_SYCL_ENABLE_DNN: 1
  GGML_SYCL_FA_ONEDNN: 1
  GGML_SYCL_FA_ONEDNN_MAX_KV: 0
  GGML_SYCL_FA_ONEDNN_MIN_Q: 32
  GGML_SYCL_ENABLE_MKL_FA: 1
  GGML_SYCL_MEMTRACE: 0
  GGML_SYCL_MEMTRACE_STEP: 64
  GGML_SYCL_ENABLE_FLASH_ATTN: 1
  GGML_SYCL_ENABLE_GRAPH: 0
  GGML_SYCL_ENABLE_OPT: 1
  GGML_SYCL_ENABLE_VMM: 1
  GGML_SYCL_ENABLE_FUSION: 1
  GGML_SYCL_ENABLE_ESIMD: 1
  GGML_SYCL_PRIORITIZE_DMMV: 0
  GGML_SYCL_USE_ASYNC_MEM_OP: 1
  GGML_SYCL_USE_LEVEL_ZERO_API: 1
  GGML_SYCL_USM_SYSTEM: 0
  GGML_SYCL_ENABLE_HOST_PINNED_MEM: 1
  GGML_SYCL_HOST_PINNED_MEM_2G: 0
Found 1 SYCL devices:
|  |                   |                                       |       |Max    |        |Max  |Global |                     |
|  |                   |                                       |       |compute|Max work|sub  |mem    |                     |
|ID|        Device Type|                                   Name|Version|units  |group   |group|size   |       Driver version|
|--|-------------------|---------------------------------------|-------|-------|--------|-----|-------|---------------------|
| 0| [level_zero:gpu:0]|             Intel Arc Pro B70 Graphics|   20.2|    256|    1024|   32| 34242M|         1.15.38308+1|
SYCL Optimization Feature:
|ID|        Device Type|Reorder|
|--|-------------------|-------|
| 0| [level_zero:gpu:0]|      Y|
Testing 2 devices

Backend 1/2: SYCL0
  Device description: Intel(R) Arc(TM) Pro B70 Graphics
  Device memory: 32656 MB (32580 MB free)

  FLASH_ATTN_EXT(hsk=72,hsv=72,nh=16,nr23=[1,1],kv=5776,nb=5776,mask=0,sinks=0,max_bias=0.000000,logit_softcap=0.000000,prec=f32,type_K=f16,type_V=f16,permute=[0,1,2,3],kv_view=1,v_is_view_of_k=0,n_kv_max=0):                  21 runs - 49501.76 us/run - 153.73 GFLOP/run - [1;34m  3.11 TFLOPS[0m
  FLASH_ATTN_EXT(hsk=64,hsv=64,nh=8,nr23=[8,1],kv=7680,nb=1,mask=1,sinks=0,max_bias=0.000000,logit_softcap=0.000000,prec=f32,type_K=f16,type_V=f16,permute=[0,1,2,3],kv_view=1,v_is_view_of_k=0,n_kv_max=0):                   21465 runs -    46.70 us/run - 125.83 MFLOP/run - [1;34m  2.69 TFLOPS[0m
  FLASH_ATTN_EXT(hsk=64,hsv=64,nh=8,nr23=[8,1],kv=7680,nb=4,mask=1,sinks=0,max_bias=0.000000,logit_softcap=0.000000,prec=f32,type_K=f16,type_V=f16,permute=[0,1,2,3],kv_view=1,v_is_view_of_k=0,n_kv_max=0):                    6368 runs -   161.36 us/run - 503.32 MFLOP/run - [1;34m  3.12 TFLOPS[0m
  FLASH_ATTN_EXT(hsk=64,hsv=64,nh=8,nr23=[8,1],kv=7680,nb=1,mask=1,sinks=0,max_bias=0.000000,logit_softcap=0.000000,prec=f32,type_K=q4_0,type_V=q4_0,permute=[0,1,2,3],kv_view=1,v_is_view_of_k=0,n_kv_max=0):                  7155 runs -   156.74 us/run - 125.83 MFLOP/run - [1;34m802.81 GFLOPS[0m
  FLASH_ATTN_EXT(hsk=64,hsv=64,nh=8,nr23=[8,1],kv=7680,nb=512,mask=1,sinks=0,max_bias=0.000000,logit_softcap=0.000000,prec=f32,type_K=q4_0,type_V=q4_0,permute=[0,1,2,3],kv_view=1,v_is_view_of_k=0,n_kv_max=0):                 556 runs -  1800.83 us/run -  64.42 GFLOP/run - [1;34m 35.77 TFLOPS[0m
  FLASH_ATTN_EXT(hsk=64,hsv=64,nh=8,nr23=[8,1],kv=7680,nb=1,mask=1,sinks=0,max_bias=0.000000,logit_softcap=0.000000,prec=f32,type_K=q8_0,type_V=q8_0,permute=[0,1,2,3],kv_view=1,v_is_view_of_k=0,n_kv_max=0):                  7155 runs -   151.45 us/run - 125.83 MFLOP/run - [1;34m830.82 GFLOPS[0m
  FLASH_ATTN_EXT(hsk=64,hsv=64,nh=8,nr23=[8,1],kv=7680,nb=512,mask=1,sinks=0,max_bias=0.000000,logit_softcap=0.000000,prec=f32,type_K=q8_0,type_V=q8_0,permute=[0,1,2,3],kv_view=1,v_is_view_of_k=0,n_kv_max=0):                 564 runs -  1776.24 us/run -  64.42 GFLOP/run - [1;34m 36.27 TFLOPS[0m
  FLASH_ATTN_EXT(hsk=512,hsv=512,nh=1,nr23=[8,1],kv=49152,nb=1,mask=1,sinks=0,max_bias=0.000000,logit_softcap=0.000000,prec=f32,type_K=f16,type_V=f16,permute=[0,1,2,3],kv_view=1,v_is_view_of_k=0,n_kv_max=0):                 1000 runs -  1115.00 us/run - 805.31 MFLOP/run - [1;34m722.25 GFLOPS[0m
  FLASH_ATTN_EXT(hsk=512,hsv=512,nh=1,nr23=[8,1],kv=49152,nb=1,mask=1,sinks=0,max_bias=0.000000,logit_softcap=0.000000,prec=f32,type_K=f16,type_V=f16,permute=[0,1,2,3],kv_view=1,v_is_view_of_k=0,n_kv_max=2048):             11125 runs -    90.37 us/run - 805.31 MFLOP/run - [1;34m  8.91 TFLOPS[0m
  FLASH_ATTN_EXT(hsk=576,hsv=512,nh=1,nr23=[16,1],kv=49152,nb=1,mask=1,sinks=0,max_bias=0.000000,logit_softcap=0.000000,prec=f32,type_K=f16,type_V=f16,permute=[0,1,2,3],kv_view=1,v_is_view_of_k=1,n_kv_max=0):                1062 runs -   982.26 us/run -   1.71 GFLOP/run - [1;34m  1.74 TFLOPS[0m
  FLASH_ATTN_EXT(hsk=576,hsv=512,nh=1,nr23=[16,1],kv=49152,nb=1,mask=1,sinks=0,max_bias=0.000000,logit_softcap=0.000000,prec=f32,type_K=f16,type_V=f16,permute=[0,1,2,3],kv_view=1,v_is_view_of_k=1,n_kv_max=2048):                     8791 runs -   113.99 us/run -   1.71 GFLOP/run - [1;34m 15.01 TFLOPS[0m
  FLASH_ATTN_EXT(hsk=256,hsv=256,nh=2,nr23=[16,1],kv=128,nb=1,mask=1,sinks=0,max_bias=0.000000,logit_softcap=0.000000,prec=f32,type_K=q8_0,type_V=q8_0,permute=[0,1,2,3],kv_view=1,v_is_view_of_k=0,n_kv_max=0):               32760 runs -    32.58 us/run -   4.19 MFLOP/run - [1;34m128.73 GFLOPS[0m
  FLASH_ATTN_EXT(hsk=256,hsv=256,nh=2,nr23=[16,1],kv=512,nb=1,mask=1,sinks=0,max_bias=0.000000,logit_softcap=0.000000,prec=f32,type_K=q8_0,type_V=q8_0,permute=[0,1,2,3],kv_view=1,v_is_view_of_k=0,n_kv_max=0):               41727 runs -    24.04 us/run -  16.78 MFLOP/run - [1;34m697.87 GFLOPS[0m
  FLASH_ATTN_EXT(hsk=256,hsv=256,nh=2,nr23=[16,1],kv=1024,nb=1,mask=1,sinks=0,max_bias=0.000000,logit_softcap=0.000000,prec=f32,type_K=q8_0,type_V=q8_0,permute=[0,1,2,3],kv_view=1,v_is_view_of_k=0,n_kv_max=0):              35772 runs -    28.86 us/run -  33.55 MFLOP/run - [1;34m  1.16 TFLOPS[0m
  FLASH_ATTN_EXT(hsk=256,hsv=256,nh=2,nr23=[16,1],kv=2048,nb=1,mask=1,sinks=0,max_bias=0.000000,logit_softcap=0.000000,prec=f32,type_K=q8_0,type_V=q8_0,permute=[0,1,2,3],kv_view=1,v_is_view_of_k=0,n_kv_max=0):              20874 runs -    50.19 us/run -  67.11 MFLOP/run - [1;34m  1.34 TFLOPS[0m
  FLASH_ATTN_EXT(hsk=256,hsv=256,nh=2,nr23=[16,1],kv=4096,nb=1,mask=1,sinks=0,max_bias=0.000000,logit_softcap=0.000000,prec=f32,type_K=q8_0,type_V=q8_0,permute=[0,1,2,3],kv_view=1,v_is_view_of_k=0,n_kv_max=0):              11190 runs -    92.30 us/run - 134.22 MFLOP/run - [1;34m  1.45 TFLOPS[0m
  FLASH_ATTN_EXT(hsk=256,hsv=256,nh=2,nr23=[16,1],kv=10000,nb=1,mask=1,sinks=0,max_bias=0.000000,logit_softcap=0.000000,prec=f32,type_K=q8_0,type_V=q8_0,permute=[0,1,2,3],kv_view=1,v_is_view_of_k=0,n_kv_max=0):              1224 runs -  1009.51 us/run - 327.68 MFLOP/run - [1;34m324.59 GFLOPS[0m
  FLASH_ATTN_EXT(hsk=256,hsv=256,nh=2,nr23=[16,1],kv=20000,nb=1,mask=1,sinks=0,max_bias=0.000000,logit_softcap=0.000000,prec=f32,type_K=q8_0,type_V=q8_0,permute=[0,1,2,3],kv_view=1,v_is_view_of_k=0,n_kv_max=0):               459 runs -  2464.10 us/run - 655.36 MFLOP/run - [1;34m265.96 GFLOPS[0m
  FLASH_ATTN_EXT(hsk=256,hsv=256,nh=2,nr23=[16,1],kv=10000,nb=1,mask=1,sinks=0,max_bias=0.000000,logit_softcap=0.000000,prec=f32,type_K=f16,type_V=f16,permute=[0,1,2,3],kv_view=1,v_is_view_of_k=0,n_kv_max=0):                1224 runs -   911.52 us/run - 327.68 MFLOP/run - [1;34m359.49 GFLOPS[0m
  FLASH_ATTN_EXT(hsk=256,hsv=256,nh=2,nr23=[16,1],kv=20000,nb=1,mask=1,sinks=0,max_bias=0.000000,logit_softcap=0.000000,prec=f32,type_K=f16,type_V=f16,permute=[0,1,2,3],kv_view=1,v_is_view_of_k=0,n_kv_max=0):                 459 runs -  2311.21 us/run - 655.36 MFLOP/run - [1;34m283.56 GFLOPS[0m
  FLASH_ATTN_EXT(hsk=256,hsv=256,nh=2,nr23=[16,1],kv=10000,nb=512,mask=1,sinks=0,max_bias=0.000000,logit_softcap=0.000000,prec=f32,type_K=q8_0,type_V=q8_0,permute=[0,1,2,3],kv_view=1,v_is_view_of_k=0,n_kv_max=0):                     370 runs -  2708.89 us/run - 167.77 GFLOP/run - [1;34m 61.93 TFLOPS[0m
  FLASH_ATTN_EXT(hsk=256,hsv=256,nh=2,nr23=[16,1],kv=20000,nb=512,mask=1,sinks=0,max_bias=0.000000,logit_softcap=0.000000,prec=f32,type_K=q8_0,type_V=q8_0,permute=[0,1,2,3],kv_view=1,v_is_view_of_k=0,n_kv_max=0):                     194 runs -  5158.19 us/run - 335.54 GFLOP/run - [1;34m 65.05 TFLOPS[0m
  FLASH_ATTN_EXT(hsk=256,hsv=256,nh=2,nr23=[16,1],kv=10000,nb=512,mask=1,sinks=0,max_bias=0.000000,logit_softcap=0.000000,prec=f32,type_K=f16,type_V=f16,permute=[0,1,2,3],kv_view=1,v_is_view_of_k=0,n_kv_max=0):               380 runs -  2635.16 us/run - 167.77 GFLOP/run - [1;34m 63.67 TFLOPS[0m
  FLASH_ATTN_EXT(hsk=256,hsv=256,nh=2,nr23=[16,1],kv=20000,nb=512,mask=1,sinks=0,max_bias=0.000000,logit_softcap=0.000000,prec=f32,type_K=f16,type_V=f16,permute=[0,1,2,3],kv_view=1,v_is_view_of_k=0,n_kv_max=0):               201 runs -  4997.40 us/run - 335.54 GFLOP/run - [1;34m 67.14 TFLOPS[0m
  FLASH_ATTN_EXT(hsk=256,hsv=256,nh=2,nr23=[12,1],kv=256,nb=1,mask=1,sinks=0,max_bias=0.000000,logit_softcap=0.000000,prec=f32,type_K=f16,type_V=f16,permute=[0,1,2,3],kv_view=1,v_is_view_of_k=0,n_kv_max=0):                 57330 runs -    18.90 us/run -   6.29 MFLOP/run - [1;34m332.82 GFLOPS[0m
  FLASH_ATTN_EXT(hsk=256,hsv=256,nh=2,nr23=[12,1],kv=256,nb=512,mask=1,sinks=0,max_bias=0.000000,logit_softcap=0.000000,prec=f32,type_K=f16,type_V=f16,permute=[0,1,2,3],kv_view=1,v_is_view_of_k=0,n_kv_max=0):                4224 runs -   237.51 us/run -   3.22 GFLOP/run - [1;34m 13.56 TFLOPS[0m
  FLASH_ATTN_EXT(hsk=256,hsv=256,nh=2,nr23=[12,1],kv=512,nb=1,mask=1,sinks=0,max_bias=0.000000,logit_softcap=0.000000,prec=f32,type_K=f16,type_V=f16,permute=[0,1,2,3],kv_view=1,v_is_view_of_k=0,n_kv_max=0):                 55636 runs -    19.84 us/run -  12.58 MFLOP/run - [1;34m634.11 GFLOPS[0m
  FLASH_ATTN_EXT(hsk=256,hsv=256,nh=2,nr23=[12,1],kv=512,nb=512,mask=1,sinks=0,max_bias=0.000000,logit_softcap=0.000000,prec=f32,type_K=f16,type_V=f16,permute=[0,1,2,3],kv_view=1,v_is_view_of_k=0,n_kv_max=0):                3552 runs -   281.55 us/run -   6.44 GFLOP/run - [1;34m 22.88 TFLOPS[0m
  FLASH_ATTN_EXT(hsk=256,hsv=256,nh=2,nr23=[12,1],kv=1024,nb=1,mask=1,sinks=0,max_bias=0.000000,logit_softcap=0.000000,prec=f32,type_K=f16,type_V=f16,permute=[0,1,2,3],kv_view=1,v_is_view_of_k=0,n_kv_max=0):                31792 runs -    34.82 us/run -  25.17 MFLOP/run - [1;34m722.84 GFLOPS[0m
  FLASH_ATTN_EXT(hsk=256,hsv=256,nh=2,nr23=[12,1],kv=1024,nb=512,mask=1,sinks=0,max_bias=0.000000,logit_softcap=0.000000,prec=f32,type_K=f16,type_V=f16,permute=[0,1,2,3],kv_view=1,v_is_view_of_k=0,n_kv_max=0):               2696 runs -   371.91 us/run -  12.88 GFLOP/run - [1;34m 34.65 TFLOPS[0m
  FLASH_ATTN_EXT(hsk=256,hsv=256,nh=2,nr23=[12,1],kv=2048,nb=1,mask=1,sinks=0,max_bias=0.000000,logit_softcap=0.000000,prec=f32,type_K=f16,type_V=f16,permute=[0,1,2,3],kv_view=1,v_is_view_of_k=0,n_kv_max=0):                27818 runs -    37.89 us/run -  50.33 MFLOP/run - [1;34m  1.33 TFLOPS[0m
  FLASH_ATTN_EXT(hsk=256,hsv=256,nh=2,nr23=[12,1],kv=2048,nb=512,mask=1,sinks=0,max_bias=0.000000,logit_softcap=0.000000,prec=f32,type_K=f16,type_V=f16,permute=[0,1,2,3],kv_view=1,v_is_view_of_k=0,n_kv_max=0):               1844 runs -   543.30 us/run -  25.77 GFLOP/run - [1;34m 47.43 TFLOPS[0m
  FLASH_ATTN_EXT(hsk=256,hsv=256,nh=2,nr23=[12,1],kv=4096,nb=1,mask=1,sinks=0,max_bias=0.000000,logit_softcap=0.000000,prec=f32,type_K=f16,type_V=f16,permute=[0,1,2,3],kv_view=1,v_is_view_of_k=0,n_kv_max=0):                14910 runs -    67.46 us/run - 100.66 MFLOP/run - [1;34m  1.49 TFLOPS[0m
  FLASH_ATTN_EXT(hsk=256,hsv=256,nh=2,nr23=[12,1],kv=4096,nb=512,mask=1,sinks=0,max_bias=0.000000,logit_softcap=0.000000,prec=f32,type_K=f16,type_V=f16,permute=[0,1,2,3],kv_view=1,v_is_view_of_k=0,n_kv_max=0):               1136 runs -   880.46 us/run -  51.54 GFLOP/run - [1;34m 58.54 TFLOPS[0m
  FLASH_ATTN_EXT(hsk=256,hsv=256,nh=2,nr23=[12,1],kv=8192,nb=1,mask=1,sinks=0,max_bias=0.000000,logit_softcap=0.000000,prec=f32,type_K=f16,type_V=f16,permute=[0,1,2,3],kv_view=1,v_is_view_of_k=0,n_kv_max=0):                 6958 runs -   146.61 us/run - 201.33 MFLOP/run - [1;34m  1.37 TFLOPS[0m
  FLASH_ATTN_EXT(hsk=256,hsv=256,nh=2,nr23=[12,1],kv=8192,nb=512,mask=1,sinks=0,max_bias=0.000000,logit_softcap=0.000000,prec=f32,type_K=f16,type_V=f16,permute=[0,1,2,3],kv_view=1,v_is_view_of_k=0,n_kv_max=0):                630 runs -  1587.75 us/run - 103.08 GFLOP/run - [1;34m 64.92 TFLOPS[0m
  FLASH_ATTN_EXT(hsk=256,hsv=256,nh=2,nr23=[12,1],kv=2048,nb=1,mask=1,sinks=0,max_bias=0.000000,logit_softcap=0.000000,prec=f32,type_K=q4_0,type_V=q4_0,permute=[0,1,2,3],kv_view=1,v_is_view_of_k=0,n_kv_max=0):              19870 runs -    55.81 us/run -  50.33 MFLOP/run - [1;34m901.90 GFLOPS[0m
  FLASH_ATTN_EXT(hsk=256,hsv=256,nh=2,nr23=[12,1],kv=2048,nb=1,mask=1,sinks=0,max_bias=0.000000,logit_softcap=0.000000,prec=f32,type_K=f16,type_V=f16,permute=[0,1,2,3],kv_view=1,v_is_view_of_k=0,n_kv_max=0):                27818 runs -    37.45 us/run -  50.33 MFLOP/run - [1;34m  1.34 TFLOPS[0m
  FLASH_ATTN_EXT(hsk=256,hsv=256,nh=2,nr23=[12,1],kv=4096,nb=1,mask=1,sinks=0,max_bias=0.000000,logit_softcap=0.000000,prec=f32,type_K=q4_0,type_V=q4_0,permute=[0,1,2,3],kv_view=1,v_is_view_of_k=0,n_kv_max=0):              10934 runs -   100.43 us/run - 100.66 MFLOP/run - [1;34m  1.00 TFLOPS[0m
  FLASH_ATTN_EXT(hsk=256,hsv=256,nh=2,nr23=[12,1],kv=4096,nb=1,mask=1,sinks=0,max_bias=0.000000,logit_softcap=0.000000,prec=f32,type_K=f16,type_V=f16,permute=[0,1,2,3],kv_view=1,v_is_view_of_k=0,n_kv_max=0):                14910 runs -    67.15 us/run - 100.66 MFLOP/run - [1;34m  1.50 TFLOPS[0m
  FLASH_ATTN_EXT(hsk=256,hsv=256,nh=2,nr23=[12,1],kv=8192,nb=1,mask=1,sinks=0,max_bias=0.000000,logit_softcap=0.000000,prec=f32,type_K=q4_0,type_V=q4_0,permute=[0,1,2,3],kv_view=1,v_is_view_of_k=0,n_kv_max=0):               5964 runs -   181.34 us/run - 201.33 MFLOP/run - [1;34m  1.11 TFLOPS[0m
  FLASH_ATTN_EXT(hsk=256,hsv=256,nh=2,nr23=[12,1],kv=8192,nb=1,mask=1,sinks=0,max_bias=0.000000,logit_softcap=0.000000,prec=f32,type_K=f16,type_V=f16,permute=[0,1,2,3],kv_view=1,v_is_view_of_k=0,n_kv_max=0):                 6958 runs -   146.23 us/run - 201.33 MFLOP/run - [1;34m  1.38 TFLOPS[0m
  FLASH_ATTN_EXT(hsk=256,hsv=256,nh=2,nr23=[12,1],kv=16384,nb=1,mask=1,sinks=0,max_bias=0.000000,logit_softcap=0.000000,prec=f32,type_K=q4_0,type_V=q4_0,permute=[0,1,2,3],kv_view=1,v_is_view_of_k=0,n_kv_max=0):              2739 runs -   394.95 us/run - 402.65 MFLOP/run - [1;34m  1.02 TFLOPS[0m
  FLASH_ATTN_EXT(hsk=256,hsv=256,nh=2,nr23=[12,1],kv=16384,nb=1,mask=1,sinks=0,max_bias=0.000000,logit_softcap=0.000000,prec=f32,type_K=f16,type_V=f16,permute=[0,1,2,3],kv_view=1,v_is_view_of_k=0,n_kv_max=0):                3984 runs -   266.18 us/run - 402.65 MFLOP/run - [1;34m  1.51 TFLOPS[0m
  FLASH_ATTN_EXT(hsk=256,hsv=256,nh=2,nr23=[12,1],kv=32768,nb=1,mask=1,sinks=0,max_bias=0.000000,logit_softcap=0.000000,prec=f32,type_K=q4_0,type_V=q4_0,permute=[0,1,2,3],kv_view=1,v_is_view_of_k=0,n_kv_max=0):              1250 runs -   810.78 us/run - 805.31 MFLOP/run - [1;34m993.25 GFLOPS[0m
  FLASH_ATTN_EXT(hsk=256,hsv=256,nh=2,nr23=[12,1],kv=32768,nb=1,mask=1,sinks=0,max_bias=0.000000,logit_softcap=0.000000,prec=f32,type_K=f16,type_V=f16,permute=[0,1,2,3],kv_view=1,v_is_view_of_k=0,n_kv_max=0):                2000 runs -   513.06 us/run - 805.31 MFLOP/run - [1;34m  1.57 TFLOPS[0m
  FLASH_ATTN_EXT(hsk=256,hsv=256,nh=2,nr23=[12,1],kv=65536,nb=1,mask=1,sinks=0,max_bias=0.000000,logit_softcap=0.000000,prec=f32,type_K=q4_0,type_V=q4_0,permute=[0,1,2,3],kv_view=1,v_is_view_of_k=0,n_kv_max=0):               630 runs -  1622.27 us/run -   1.61 GFLOP/run - [1;34m992.82 GFLOPS[0m
  FLASH_ATTN_EXT(hsk=256,hsv=256,nh=2,nr23=[12,1],kv=65536,nb=1,mask=1,sinks=0,max_bias=0.000000,logit_softcap=0.000000,prec=f32,type_K=f16,type_V=f16,permute=[0,1,2,3],kv_view=1,v_is_view_of_k=0,n_kv_max=0):                1008 runs -  1013.55 us/run -   1.61 GFLOP/run - [1;34m  1.59 TFLOPS[0m
  FLASH_ATTN_EXT(hsk=256,hsv=256,nh=2,nr23=[12,1],kv=118016,nb=1,mask=1,sinks=0,max_bias=0.000000,logit_softcap=0.000000,prec=f32,type_K=q4_0,type_V=q4_0,permute=[0,1,2,3],kv_view=1,v_is_view_of_k=0,n_kv_max=0):                      350 runs -  2919.42 us/run -   2.90 GFLOP/run - [1;34m993.47 GFLOPS[0m
  FLASH_ATTN_EXT(hsk=256,hsv=256,nh=2,nr23=[12,1],kv=118016,nb=1,mask=1,sinks=0,max_bias=0.000000,logit_softcap=0.000000,prec=f32,type_K=f16,type_V=f16,permute=[0,1,2,3],kv_view=1,v_is_view_of_k=0,n_kv_max=0):                560 runs -  1790.17 us/run -   2.90 GFLOP/run - [1;34m  1.62 TFLOPS[0m
  FLASH_ATTN_EXT(hsk=256,hsv=256,nh=2,nr23=[12,1],kv=200704,nb=1,mask=1,sinks=0,max_bias=0.000000,logit_softcap=0.000000,prec=f32,type_K=q4_0,type_V=q4_0,permute=[0,1,2,3],kv_view=1,v_is_view_of_k=0,n_kv_max=0):                      210 runs -  4930.89 us/run -   4.93 GFLOP/run - [1;34m  1.00 TFLOPS[0m
  FLASH_ATTN_EXT(hsk=256,hsv=256,nh=2,nr23=[12,1],kv=200704,nb=1,mask=1,sinks=0,max_bias=0.000000,logit_softcap=0.000000,prec=f32,type_K=f16,type_V=f16,permute=[0,1,2,3],kv_view=1,v_is_view_of_k=0,n_kv_max=0):                336 runs -  3013.76 us/run -   4.93 GFLOP/run - [1;34m  1.64 TFLOPS[0m
  FLASH_ATTN_EXT(hsk=256,hsv=256,nh=2,nr23=[12,1],kv=307200,nb=1,mask=1,sinks=0,max_bias=0.000000,logit_softcap=0.000000,prec=f32,type_K=q4_0,type_V=q4_0,permute=[0,1,2,3],kv_view=1,v_is_view_of_k=0,n_kv_max=0):                      140 runs -  7507.15 us/run -   7.55 GFLOP/run - [1;34m  1.01 TFLOPS[0m
  FLASH_ATTN_EXT(hsk=256,hsv=256,nh=2,nr23=[12,1],kv=307200,nb=1,mask=1,sinks=0,max_bias=0.000000,logit_softcap=0.000000,prec=f32,type_K=f16,type_V=f16,permute=[0,1,2,3],kv_view=1,v_is_view_of_k=0,n_kv_max=0):                224 runs -  4575.70 us/run -   7.55 GFLOP/run - [1;34m  1.65 TFLOPS[0m
  FLASH_ATTN_EXT(hsk=256,hsv=256,nh=2,nr23=[12,1],kv=614400,nb=1,mask=1,sinks=0,max_bias=0.000000,logit_softcap=0.000000,prec=f32,type_K=q4_0,type_V=q4_0,permute=[0,1,2,3],kv_view=1,v_is_view_of_k=0,n_kv_max=0):                       70 runs - 14995.09 us/run -  15.10 GFLOP/run - [1;34m  1.01 TFLOPS[0m
  FLASH_ATTN_EXT(hsk=256,hsv=256,nh=2,nr23=[12,1],kv=614400,nb=1,mask=1,sinks=0,max_bias=0.000000,logit_softcap=0.000000,prec=f32,type_K=f16,type_V=f16,permute=[0,1,2,3],kv_view=1,v_is_view_of_k=0,n_kv_max=0):                112 runs -  9129.58 us/run -  15.10 GFLOP/run - [1;34m  1.65 TFLOPS[0m
  FLASH_ATTN_EXT(hsk=256,hsv=256,nh=2,nr23=[12,1],kv=8192,nb=1,mask=1,sinks=0,max_bias=0.000000,logit_softcap=0.000000,prec=f32,type_K=q4_0,type_V=q4_0,permute=[0,1,2,3],kv_view=1,v_is_view_of_k=0,n_kv_max=2052):                   14413 runs -    69.51 us/run - 201.33 MFLOP/run - [1;34m  2.90 TFLOPS[0m
  FLASH_ATTN_EXT(hsk=256,hsv=256,nh=2,nr23=[12,1],kv=16384,nb=1,mask=1,sinks=0,max_bias=0.000000,logit_softcap=0.000000,prec=f32,type_K=q4_0,type_V=q4_0,permute=[0,1,2,3],kv_view=1,v_is_view_of_k=0,n_kv_max=2052):                  14442 runs -    69.58 us/run - 402.65 MFLOP/run - [1;34m  5.79 TFLOPS[0m
  FLASH_ATTN_EXT(hsk=256,hsv=256,nh=2,nr23=[12,1],kv=32768,nb=1,mask=1,sinks=0,max_bias=0.000000,logit_softcap=0.000000,prec=f32,type_K=q4_0,type_V=q4_0,permute=[0,1,2,3],kv_view=1,v_is_view_of_k=0,n_kv_max=2052):                  14375 runs -    70.09 us/run - 805.31 MFLOP/run - [1;34m 11.49 TFLOPS[0m
  FLASH_ATTN_EXT(hsk=256,hsv=256,nh=2,nr23=[12,1],kv=65536,nb=1,mask=1,sinks=0,max_bias=0.000000,logit_softcap=0.000000,prec=f32,type_K=q4_0,type_V=q4_0,permute=[0,1,2,3],kv_view=1,v_is_view_of_k=0,n_kv_max=2052):                  13986 runs -    71.60 us/run -   1.61 GFLOP/run - [1;34m 22.50 TFLOPS[0m
  FLASH_ATTN_EXT(hsk=256,hsv=256,nh=2,nr23=[12,1],kv=118016,nb=1,mask=1,sinks=0,max_bias=0.000000,logit_softcap=0.000000,prec=f32,type_K=q4_0,type_V=q4_0,permute=[0,1,2,3],kv_view=1,v_is_view_of_k=0,n_kv_max=2052):                 13860 runs -    72.22 us/run -   2.90 GFLOP/run - [1;34m 40.16 TFLOPS[0m
  FLASH_ATTN_EXT(hsk=256,hsv=256,nh=2,nr23=[12,1],kv=200704,nb=1,mask=1,sinks=0,max_bias=0.000000,logit_softcap=0.000000,prec=f32,type_K=q4_0,type_V=q4_0,permute=[0,1,2,3],kv_view=1,v_is_view_of_k=0,n_kv_max=2052):                 13818 runs -    72.41 us/run -   4.93 GFLOP/run - [1;34m 68.12 TFLOPS[0m
  FLASH_ATTN_EXT(hsk=256,hsv=256,nh=2,nr23=[12,1],kv=307200,nb=1,mask=1,sinks=0,max_bias=0.000000,logit_softcap=0.000000,prec=f32,type_K=q4_0,type_V=q4_0,permute=[0,1,2,3],kv_view=1,v_is_view_of_k=0,n_kv_max=2052):                 13538 runs -    73.88 us/run -   7.55 GFLOP/run - [1;34m102.19 TFLOPS[0m
  FLASH_ATTN_EXT(hsk=256,hsv=256,nh=2,nr23=[12,1],kv=614400,nb=1,mask=1,sinks=0,max_bias=0.000000,logit_softcap=0.000000,prec=f32,type_K=q4_0,type_V=q4_0,permute=[0,1,2,3],kv_view=1,v_is_view_of_k=0,n_kv_max=2052):                 12712 runs -    78.70 us/run -  15.10 GFLOP/run - [1;34m191.85 TFLOPS[0m
  FLASH_ATTN_EXT(hsk=64,hsv=64,nh=8,nr23=[1,1],kv=4096,nb=1,mask=1,sinks=0,max_bias=0.000000,logit_softcap=0.000000,prec=f32,type_K=f16,type_V=f16,permute=[0,1,2,3],kv_view=1,v_is_view_of_k=0,n_kv_max=0):                   90090 runs -    11.31 us/run -   8.39 MFLOP/run - [1;34m741.92 GFLOPS[0m
  FLASH_ATTN_EXT(hsk=64,hsv=64,nh=8,nr23=[1,1],kv=4096,nb=4096,mask=1,sinks=0,max_bias=0.000000,logit_softcap=0.000000,prec=f32,type_K=f16,type_V=f16,permute=[0,1,2,3],kv_view=1,v_is_view_of_k=0,n_kv_max=0):                  966 runs -  1035.85 us/run -  34.36 GFLOP/run - [1;34m 33.17 TFLOPS[0m
  FLASH_ATTN_EXT(hsk=64,hsv=64,nh=8,nr23=[4,1],kv=4096,nb=1,mask=1,sinks=0,max_bias=0.000000,logit_softcap=0.000000,prec=f32,type_K=f16,type_V=f16,permute=[0,1,2,3],kv_view=1,v_is_view_of_k=0,n_kv_max=0):                   20867 runs -    48.41 us/run -  33.55 MFLOP/run - [1;34m693.09 GFLOPS[0m
  FLASH_ATTN_EXT(hsk=64,hsv=64,nh=8,nr23=[4,1],kv=4096,nb=4096,mask=1,sinks=0,max_bias=0.000000,logit_softcap=0.000000,prec=f32,type_K=f16,type_V=f16,permute=[0,1,2,3],kv_view=1,v_is_view_of_k=0,n_kv_max=0):                  244 runs -  4103.84 us/run - 137.44 GFLOP/run - [1;34m 33.49 TFLOPS[0m
  FLASH_ATTN_EXT(hsk=64,hsv=64,nh=8,nr23=[8,1],kv=4096,nb=1,mask=1,sinks=0,max_bias=0.000000,logit_softcap=0.000000,prec=f32,type_K=f16,type_V=f16,permute=[0,1,2,3],kv_view=1,v_is_view_of_k=0,n_kv_max=0):                   37275 runs -    26.90 us/run -  67.11 MFLOP/run - [1;34m  2.49 TFLOPS[0m
  FLASH_ATTN_EXT(hsk=64,hsv=64,nh=8,nr23=[8,1],kv=4096,nb=4096,mask=1,sinks=0,max_bias=0.000000,logit_softcap=0.000000,prec=f32,type_K=f16,type_V=f16,permute=[0,1,2,3],kv_view=1,v_is_view_of_k=0,n_kv_max=0):                  124 runs -  8104.65 us/run - 274.88 GFLOP/run - [1;34m 33.92 TFLOPS[0m
  FLASH_ATTN_EXT(hsk=128,hsv=128,nh=8,nr23=[1,1],kv=4096,nb=1,mask=1,sinks=0,max_bias=0.000000,logit_softcap=0.000000,prec=f32,type_K=f16,type_V=f16,permute=[0,1,2,3],kv_view=1,v_is_view_of_k=0,n_kv_max=0):                 65571 runs -    16.66 us/run -  16.78 MFLOP/run - [1;34m  1.01 TFLOPS[0m
  FLASH_ATTN_EXT(hsk=128,hsv=128,nh=8,nr23=[1,1],kv=4096,nb=4096,mask=1,sinks=0,max_bias=0.000000,logit_softcap=0.000000,prec=f32,type_K=f16,type_V=f16,permute=[0,1,2,3],kv_view=1,v_is_view_of_k=0,n_kv_max=0):                640 runs -  1565.44 us/run -  68.72 GFLOP/run - [1;34m 43.90 TFLOPS[0m
  FLASH_ATTN_EXT(hsk=128,hsv=128,nh=8,nr23=[4,1],kv=4096,nb=1,mask=1,sinks=0,max_bias=0.000000,logit_softcap=0.000000,prec=f32,type_K=f16,type_V=f16,permute=[0,1,2,3],kv_view=1,v_is_view_of_k=0,n_kv_max=0):                 16401 runs -    65.93 us/run -  67.11 MFLOP/run - [1;34m  1.02 TFLOPS[0m
  FLASH_ATTN_EXT(hsk=128,hsv=128,nh=8,nr23=[4,1],kv=4096,nb=4096,mask=1,sinks=0,max_bias=0.000000,logit_softcap=0.000000,prec=f32,type_K=f16,type_V=f16,permute=[0,1,2,3],kv_view=1,v_is_view_of_k=0,n_kv_max=0):                161 runs -  6227.87 us/run - 274.88 GFLOP/run - [1;34m 44.14 TFLOPS[0m
  FLASH_ATTN_EXT(hsk=128,hsv=128,nh=8,nr23=[8,1],kv=4096,nb=1,mask=1,sinks=0,max_bias=0.000000,logit_softcap=0.000000,prec=f32,type_K=f16,type_V=f16,permute=[0,1,2,3],kv_view=1,v_is_view_of_k=0,n_kv_max=0):                 15666 runs -    65.55 us/run - 134.22 MFLOP/run - [1;34m  2.05 TFLOPS[0m
  FLASH_ATTN_EXT(hsk=128,hsv=128,nh=8,nr23=[8,1],kv=4096,nb=4096,mask=1,sinks=0,max_bias=0.000000,logit_softcap=0.000000,prec=f32,type_K=f16,type_V=f16,permute=[0,1,2,3],kv_view=1,v_is_view_of_k=0,n_kv_max=0):                 81 runs - 12405.83 us/run - 549.76 GFLOP/run - [1;34m 44.31 TFLOPS[0m
  FLASH_ATTN_EXT(hsk=256,hsv=256,nh=8,nr23=[1,1],kv=4096,nb=1,mask=1,sinks=0,max_bias=0.000000,logit_softcap=0.000000,prec=f32,type_K=f16,type_V=f16,permute=[0,1,2,3],kv_view=1,v_is_view_of_k=0,n_kv_max=0):                 17886 runs -    57.39 us/run -  33.55 MFLOP/run - [1;34m584.71 GFLOPS[0m
  FLASH_ATTN_EXT(hsk=256,hsv=256,nh=8,nr23=[1,1],kv=4096,nb=4096,mask=1,sinks=0,max_bias=0.000000,logit_softcap=0.000000,prec=f32,type_K=f16,type_V=f16,permute=[0,1,2,3],kv_view=1,v_is_view_of_k=0,n_kv_max=0):                397 runs -  2520.37 us/run - 137.44 GFLOP/run - [1;34m 54.53 TFLOPS[0m
  FLASH_ATTN_EXT(hsk=256,hsv=256,nh=8,nr23=[4,1],kv=4096,nb=1,mask=1,sinks=0,max_bias=0.000000,logit_softcap=0.000000,prec=f32,type_K=f16,type_V=f16,permute=[0,1,2,3],kv_view=1,v_is_view_of_k=0,n_kv_max=0):                  6714 runs -   165.63 us/run - 134.22 MFLOP/run - [1;34m810.33 GFLOPS[0m
  FLASH_ATTN_EXT(hsk=256,hsv=256,nh=8,nr23=[4,1],kv=4096,nb=4096,mask=1,sinks=0,max_bias=0.000000,logit_softcap=0.000000,prec=f32,type_K=f16,type_V=f16,permute=[0,1,2,3],kv_view=1,v_is_view_of_k=0,n_kv_max=0):                100 runs - 10048.66 us/run - 549.76 GFLOP/run - [1;34m 54.71 TFLOPS[0m
  FLASH_ATTN_EXT(hsk=256,hsv=256,nh=8,nr23=[8,1],kv=4096,nb=1,mask=1,sinks=0,max_bias=0.000000,logit_softcap=0.000000,prec=f32,type_K=f16,type_V=f16,permute=[0,1,2,3],kv_view=1,v_is_view_of_k=0,n_kv_max=0):                  7087 runs -   142.99 us/run - 268.44 MFLOP/run - [1;34m  1.88 TFLOPS[0m
  FLASH_ATTN_EXT(hsk=256,hsv=256,nh=8,nr23=[8,1],kv=4096,nb=4096,mask=1,sinks=0,max_bias=0.000000,logit_softcap=0.000000,prec=f32,type_K=f16,type_V=f16,permute=[0,1,2,3],kv_view=1,v_is_view_of_k=0,n_kv_max=0):                 50 runs - 20056.32 us/run -   1.10 TFLOP/run - [1;34m 54.82 TFLOPS[0m
  FLASH_ATTN_EXT(hsk=576,hsv=512,nh=8,nr23=[1,1],kv=4096,nb=1,mask=1,sinks=0,max_bias=0.000000,logit_softcap=0.000000,prec=f32,type_K=f16,type_V=f16,permute=[0,1,2,3],kv_view=1,v_is_view_of_k=1,n_kv_max=0): not supported
  FLASH_ATTN_EXT(hsk=576,hsv=512,nh=8,nr23=[1,1],kv=4096,nb=4096,mask=1,sinks=0,max_bias=0.000000,logit_softcap=0.000000,prec=f32,type_K=f16,type_V=f16,permute=[0,1,2,3],kv_view=1,v_is_view_of_k=1,n_kv_max=0): not supported
  FLASH_ATTN_EXT(hsk=576,hsv=512,nh=8,nr23=[4,1],kv=4096,nb=1,mask=1,sinks=0,max_bias=0.000000,logit_softcap=0.000000,prec=f32,type_K=f16,type_V=f16,permute=[0,1,2,3],kv_view=1,v_is_view_of_k=1,n_kv_max=0):                  3861 runs -   281.64 us/run - 285.21 MFLOP/run - [1;34m  1.01 TFLOPS[0m
  FLASH_ATTN_EXT(hsk=576,hsv=512,nh=8,nr23=[4,1],kv=4096,nb=4096,mask=1,sinks=0,max_bias=0.000000,logit_softcap=0.000000,prec=f32,type_K=f16,type_V=f16,permute=[0,1,2,3],kv_view=1,v_is_view_of_k=1,n_kv_max=0):                  4 runs - 283124.50 us/run -   1.17 TFLOP/run - [1;34m  4.13 TFLOPS[0m
  FLASH_ATTN_EXT(hsk=576,hsv=512,nh=8,nr23=[8,1],kv=4096,nb=1,mask=1,sinks=0,max_bias=0.000000,logit_softcap=0.000000,prec=f32,type_K=f16,type_V=f16,permute=[0,1,2,3],kv_view=1,v_is_view_of_k=1,n_kv_max=0):                  1936 runs -   540.88 us/run - 570.43 MFLOP/run - [1;34m  1.05 TFLOPS[0m
  FLASH_ATTN_EXT(hsk=576,hsv=512,nh=8,nr23=[8,1],kv=4096,nb=4096,mask=1,sinks=0,max_bias=0.000000,logit_softcap=0.000000,prec=f32,type_K=f16,type_V=f16,permute=[0,1,2,3],kv_view=1,v_is_view_of_k=1,n_kv_max=0):                  2 runs - 566973.50 us/run -   2.34 TFLOP/run - [1;34m  4.12 TFLOPS[0m
  FLASH_ATTN_EXT(hsk=64,hsv=64,nh=8,nr23=[1,1],kv=8192,nb=1,mask=1,sinks=0,max_bias=0.000000,logit_softcap=0.000000,prec=f32,type_K=f16,type_V=f16,permute=[0,1,2,3],kv_view=1,v_is_view_of_k=0,n_kv_max=0):                   59610 runs -    17.76 us/run -  16.78 MFLOP/run - [1;34m944.53 GFLOPS[0m
  FLASH_ATTN_EXT(hsk=64,hsv=64,nh=8,nr23=[1,1],kv=8192,nb=4096,mask=1,sinks=0,max_bias=0.000000,logit_softcap=0.000000,prec=f32,type_K=f16,type_V=f16,permute=[0,1,2,3],kv_view=1,v_is_view_of_k=0,n_kv_max=0):                  486 runs -  2060.55 us/run -  68.72 GFLOP/run - [1;34m 33.35 TFLOPS[0m
  FLASH_ATTN_EXT(hsk=64,hsv=64,nh=8,nr23=[4,1],kv=8192,nb=1,mask=1,sinks=0,max_bias=0.000000,logit_softcap=0.000000,prec=f32,type_K=f16,type_V=f16,permute=[0,1,2,3],kv_view=1,v_is_view_of_k=0,n_kv_max=0):                   11928 runs -    91.31 us/run -  67.11 MFLOP/run - [1;34m734.99 GFLOPS[0m
  FLASH_ATTN_EXT(hsk=64,hsv=64,nh=8,nr23=[4,1],kv=8192,nb=4096,mask=1,sinks=0,max_bias=0.000000,logit_softcap=0.000000,prec=f32,type_K=f16,type_V=f16,permute=[0,1,2,3],kv_view=1,v_is_view_of_k=0,n_kv_max=0):                  125 runs -  8053.88 us/run - 274.88 GFLOP/run - [1;34m 34.13 TFLOPS[0m
  FLASH_ATTN_EXT(hsk=64,hsv=64,nh=8,nr23=[8,1],kv=8192,nb=1,mask=1,sinks=0,max_bias=0.000000,logit_softcap=0.000000,prec=f32,type_K=f16,type_V=f16,permute=[0,1,2,3],kv_view=1,v_is_view_of_k=0,n_kv_max=0):                   20888 runs -    48.56 us/run - 134.22 MFLOP/run - [1;34m  2.76 TFLOPS[0m
  FLASH_ATTN_EXT(hsk=64,hsv=64,nh=8,nr23=[8,1],kv=8192,nb=4096,mask=1,sinks=0,max_bias=0.000000,logit_softcap=0.000000,prec=f32,type_K=f16,type_V=f16,permute=[0,1,2,3],kv_view=1,v_is_view_of_k=0,n_kv_max=0):                   63 runs - 15960.08 us/run - 549.76 GFLOP/run - [1;34m 34.45 TFLOPS[0m
  FLASH_ATTN_EXT(hsk=128,hsv=128,nh=8,nr23=[1,1],kv=8192,nb=1,mask=1,sinks=0,max_bias=0.000000,logit_softcap=0.000000,prec=f32,type_K=f16,type_V=f16,permute=[0,1,2,3],kv_view=1,v_is_view_of_k=0,n_kv_max=0):                 17886 runs -    56.45 us/run -  33.55 MFLOP/run - [1;34m594.45 GFLOPS[0m
  FLASH_ATTN_EXT(hsk=128,hsv=128,nh=8,nr23=[1,1],kv=8192,nb=4096,mask=1,sinks=0,max_bias=0.000000,logit_softcap=0.000000,prec=f32,type_K=f16,type_V=f16,permute=[0,1,2,3],kv_view=1,v_is_view_of_k=0,n_kv_max=0):                336 runs -  2981.25 us/run - 137.44 GFLOP/run - [1;34m 46.10 TFLOPS[0m
  FLASH_ATTN_EXT(hsk=128,hsv=128,nh=8,nr23=[4,1],kv=8192,nb=1,mask=1,sinks=0,max_bias=0.000000,logit_softcap=0.000000,prec=f32,type_K=f16,type_V=f16,permute=[0,1,2,3],kv_view=1,v_is_view_of_k=0,n_kv_max=0):                  6714 runs -   151.00 us/run - 134.22 MFLOP/run - [1;34m888.88 GFLOPS[0m
  FLASH_ATTN_EXT(hsk=128,hsv=128,nh=8,nr23=[4,1],kv=8192,nb=4096,mask=1,sinks=0,max_bias=0.000000,logit_softcap=0.000000,prec=f32,type_K=f16,type_V=f16,permute=[0,1,2,3],kv_view=1,v_is_view_of_k=0,n_kv_max=0):                 84 runs - 11962.35 us/run - 549.76 GFLOP/run - [1;34m 45.96 TFLOPS[0m
  FLASH_ATTN_EXT(hsk=128,hsv=128,nh=8,nr23=[8,1],kv=8192,nb=1,mask=1,sinks=0,max_bias=0.000000,logit_softcap=0.000000,prec=f32,type_K=f16,type_V=f16,permute=[0,1,2,3],kv_view=1,v_is_view_of_k=0,n_kv_max=0):                  7087 runs -   148.83 us/run - 268.44 MFLOP/run - [1;34m  1.80 TFLOPS[0m
  FLASH_ATTN_EXT(hsk=128,hsv=128,nh=8,nr23=[8,1],kv=8192,nb=4096,mask=1,sinks=0,max_bias=0.000000,logit_softcap=0.000000,prec=f32,type_K=f16,type_V=f16,permute=[0,1,2,3],kv_view=1,v_is_view_of_k=0,n_kv_max=0):                 43 runs - 23664.67 us/run -   1.10 TFLOP/run - [1;34m 46.46 TFLOPS[0m
  FLASH_ATTN_EXT(hsk=256,hsv=256,nh=8,nr23=[1,1],kv=8192,nb=1,mask=1,sinks=0,max_bias=0.000000,logit_softcap=0.000000,prec=f32,type_K=f16,type_V=f16,permute=[0,1,2,3],kv_view=1,v_is_view_of_k=0,n_kv_max=0):                  8946 runs -   126.14 us/run -  67.11 MFLOP/run - [1;34m532.02 GFLOPS[0m
  FLASH_ATTN_EXT(hsk=256,hsv=256,nh=8,nr23=[1,1],kv=8192,nb=4096,mask=1,sinks=0,max_bias=0.000000,logit_softcap=0.000000,prec=f32,type_K=f16,type_V=f16,permute=[0,1,2,3],kv_view=1,v_is_view_of_k=0,n_kv_max=0):                218 runs -  4604.63 us/run - 274.88 GFLOP/run - [1;34m 59.70 TFLOPS[0m
  FLASH_ATTN_EXT(hsk=256,hsv=256,nh=8,nr23=[4,1],kv=8192,nb=1,mask=1,sinks=0,max_bias=0.000000,logit_softcap=0.000000,prec=f32,type_K=f16,type_V=f16,permute=[0,1,2,3],kv_view=1,v_is_view_of_k=0,n_kv_max=0):                  2984 runs -   337.68 us/run - 268.44 MFLOP/run - [1;34m794.95 GFLOPS[0m
  FLASH_ATTN_EXT(hsk=256,hsv=256,nh=8,nr23=[4,1],kv=8192,nb=4096,mask=1,sinks=0,max_bias=0.000000,logit_softcap=0.000000,prec=f32,type_K=f16,type_V=f16,permute=[0,1,2,3],kv_view=1,v_is_view_of_k=0,n_kv_max=0):                 54 runs - 18557.81 us/run -   1.10 TFLOP/run - [1;34m 59.25 TFLOPS[0m
  FLASH_ATTN_EXT(hsk=256,hsv=256,nh=8,nr23=[8,1],kv=8192,nb=1,mask=1,sinks=0,max_bias=0.000000,logit_softcap=0.000000,prec=f32,type_K=f16,type_V=f16,permute=[0,1,2,3],kv_view=1,v_is_view_of_k=0,n_kv_max=0):                  3553 runs -   284.10 us/run - 536.87 MFLOP/run - [1;34m  1.89 TFLOPS[0m
  FLASH_ATTN_EXT(hsk=256,hsv=256,nh=8,nr23=[8,1],kv=8192,nb=4096,mask=1,sinks=0,max_bias=0.000000,logit_softcap=0.000000,prec=f32,type_K=f16,type_V=f16,permute=[0,1,2,3],kv_view=1,v_is_view_of_k=0,n_kv_max=0):                 27 runs - 37147.15 us/run -   2.20 TFLOP/run - [1;34m 59.20 TFLOPS[0m
  FLASH_ATTN_EXT(hsk=576,hsv=512,nh=8,nr23=[1,1],kv=8192,nb=1,mask=1,sinks=0,max_bias=0.000000,logit_softcap=0.000000,prec=f32,type_K=f16,type_V=f16,permute=[0,1,2,3],kv_view=1,v_is_view_of_k=1,n_kv_max=0): not supported
  FLASH_ATTN_EXT(hsk=576,hsv=512,nh=8,nr23=[1,1],kv=8192,nb=4096,mask=1,sinks=0,max_bias=0.000000,logit_softcap=0.000000,prec=f32,type_K=f16,type_V=f16,permute=[0,1,2,3],kv_view=1,v_is_view_of_k=1,n_kv_max=0): not supported
  FLASH_ATTN_EXT(hsk=576,hsv=512,nh=8,nr23=[4,1],kv=8192,nb=1,mask=1,sinks=0,max_bias=0.000000,logit_softcap=0.000000,prec=f32,type_K=f16,type_V=f16,permute=[0,1,2,3],kv_view=1,v_is_view_of_k=1,n_kv_max=0):                  1936 runs -   550.55 us/run - 570.43 MFLOP/run - [1;34m  1.04 TFLOPS[0m
  FLASH_ATTN_EXT(hsk=576,hsv=512,nh=8,nr23=[4,1],kv=8192,nb=4096,mask=1,sinks=0,max_bias=0.000000,logit_softcap=0.000000,prec=f32,type_K=f16,type_V=f16,permute=[0,1,2,3],kv_view=1,v_is_view_of_k=1,n_kv_max=0):                  2 runs - 563604.50 us/run -   2.34 TFLOP/run - [1;34m  4.15 TFLOPS[0m
  FLASH_ATTN_EXT(hsk=576,hsv=512,nh=8,nr23=[8,1],kv=8192,nb=1,mask=1,sinks=0,max_bias=0.000000,logit_softcap=0.000000,prec=f32,type_K=f16,type_V=f16,permute=[0,1,2,3],kv_view=1,v_is_view_of_k=1,n_kv_max=0):                   968 runs -  1088.05 us/run -   1.14 GFLOP/run - [1;34m  1.05 TFLOPS[0m
  FLASH_ATTN_EXT(hsk=576,hsv=512,nh=8,nr23=[8,1],kv=8192,nb=4096,mask=1,sinks=0,max_bias=0.000000,logit_softcap=0.000000,prec=f32,type_K=f16,type_V=f16,permute=[0,1,2,3],kv_view=1,v_is_view_of_k=1,n_kv_max=0):                  1 runs - 1126220.00 us/run -   4.67 TFLOP/run - [1;34m  4.15 TFLOPS[0m
  FLASH_ATTN_EXT(hsk=64,hsv=64,nh=8,nr23=[1,1],kv=16384,nb=1,mask=1,sinks=0,max_bias=0.000000,logit_softcap=0.000000,prec=f32,type_K=f16,type_V=f16,permute=[0,1,2,3],kv_view=1,v_is_view_of_k=0,n_kv_max=0):                  17886 runs -    60.17 us/run -  33.55 MFLOP/run - [1;34m557.65 GFLOPS[0m
  FLASH_ATTN_EXT(hsk=64,hsv=64,nh=8,nr23=[1,1],kv=16384,nb=4096,mask=1,sinks=0,max_bias=0.000000,logit_softcap=0.000000,prec=f32,type_K=f16,type_V=f16,permute=[0,1,2,3],kv_view=1,v_is_view_of_k=0,n_kv_max=0):                 226 runs -  4426.15 us/run - 137.44 GFLOP/run - [1;34m 31.05 TFLOPS[0m
  FLASH_ATTN_EXT(hsk=64,hsv=64,nh=8,nr23=[4,1],kv=16384,nb=1,mask=1,sinks=0,max_bias=0.000000,logit_softcap=0.000000,prec=f32,type_K=f16,type_V=f16,permute=[0,1,2,3],kv_view=1,v_is_view_of_k=0,n_kv_max=0):                   5222 runs -   221.66 us/run - 134.22 MFLOP/run - [1;34m605.51 GFLOPS[0m
  FLASH_ATTN_EXT(hsk=64,hsv=64,nh=8,nr23=[4,1],kv=16384,nb=4096,mask=1,sinks=0,max_bias=0.000000,logit_softcap=0.000000,prec=f32,type_K=f16,type_V=f16,permute=[0,1,2,3],kv_view=1,v_is_view_of_k=0,n_kv_max=0):                  58 runs - 17513.14 us/run - 549.76 GFLOP/run - [1;34m 31.39 TFLOPS[0m
  FLASH_ATTN_EXT(hsk=64,hsv=64,nh=8,nr23=[8,1],kv=16384,nb=1,mask=1,sinks=0,max_bias=0.000000,logit_softcap=0.000000,prec=f32,type_K=f16,type_V=f16,permute=[0,1,2,3],kv_view=1,v_is_view_of_k=0,n_kv_max=0):                   8952 runs -   112.77 us/run - 268.44 MFLOP/run - [1;34m  2.38 TFLOPS[0m
  FLASH_ATTN_EXT(hsk=64,hsv=64,nh=8,nr23=[8,1],kv=16384,nb=4096,mask=1,sinks=0,max_bias=0.000000,logit_softcap=0.000000,prec=f32,type_K=f16,type_V=f16,permute=[0,1,2,3],kv_view=1,v_is_view_of_k=0,n_kv_max=0):                  28 runs - 36171.89 us/run -   1.10 TFLOP/run - [1;34m 30.40 TFLOPS[0m
  FLASH_ATTN_EXT(hsk=128,hsv=128,nh=8,nr23=[1,1],kv=16384,nb=1,mask=1,sinks=0,max_bias=0.000000,logit_softcap=0.000000,prec=f32,type_K=f16,type_V=f16,permute=[0,1,2,3],kv_view=1,v_is_view_of_k=0,n_kv_max=0):                 8946 runs -   120.27 us/run -  67.11 MFLOP/run - [1;34m557.97 GFLOPS[0m
  FLASH_ATTN_EXT(hsk=128,hsv=128,nh=8,nr23=[1,1],kv=16384,nb=4096,mask=1,sinks=0,max_bias=0.000000,logit_softcap=0.000000,prec=f32,type_K=f16,type_V=f16,permute=[0,1,2,3],kv_view=1,v_is_view_of_k=0,n_kv_max=0):               160 runs -  6252.20 us/run - 274.88 GFLOP/run - [1;34m 43.96 TFLOPS[0m
  FLASH_ATTN_EXT(hsk=128,hsv=128,nh=8,nr23=[4,1],kv=16384,nb=1,mask=1,sinks=0,max_bias=0.000000,logit_softcap=0.000000,prec=f32,type_K=f16,type_V=f16,permute=[0,1,2,3],kv_view=1,v_is_view_of_k=0,n_kv_max=0):                 3357 runs -   304.56 us/run - 268.44 MFLOP/run - [1;34m881.39 GFLOPS[0m
  FLASH_ATTN_EXT(hsk=128,hsv=128,nh=8,nr23=[4,1],kv=16384,nb=4096,mask=1,sinks=0,max_bias=0.000000,logit_softcap=0.000000,prec=f32,type_K=f16,type_V=f16,permute=[0,1,2,3],kv_view=1,v_is_view_of_k=0,n_kv_max=0):                41 runs - 24928.34 us/run -   1.10 TFLOP/run - [1;34m 44.11 TFLOPS[0m
  FLASH_ATTN_EXT(hsk=128,hsv=128,nh=8,nr23=[8,1],kv=16384,nb=1,mask=1,sinks=0,max_bias=0.000000,logit_softcap=0.000000,prec=f32,type_K=f16,type_V=f16,permute=[0,1,2,3],kv_view=1,v_is_view_of_k=0,n_kv_max=0):                 3366 runs -   300.35 us/run - 536.87 MFLOP/run - [1;34m  1.79 TFLOPS[0m
  FLASH_ATTN_EXT(hsk=128,hsv=128,nh=8,nr23=[8,1],kv=16384,nb=4096,mask=1,sinks=0,max_bias=0.000000,logit_softcap=0.000000,prec=f32,type_K=f16,type_V=f16,permute=[0,1,2,3],kv_view=1,v_is_view_of_k=0,n_kv_max=0):                21 runs - 49627.57 us/run -   2.20 TFLOP/run - [1;34m 44.31 TFLOPS[0m
  FLASH_ATTN_EXT(hsk=256,hsv=256,nh=8,nr23=[1,1],kv=16384,nb=1,mask=1,sinks=0,max_bias=0.000000,logit_softcap=0.000000,prec=f32,type_K=f16,type_V=f16,permute=[0,1,2,3],kv_view=1,v_is_view_of_k=0,n_kv_max=0):                 4476 runs -   247.22 us/run - 134.22 MFLOP/run - [1;34m542.91 GFLOPS[0m
  FLASH_ATTN_EXT(hsk=256,hsv=256,nh=8,nr23=[1,1],kv=16384,nb=4096,mask=1,sinks=0,max_bias=0.000000,logit_softcap=0.000000,prec=f32,type_K=f16,type_V=f16,permute=[0,1,2,3],kv_view=1,v_is_view_of_k=0,n_kv_max=0):               111 runs -  9064.71 us/run - 549.76 GFLOP/run - [1;34m 60.65 TFLOPS[0m
  FLASH_ATTN_EXT(hsk=256,hsv=256,nh=8,nr23=[4,1],kv=16384,nb=1,mask=1,sinks=0,max_bias=0.000000,logit_softcap=0.000000,prec=f32,type_K=f16,type_V=f16,permute=[0,1,2,3],kv_view=1,v_is_view_of_k=0,n_kv_max=0):                 1496 runs -   672.32 us/run - 536.87 MFLOP/run - [1;34m798.53 GFLOPS[0m
  FLASH_ATTN_EXT(hsk=256,hsv=256,nh=8,nr23=[4,1],kv=16384,nb=4096,mask=1,sinks=0,max_bias=0.000000,logit_softcap=0.000000,prec=f32,type_K=f16,type_V=f16,permute=[0,1,2,3],kv_view=1,v_is_view_of_k=0,n_kv_max=0):                28 runs - 36914.71 us/run -   2.20 TFLOP/run - [1;34m 59.57 TFLOPS[0m
  FLASH_ATTN_EXT(hsk=256,hsv=256,nh=8,nr23=[8,1],kv=16384,nb=1,mask=1,sinks=0,max_bias=0.000000,logit_softcap=0.000000,prec=f32,type_K=f16,type_V=f16,permute=[0,1,2,3],kv_view=1,v_is_view_of_k=0,n_kv_max=0):                 1786 runs -   577.06 us/run -   1.07 GFLOP/run - [1;34m  1.86 TFLOPS[0m
  FLASH_ATTN_EXT(hsk=256,hsv=256,nh=8,nr23=[8,1],kv=16384,nb=4096,mask=1,sinks=0,max_bias=0.000000,logit_softcap=0.000000,prec=f32,type_K=f16,type_V=f16,permute=[0,1,2,3],kv_view=1,v_is_view_of_k=0,n_kv_max=0):                14 runs - 74038.00 us/run -   4.40 TFLOP/run - [1;34m 59.40 TFLOPS[0m
  FLASH_ATTN_EXT(hsk=576,hsv=512,nh=8,nr23=[1,1],kv=16384,nb=1,mask=1,sinks=0,max_bias=0.000000,logit_softcap=0.000000,prec=f32,type_K=f16,type_V=f16,permute=[0,1,2,3],kv_view=1,v_is_view_of_k=1,n_kv_max=0): not supported
  FLASH_ATTN_EXT(hsk=576,hsv=512,nh=8,nr23=[1,1],kv=16384,nb=4096,mask=1,sinks=0,max_bias=0.000000,logit_softcap=0.000000,prec=f32,type_K=f16,type_V=f16,permute=[0,1,2,3],kv_view=1,v_is_view_of_k=1,n_kv_max=0): not supported
  FLASH_ATTN_EXT(hsk=576,hsv=512,nh=8,nr23=[4,1],kv=16384,nb=1,mask=1,sinks=0,max_bias=0.000000,logit_softcap=0.000000,prec=f32,type_K=f16,type_V=f16,permute=[0,1,2,3],kv_view=1,v_is_view_of_k=1,n_kv_max=0):                  968 runs -  1097.18 us/run -   1.14 GFLOP/run - [1;34m  1.04 TFLOPS[0m
  FLASH_ATTN_EXT(hsk=576,hsv=512,nh=8,nr23=[4,1],kv=16384,nb=4096,mask=1,sinks=0,max_bias=0.000000,logit_softcap=0.000000,prec=f32,type_K=f16,type_V=f16,permute=[0,1,2,3],kv_view=1,v_is_view_of_k=1,n_kv_max=0):                 1 runs - 1123434.00 us/run -   4.67 TFLOP/run - [1;34m  4.16 TFLOPS[0m
  FLASH_ATTN_EXT(hsk=576,hsv=512,nh=8,nr23=[8,1],kv=16384,nb=1,mask=1,sinks=0,max_bias=0.000000,logit_softcap=0.000000,prec=f32,type_K=f16,type_V=f16,permute=[0,1,2,3],kv_view=1,v_is_view_of_k=1,n_kv_max=0):                  484 runs -  2159.14 us/run -   2.28 GFLOP/run - [1;34m  1.06 TFLOPS[0m
  FLASH_ATTN_EXT(hsk=576,hsv=512,nh=8,nr23=[8,1],kv=16384,nb=4096,mask=1,sinks=0,max_bias=0.000000,logit_softcap=0.000000,prec=f32,type_K=f16,type_V=f16,permute=[0,1,2,3],kv_view=1,v_is_view_of_k=1,n_kv_max=0):                 1 runs - 2245216.00 us/run -   9.35 TFLOP/run - [1;34m  4.16 TFLOPS[0m
  FLASH_ATTN_EXT(hsk=64,hsv=64,nh=8,nr23=[1,1],kv=32768,nb=1,mask=1,sinks=0,max_bias=0.000000,logit_softcap=0.000000,prec=f32,type_K=f16,type_V=f16,permute=[0,1,2,3],kv_view=1,v_is_view_of_k=0,n_kv_max=0):                   8946 runs -   124.60 us/run -  67.11 MFLOP/run - [1;34m538.60 GFLOPS[0m
  FLASH_ATTN_EXT(hsk=64,hsv=64,nh=8,nr23=[1,1],kv=32768,nb=4096,mask=1,sinks=0,max_bias=0.000000,logit_softcap=0.000000,prec=f32,type_K=f16,type_V=f16,permute=[0,1,2,3],kv_view=1,v_is_view_of_k=0,n_kv_max=0):                 106 runs -  9482.94 us/run - 274.88 GFLOP/run - [1;34m 28.99 TFLOPS[0m
  FLASH_ATTN_EXT(hsk=64,hsv=64,nh=8,nr23=[4,1],kv=32768,nb=1,mask=1,sinks=0,max_bias=0.000000,logit_softcap=0.000000,prec=f32,type_K=f16,type_V=f16,permute=[0,1,2,3],kv_view=1,v_is_view_of_k=0,n_kv_max=0):                   2238 runs -   451.55 us/run - 268.44 MFLOP/run - [1;34m594.47 GFLOPS[0m
  FLASH_ATTN_EXT(hsk=64,hsv=64,nh=8,nr23=[4,1],kv=32768,nb=4096,mask=1,sinks=0,max_bias=0.000000,logit_softcap=0.000000,prec=f32,type_K=f16,type_V=f16,permute=[0,1,2,3],kv_view=1,v_is_view_of_k=0,n_kv_max=0):                  26 runs - 39536.58 us/run -   1.10 TFLOP/run - [1;34m 27.81 TFLOPS[0m
  FLASH_ATTN_EXT(hsk=64,hsv=64,nh=8,nr23=[8,1],kv=32768,nb=1,mask=1,sinks=0,max_bias=0.000000,logit_softcap=0.000000,prec=f32,type_K=f16,type_V=f16,permute=[0,1,2,3],kv_view=1,v_is_view_of_k=0,n_kv_max=0):                   4488 runs -   223.86 us/run - 536.87 MFLOP/run - [1;34m  2.40 TFLOPS[0m
  FLASH_ATTN_EXT(hsk=64,hsv=64,nh=8,nr23=[8,1],kv=32768,nb=4096,mask=1,sinks=0,max_bias=0.000000,logit_softcap=0.000000,prec=f32,type_K=f16,type_V=f16,permute=[0,1,2,3],kv_view=1,v_is_view_of_k=0,n_kv_max=0):                  13 runs - 77471.54 us/run -   2.20 TFLOP/run - [1;34m 28.38 TFLOPS[0m
  FLASH_ATTN_EXT(hsk=128,hsv=128,nh=8,nr23=[1,1],kv=32768,nb=1,mask=1,sinks=0,max_bias=0.000000,logit_softcap=0.000000,prec=f32,type_K=f16,type_V=f16,permute=[0,1,2,3],kv_view=1,v_is_view_of_k=0,n_kv_max=0):                 4476 runs -   236.03 us/run - 134.22 MFLOP/run - [1;34m568.65 GFLOPS[0m
  FLASH_ATTN_EXT(hsk=128,hsv=128,nh=8,nr23=[1,1],kv=32768,nb=4096,mask=1,sinks=0,max_bias=0.000000,logit_softcap=0.000000,prec=f32,type_K=f16,type_V=f16,permute=[0,1,2,3],kv_view=1,v_is_view_of_k=0,n_kv_max=0):                80 runs - 12610.29 us/run - 549.76 GFLOP/run - [1;34m 43.60 TFLOPS[0m
  FLASH_ATTN_EXT(hsk=128,hsv=128,nh=8,nr23=[4,1],kv=32768,nb=1,mask=1,sinks=0,max_bias=0.000000,logit_softcap=0.000000,prec=f32,type_K=f16,type_V=f16,permute=[0,1,2,3],kv_view=1,v_is_view_of_k=0,n_kv_max=0):                 1683 runs -   608.82 us/run - 536.87 MFLOP/run - [1;34m881.82 GFLOPS[0m
  FLASH_ATTN_EXT(hsk=128,hsv=128,nh=8,nr23=[4,1],kv=32768,nb=4096,mask=1,sinks=0,max_bias=0.000000,logit_softcap=0.000000,prec=f32,type_K=f16,type_V=f16,permute=[0,1,2,3],kv_view=1,v_is_view_of_k=0,n_kv_max=0):                20 runs - 50166.40 us/run -   2.20 TFLOP/run - [1;34m 43.83 TFLOPS[0m
  FLASH_ATTN_EXT(hsk=128,hsv=128,nh=8,nr23=[8,1],kv=32768,nb=1,mask=1,sinks=0,max_bias=0.000000,logit_softcap=0.000000,prec=f32,type_K=f16,type_V=f16,permute=[0,1,2,3],kv_view=1,v_is_view_of_k=0,n_kv_max=0):                 1692 runs -   625.10 us/run -   1.07 GFLOP/run - [1;34m  1.72 TFLOPS[0m
  FLASH_ATTN_EXT(hsk=128,hsv=128,nh=8,nr23=[8,1],kv=32768,nb=4096,mask=1,sinks=0,max_bias=0.000000,logit_softcap=0.000000,prec=f32,type_K=f16,type_V=f16,permute=[0,1,2,3],kv_view=1,v_is_view_of_k=0,n_kv_max=0):                11 runs - 100112.36 us/run -   4.40 TFLOP/run - [1;34m 43.93 TFLOPS[0m
  FLASH_ATTN_EXT(hsk=256,hsv=256,nh=8,nr23=[1,1],kv=32768,nb=1,mask=1,sinks=0,max_bias=0.000000,logit_softcap=0.000000,prec=f32,type_K=f16,type_V=f16,permute=[0,1,2,3],kv_view=1,v_is_view_of_k=0,n_kv_max=0):                 2238 runs -   477.92 us/run - 268.44 MFLOP/run - [1;34m561.67 GFLOPS[0m
  FLASH_ATTN_EXT(hsk=256,hsv=256,nh=8,nr23=[1,1],kv=32768,nb=4096,mask=1,sinks=0,max_bias=0.000000,logit_softcap=0.000000,prec=f32,type_K=f16,type_V=f16,permute=[0,1,2,3],kv_view=1,v_is_view_of_k=0,n_kv_max=0):                56 runs - 18069.18 us/run -   1.10 TFLOP/run - [1;34m 60.85 TFLOPS[0m
  FLASH_ATTN_EXT(hsk=256,hsv=256,nh=8,nr23=[4,1],kv=32768,nb=1,mask=1,sinks=0,max_bias=0.000000,logit_softcap=0.000000,prec=f32,type_K=f16,type_V=f16,permute=[0,1,2,3],kv_view=1,v_is_view_of_k=0,n_kv_max=0):                  846 runs -  1310.47 us/run -   1.07 GFLOP/run - [1;34m819.36 GFLOPS[0m
  FLASH_ATTN_EXT(hsk=256,hsv=256,nh=8,nr23=[4,1],kv=32768,nb=4096,mask=1,sinks=0,max_bias=0.000000,logit_softcap=0.000000,prec=f32,type_K=f16,type_V=f16,permute=[0,1,2,3],kv_view=1,v_is_view_of_k=0,n_kv_max=0):                14 runs - 73007.50 us/run -   4.40 TFLOP/run - [1;34m 60.24 TFLOPS[0m
  FLASH_ATTN_EXT(hsk=256,hsv=256,nh=8,nr23=[8,1],kv=32768,nb=1,mask=1,sinks=0,max_bias=0.000000,logit_softcap=0.000000,prec=f32,type_K=f16,type_V=f16,permute=[0,1,2,3],kv_view=1,v_is_view_of_k=0,n_kv_max=0):                  893 runs -  1144.64 us/run -   2.15 GFLOP/run - [1;34m  1.88 TFLOPS[0m
  FLASH_ATTN_EXT(hsk=256,hsv=256,nh=8,nr23=[8,1],kv=32768,nb=4096,mask=1,sinks=0,max_bias=0.000000,logit_softcap=0.000000,prec=f32,type_K=f16,type_V=f16,permute=[0,1,2,3],kv_view=1,v_is_view_of_k=0,n_kv_max=0):                 7 runs - 146158.86 us/run -   8.80 TFLOP/run - [1;34m 60.18 TFLOPS[0m
  FLASH_ATTN_EXT(hsk=576,hsv=512,nh=8,nr23=[1,1],kv=32768,nb=1,mask=1,sinks=0,max_bias=0.000000,logit_softcap=0.000000,prec=f32,type_K=f16,type_V=f16,permute=[0,1,2,3],kv_view=1,v_is_view_of_k=1,n_kv_max=0): not supported
  FLASH_ATTN_EXT(hsk=576,hsv=512,nh=8,nr23=[1,1],kv=32768,nb=4096,mask=1,sinks=0,max_bias=0.000000,logit_softcap=0.000000,prec=f32,type_K=f16,type_V=f16,permute=[0,1,2,3],kv_view=1,v_is_view_of_k=1,n_kv_max=0): not supported
  FLASH_ATTN_EXT(hsk=576,hsv=512,nh=8,nr23=[4,1],kv=32768,nb=1,mask=1,sinks=0,max_bias=0.000000,logit_softcap=0.000000,prec=f32,type_K=f16,type_V=f16,permute=[0,1,2,3],kv_view=1,v_is_view_of_k=1,n_kv_max=0):                  484 runs -  2175.73 us/run -   2.28 GFLOP/run - [1;34m  1.05 TFLOPS[0m
  FLASH_ATTN_EXT(hsk=576,hsv=512,nh=8,nr23=[4,1],kv=32768,nb=4096,mask=1,sinks=0,max_bias=0.000000,logit_softcap=0.000000,prec=f32,type_K=f16,type_V=f16,permute=[0,1,2,3],kv_view=1,v_is_view_of_k=1,n_kv_max=0):                 1 runs - 2248646.00 us/run -   9.35 TFLOP/run - [1;34m  4.16 TFLOPS[0m
  FLASH_ATTN_EXT(hsk=576,hsv=512,nh=8,nr23=[8,1],kv=32768,nb=1,mask=1,sinks=0,max_bias=0.000000,logit_softcap=0.000000,prec=f32,type_K=f16,type_V=f16,permute=[0,1,2,3],kv_view=1,v_is_view_of_k=1,n_kv_max=0):                  242 runs -  4311.41 us/run -   4.56 GFLOP/run - [1;34m  1.06 TFLOPS[0m
  FLASH_ATTN_EXT(hsk=576,hsv=512,nh=8,nr23=[8,1],kv=32768,nb=4096,mask=1,sinks=0,max_bias=0.000000,logit_softcap=0.000000,prec=f32,type_K=f16,type_V=f16,permute=[0,1,2,3],kv_view=1,v_is_view_of_k=1,n_kv_max=0):                 1 runs - 4501489.00 us/run -  18.69 TFLOP/run - [1;34m  4.15 TFLOPS[0m
  FLASH_ATTN_EXT(hsk=64,hsv=64,nh=8,nr23=[1,1],kv=65536,nb=1,mask=1,sinks=0,max_bias=0.000000,logit_softcap=0.000000,prec=f32,type_K=f16,type_V=f16,permute=[0,1,2,3],kv_view=1,v_is_view_of_k=0,n_kv_max=0):                   4476 runs -   239.67 us/run - 134.22 MFLOP/run - [1;34m560.01 GFLOPS[0m
  FLASH_ATTN_EXT(hsk=64,hsv=64,nh=8,nr23=[1,1],kv=65536,nb=4096,mask=1,sinks=0,max_bias=0.000000,logit_softcap=0.000000,prec=f32,type_K=f16,type_V=f16,permute=[0,1,2,3],kv_view=1,v_is_view_of_k=0,n_kv_max=0):                  57 runs - 17756.86 us/run - 549.76 GFLOP/run - [1;34m 30.96 TFLOPS[0m
  FLASH_ATTN_EXT(hsk=64,hsv=64,nh=8,nr23=[4,1],kv=65536,nb=1,mask=1,sinks=0,max_bias=0.000000,logit_softcap=0.000000,prec=f32,type_K=f16,type_V=f16,permute=[0,1,2,3],kv_view=1,v_is_view_of_k=0,n_kv_max=0):                   1309 runs -   880.40 us/run - 536.87 MFLOP/run - [1;34m609.80 GFLOPS[0m
  FLASH_ATTN_EXT(hsk=64,hsv=64,nh=8,nr23=[4,1],kv=65536,nb=4096,mask=1,sinks=0,max_bias=0.000000,logit_softcap=0.000000,prec=f32,type_K=f16,type_V=f16,permute=[0,1,2,3],kv_view=1,v_is_view_of_k=0,n_kv_max=0):                  14 runs - 75778.21 us/run -   2.20 TFLOP/run - [1;34m 29.02 TFLOPS[0m
  FLASH_ATTN_EXT(hsk=64,hsv=64,nh=8,nr23=[8,1],kv=65536,nb=1,mask=1,sinks=0,max_bias=0.000000,logit_softcap=0.000000,prec=f32,type_K=f16,type_V=f16,permute=[0,1,2,3],kv_view=1,v_is_view_of_k=0,n_kv_max=0):                   2162 runs -   464.01 us/run -   1.07 GFLOP/run - [1;34m  2.31 TFLOPS[0m
  FLASH_ATTN_EXT(hsk=64,hsv=64,nh=8,nr23=[8,1],kv=65536,nb=4096,mask=1,sinks=0,max_bias=0.000000,logit_softcap=0.000000,prec=f32,type_K=f16,type_V=f16,permute=[0,1,2,3],kv_view=1,v_is_view_of_k=0,n_kv_max=0):                   7 runs - 151096.43 us/run -   4.40 TFLOP/run - [1;34m 29.11 TFLOPS[0m
  FLASH_ATTN_EXT(hsk=128,hsv=128,nh=8,nr23=[1,1],kv=65536,nb=1,mask=1,sinks=0,max_bias=0.000000,logit_softcap=0.000000,prec=f32,type_K=f16,type_V=f16,permute=[0,1,2,3],kv_view=1,v_is_view_of_k=0,n_kv_max=0):                 2238 runs -   460.45 us/run - 268.44 MFLOP/run - [1;34m582.99 GFLOPS[0m
  FLASH_ATTN_EXT(hsk=128,hsv=128,nh=8,nr23=[1,1],kv=65536,nb=4096,mask=1,sinks=0,max_bias=0.000000,logit_softcap=0.000000,prec=f32,type_K=f16,type_V=f16,permute=[0,1,2,3],kv_view=1,v_is_view_of_k=0,n_kv_max=0):                43 runs - 23390.51 us/run -   1.10 TFLOP/run - [1;34m 47.01 TFLOPS[0m
  FLASH_ATTN_EXT(hsk=128,hsv=128,nh=8,nr23=[4,1],kv=65536,nb=1,mask=1,sinks=0,max_bias=0.000000,logit_softcap=0.000000,prec=f32,type_K=f16,type_V=f16,permute=[0,1,2,3],kv_view=1,v_is_view_of_k=0,n_kv_max=0):                  846 runs -  1192.97 us/run -   1.07 GFLOP/run - [1;34m900.06 GFLOPS[0m
  FLASH_ATTN_EXT(hsk=128,hsv=128,nh=8,nr23=[4,1],kv=65536,nb=4096,mask=1,sinks=0,max_bias=0.000000,logit_softcap=0.000000,prec=f32,type_K=f16,type_V=f16,permute=[0,1,2,3],kv_view=1,v_is_view_of_k=0,n_kv_max=0):                11 runs - 93955.18 us/run -   4.40 TFLOP/run - [1;34m 46.81 TFLOPS[0m
  FLASH_ATTN_EXT(hsk=128,hsv=128,nh=8,nr23=[8,1],kv=65536,nb=1,mask=1,sinks=0,max_bias=0.000000,logit_softcap=0.000000,prec=f32,type_K=f16,type_V=f16,permute=[0,1,2,3],kv_view=1,v_is_view_of_k=0,n_kv_max=0):                  846 runs -  1233.42 us/run -   2.15 GFLOP/run - [1;34m  1.74 TFLOPS[0m
  FLASH_ATTN_EXT(hsk=128,hsv=128,nh=8,nr23=[8,1],kv=65536,nb=4096,mask=1,sinks=0,max_bias=0.000000,logit_softcap=0.000000,prec=f32,type_K=f16,type_V=f16,permute=[0,1,2,3],kv_view=1,v_is_view_of_k=0,n_kv_max=0):                 6 runs - 188740.00 us/run -   8.80 TFLOP/run - [1;34m 46.60 TFLOPS[0m
  FLASH_ATTN_EXT(hsk=256,hsv=256,nh=8,nr23=[1,1],kv=65536,nb=1,mask=1,sinks=0,max_bias=0.000000,logit_softcap=0.000000,prec=f32,type_K=f16,type_V=f16,permute=[0,1,2,3],kv_view=1,v_is_view_of_k=0,n_kv_max=0):                 1122 runs -   926.61 us/run - 536.87 MFLOP/run - [1;34m579.39 GFLOPS[0m
  FLASH_ATTN_EXT(hsk=256,hsv=256,nh=8,nr23=[1,1],kv=65536,nb=4096,mask=1,sinks=0,max_bias=0.000000,logit_softcap=0.000000,prec=f32,type_K=f16,type_V=f16,permute=[0,1,2,3],kv_view=1,v_is_view_of_k=0,n_kv_max=0):                29 runs - 34569.21 us/run -   2.20 TFLOP/run - [1;34m 63.61 TFLOPS[0m
  FLASH_ATTN_EXT(hsk=256,hsv=256,nh=8,nr23=[4,1],kv=65536,nb=1,mask=1,sinks=0,max_bias=0.000000,logit_softcap=0.000000,prec=f32,type_K=f16,type_V=f16,permute=[0,1,2,3],kv_view=1,v_is_view_of_k=0,n_kv_max=0):                  423 runs -  2605.86 us/run -   2.15 GFLOP/run - [1;34m824.10 GFLOPS[0m
  FLASH_ATTN_EXT(hsk=256,hsv=256,nh=8,nr23=[4,1],kv=65536,nb=4096,mask=1,sinks=0,max_bias=0.000000,logit_softcap=0.000000,prec=f32,type_K=f16,type_V=f16,permute=[0,1,2,3],kv_view=1,v_is_view_of_k=0,n_kv_max=0):                 8 runs - 139794.00 us/run -   8.80 TFLOP/run - [1;34m 62.92 TFLOPS[0m
  FLASH_ATTN_EXT(hsk=256,hsv=256,nh=8,nr23=[8,1],kv=65536,nb=1,mask=1,sinks=0,max_bias=0.000000,logit_softcap=0.000000,prec=f32,type_K=f16,type_V=f16,permute=[0,1,2,3],kv_view=1,v_is_view_of_k=0,n_kv_max=0):                  456 runs -  2297.83 us/run -   4.29 GFLOP/run - [1;34m  1.87 TFLOPS[0m
  FLASH_ATTN_EXT(hsk=256,hsv=256,nh=8,nr23=[8,1],kv=65536,nb=4096,mask=1,sinks=0,max_bias=0.000000,logit_softcap=0.000000,prec=f32,type_K=f16,type_V=f16,permute=[0,1,2,3],kv_view=1,v_is_view_of_k=0,n_kv_max=0):                 4 runs - 280900.00 us/run -  17.59 TFLOP/run - [1;34m 62.63 TFLOPS[0m
  FLASH_ATTN_EXT(hsk=576,hsv=512,nh=8,nr23=[1,1],kv=65536,nb=1,mask=1,sinks=0,max_bias=0.000000,logit_softcap=0.000000,prec=f32,type_K=f16,type_V=f16,permute=[0,1,2,3],kv_view=1,v_is_view_of_k=1,n_kv_max=0): not supported
  FLASH_ATTN_EXT(hsk=576,hsv=512,nh=8,nr23=[1,1],kv=65536,nb=4096,mask=1,sinks=0,max_bias=0.000000,logit_softcap=0.000000,prec=f32,type_K=f16,type_V=f16,permute=[0,1,2,3],kv_view=1,v_is_view_of_k=1,n_kv_max=0): not supported
  FLASH_ATTN_EXT(hsk=576,hsv=512,nh=8,nr23=[4,1],kv=65536,nb=1,mask=1,sinks=0,max_bias=0.000000,logit_softcap=0.000000,prec=f32,type_K=f16,type_V=f16,permute=[0,1,2,3],kv_view=1,v_is_view_of_k=1,n_kv_max=0):                  242 runs -  4375.24 us/run -   4.56 GFLOP/run - [1;34m  1.04 TFLOPS[0m
  FLASH_ATTN_EXT(hsk=576,hsv=512,nh=8,nr23=[4,1],kv=65536,nb=4096,mask=1,sinks=0,max_bias=0.000000,logit_softcap=0.000000,prec=f32,type_K=f16,type_V=f16,permute=[0,1,2,3],kv_view=1,v_is_view_of_k=1,n_kv_max=0):                 1 runs - 4537004.00 us/run -  18.69 TFLOP/run - [1;34m  4.12 TFLOPS[0m
  FLASH_ATTN_EXT(hsk=576,hsv=512,nh=8,nr23=[8,1],kv=65536,nb=1,mask=1,sinks=0,max_bias=0.000000,logit_softcap=0.000000,prec=f32,type_K=f16,type_V=f16,permute=[0,1,2,3],kv_view=1,v_is_view_of_k=1,n_kv_max=0):                  121 runs -  8555.21 us/run -   9.13 GFLOP/run - [1;34m  1.07 TFLOPS[0m
  FLASH_ATTN_EXT(hsk=576,hsv=512,nh=8,nr23=[8,1],kv=65536,nb=4096,mask=1,sinks=0,max_bias=0.000000,logit_softcap=0.000000,prec=f32,type_K=f16,type_V=f16,permute=[0,1,2,3],kv_view=1,v_is_view_of_k=1,n_kv_max=0):                 1 runs - 9130606.00 us/run -  37.38 TFLOP/run - [1;34m  4.09 TFLOPS[0m
  Backend SYCL0: [1;32mOK[0m
Backend 2/2: CPU
  Skipping
2/2 backends passed
[1;32mOK[0m
