load_backend: loaded SYCL backend from /devbin/libggml-sycl.so
load_backend: loaded CPU backend from /devbin/libggml-cpu-zen4.so
Build with Macros:
  GGML_SYCL_DNNL: yes
  GGML_SYCL_F16: yes
  GGML_SYCL_FORCE_MMQ: no
  GGML_SYCL_GRAPH: yes
  GGML_SYCL_SUPPORT_LEVEL_ZERO_API: yes
  GGML_SYCL_SUPPORT_VMM: yes
Running with Environment Variables:
  GGML_SYCL_DEBUG: 0
  GGML_SYCL_DEV2DEV_MEMCPY: 0 (SYCL API)
  GGML_SYCL_GET_MEM_API: 0 (Level Zero API)
  GGML_SYCL_ENABLE_DNN: 1
  GGML_SYCL_FA_ONEDNN: 1
  GGML_SYCL_FA_ONEDNN_MAX_KV: 0
  GGML_SYCL_FA_ONEDNN_MIN_Q: 32
  GGML_SYCL_ENABLE_MKL_FA: 1
  GGML_SYCL_MEMTRACE: 0
  GGML_SYCL_MEMTRACE_STEP: 64
  GGML_SYCL_ENABLE_FLASH_ATTN: 1
  GGML_SYCL_ENABLE_GRAPH: 0
  GGML_SYCL_ENABLE_OPT: 1
  GGML_SYCL_ENABLE_VMM: 1
  GGML_SYCL_ENABLE_FUSION: 1
  GGML_SYCL_ENABLE_ESIMD: 1
  GGML_SYCL_PRIORITIZE_DMMV: 0
  GGML_SYCL_USE_ASYNC_MEM_OP: 1
  GGML_SYCL_USE_LEVEL_ZERO_API: 1
  GGML_SYCL_USM_SYSTEM: 0
  GGML_SYCL_ENABLE_HOST_PINNED_MEM: 1
  GGML_SYCL_HOST_PINNED_MEM_2G: 0
Found 1 SYCL devices:
|  |                   |                                       |       |Max    |        |Max  |Global |                     |
|  |                   |                                       |       |compute|Max work|sub  |mem    |                     |
|ID|        Device Type|                                   Name|Version|units  |group   |group|size   |       Driver version|
|--|-------------------|---------------------------------------|-------|-------|--------|-----|-------|---------------------|
| 0| [level_zero:gpu:0]|             Intel Arc Pro B70 Graphics|   20.2|    256|    1024|   32| 34242M|         1.15.38308+1|
SYCL Optimization Feature:
|ID|        Device Type|Reorder|
|--|-------------------|-------|
| 0| [level_zero:gpu:0]|      Y|
Testing 2 devices

Backend 1/2: SYCL0
  Device description: Intel(R) Arc(TM) Pro B70 Graphics
  Device memory: 32656 MB (32580 MB free)

  TOP_K(type=f32,ne=[1,2,1,3],k=1,ties=1): [1;32mOK[0m
  TOP_K(type=f32,ne=[2,2,1,3],k=1,ties=1): [1;32mOK[0m
  TOP_K(type=f32,ne=[2,2,1,3],k=2,ties=1): [1;32mOK[0m
  TOP_K(type=f32,ne=[3,2,1,3],k=1,ties=1): [1;32mOK[0m
  TOP_K(type=f32,ne=[3,2,1,3],k=2,ties=1): [1;32mOK[0m
  TOP_K(type=f32,ne=[3,2,1,3],k=3,ties=1): [1;32mOK[0m
  TOP_K(type=f32,ne=[4,2,1,3],k=1,ties=1): [1;32mOK[0m
  TOP_K(type=f32,ne=[4,2,1,3],k=2,ties=1): [1;32mOK[0m
  TOP_K(type=f32,ne=[4,2,1,3],k=3,ties=1): [1;32mOK[0m
  TOP_K(type=f32,ne=[4,2,1,3],k=4,ties=1): [1;32mOK[0m
  TOP_K(type=f32,ne=[1,1,1,1],k=1,ties=0): [1;32mOK[0m
  TOP_K(type=f32,ne=[12,1,2,1],k=1,ties=0): [1;32mOK[0m
  TOP_K(type=f32,ne=[12,1,2,1],k=1,ties=1): [1;32mOK[0m
  TOP_K(type=f32,ne=[2,1,1,1],k=1,ties=0): [1;32mOK[0m
  TOP_K(type=f32,ne=[13,1,2,1],k=1,ties=0): [1;32mOK[0m
  TOP_K(type=f32,ne=[13,1,2,1],k=1,ties=1): [1;32mOK[0m
  TOP_K(type=f32,ne=[2,1,1,1],k=2,ties=0): [1;32mOK[0m
  TOP_K(type=f32,ne=[13,1,2,1],k=2,ties=0): [1;32mOK[0m
  TOP_K(type=f32,ne=[13,1,2,1],k=2,ties=1): [1;32mOK[0m
  TOP_K(type=f32,ne=[4,1,1,1],k=1,ties=0): [1;32mOK[0m
  TOP_K(type=f32,ne=[15,1,2,1],k=1,ties=0): [1;32mOK[0m
  TOP_K(type=f32,ne=[15,1,2,1],k=1,ties=1): [1;32mOK[0m
  TOP_K(type=f32,ne=[4,1,1,1],k=2,ties=0): [1;32mOK[0m
  TOP_K(type=f32,ne=[15,1,2,1],k=2,ties=0): [1;32mOK[0m
  TOP_K(type=f32,ne=[15,1,2,1],k=2,ties=1): [1;32mOK[0m
  TOP_K(type=f32,ne=[4,1,1,1],k=3,ties=0): [1;32mOK[0m
  TOP_K(type=f32,ne=[15,1,2,1],k=3,ties=0): [1;32mOK[0m
  TOP_K(type=f32,ne=[15,1,2,1],k=3,ties=1): [1;32mOK[0m
  TOP_K(type=f32,ne=[8,1,1,1],k=1,ties=0): [1;32mOK[0m
  TOP_K(type=f32,ne=[19,1,2,1],k=1,ties=0): [1;32mOK[0m
  TOP_K(type=f32,ne=[19,1,2,1],k=1,ties=1): [1;32mOK[0m
  TOP_K(type=f32,ne=[8,1,1,1],k=2,ties=0): [1;32mOK[0m
  TOP_K(type=f32,ne=[19,1,2,1],k=2,ties=0): [1;32mOK[0m
  TOP_K(type=f32,ne=[19,1,2,1],k=2,ties=1): [1;32mOK[0m
  TOP_K(type=f32,ne=[8,1,1,1],k=3,ties=0): [1;32mOK[0m
  TOP_K(type=f32,ne=[19,1,2,1],k=3,ties=0): [1;32mOK[0m
  TOP_K(type=f32,ne=[19,1,2,1],k=3,ties=1): [1;32mOK[0m
  TOP_K(type=f32,ne=[8,1,1,1],k=7,ties=0): [1;32mOK[0m
  TOP_K(type=f32,ne=[19,1,2,1],k=7,ties=0): [1;32mOK[0m
  TOP_K(type=f32,ne=[19,1,2,1],k=7,ties=1): [1;32mOK[0m
  TOP_K(type=f32,ne=[16,1,1,1],k=1,ties=0): [1;32mOK[0m
  TOP_K(type=f32,ne=[27,1,2,1],k=1,ties=0): [1;32mOK[0m
  TOP_K(type=f32,ne=[27,1,2,1],k=1,ties=1): [1;32mOK[0m
  TOP_K(type=f32,ne=[16,1,1,1],k=2,ties=0): [1;32mOK[0m
  TOP_K(type=f32,ne=[27,1,2,1],k=2,ties=0): [1;32mOK[0m
  TOP_K(type=f32,ne=[27,1,2,1],k=2,ties=1): [1;32mOK[0m
  TOP_K(type=f32,ne=[16,1,1,1],k=3,ties=0): [1;32mOK[0m
  TOP_K(type=f32,ne=[27,1,2,1],k=3,ties=0): [1;32mOK[0m
  TOP_K(type=f32,ne=[27,1,2,1],k=3,ties=1): [1;32mOK[0m
  TOP_K(type=f32,ne=[16,1,1,1],k=7,ties=0): [1;32mOK[0m
  TOP_K(type=f32,ne=[27,1,2,1],k=7,ties=0): [1;32mOK[0m
  TOP_K(type=f32,ne=[27,1,2,1],k=7,ties=1): [1;32mOK[0m
  TOP_K(type=f32,ne=[16,1,1,1],k=15,ties=0): [1;32mOK[0m
  TOP_K(type=f32,ne=[27,1,2,1],k=15,ties=0): [1;32mOK[0m
  TOP_K(type=f32,ne=[27,1,2,1],k=15,ties=1): [1;32mOK[0m
  TOP_K(type=f32,ne=[32,1,1,1],k=1,ties=0): [1;32mOK[0m
  TOP_K(type=f32,ne=[43,1,2,1],k=1,ties=0): [1;32mOK[0m
  TOP_K(type=f32,ne=[43,1,2,1],k=1,ties=1): [1;32mOK[0m
  TOP_K(type=f32,ne=[32,1,1,1],k=2,ties=0): [1;32mOK[0m
  TOP_K(type=f32,ne=[43,1,2,1],k=2,ties=0): [1;32mOK[0m
  TOP_K(type=f32,ne=[43,1,2,1],k=2,ties=1): [1;32mOK[0m
  TOP_K(type=f32,ne=[32,1,1,1],k=3,ties=0): [1;32mOK[0m
  TOP_K(type=f32,ne=[43,1,2,1],k=3,ties=0): [1;32mOK[0m
  TOP_K(type=f32,ne=[43,1,2,1],k=3,ties=1): [1;32mOK[0m
  TOP_K(type=f32,ne=[32,1,1,1],k=7,ties=0): [1;32mOK[0m
  TOP_K(type=f32,ne=[43,1,2,1],k=7,ties=0): [1;32mOK[0m
  TOP_K(type=f32,ne=[43,1,2,1],k=7,ties=1): [1;32mOK[0m
  TOP_K(type=f32,ne=[32,1,1,1],k=15,ties=0): [1;32mOK[0m
  TOP_K(type=f32,ne=[43,1,2,1],k=15,ties=0): [1;32mOK[0m
  TOP_K(type=f32,ne=[43,1,2,1],k=15,ties=1): [1;32mOK[0m
  TOP_K(type=f32,ne=[64,1,1,1],k=1,ties=0): [1;32mOK[0m
  TOP_K(type=f32,ne=[75,1,2,1],k=1,ties=0): [1;32mOK[0m
  TOP_K(type=f32,ne=[75,1,2,1],k=1,ties=1): [1;32mOK[0m
  TOP_K(type=f32,ne=[64,1,1,1],k=2,ties=0): [1;32mOK[0m
  TOP_K(type=f32,ne=[75,1,2,1],k=2,ties=0): [1;32mOK[0m
  TOP_K(type=f32,ne=[75,1,2,1],k=2,ties=1): [1;32mOK[0m
  TOP_K(type=f32,ne=[64,1,1,1],k=3,ties=0): [1;32mOK[0m
  TOP_K(type=f32,ne=[75,1,2,1],k=3,ties=0): [1;32mOK[0m
  TOP_K(type=f32,ne=[75,1,2,1],k=3,ties=1): [1;32mOK[0m
  TOP_K(type=f32,ne=[64,1,1,1],k=7,ties=0): [1;32mOK[0m
  TOP_K(type=f32,ne=[75,1,2,1],k=7,ties=0): [1;32mOK[0m
  TOP_K(type=f32,ne=[75,1,2,1],k=7,ties=1): [1;32mOK[0m
  TOP_K(type=f32,ne=[64,1,1,1],k=15,ties=0): [1;32mOK[0m
  TOP_K(type=f32,ne=[75,1,2,1],k=15,ties=0): [1;32mOK[0m
  TOP_K(type=f32,ne=[75,1,2,1],k=15,ties=1): [1;32mOK[0m
  TOP_K(type=f32,ne=[128,1,1,1],k=1,ties=0): [1;32mOK[0m
  TOP_K(type=f32,ne=[139,1,2,1],k=1,ties=0): [1;32mOK[0m
  TOP_K(type=f32,ne=[139,1,2,1],k=1,ties=1): [1;32mOK[0m
  TOP_K(type=f32,ne=[128,1,1,1],k=2,ties=0): [1;32mOK[0m
  TOP_K(type=f32,ne=[139,1,2,1],k=2,ties=0): [1;32mOK[0m
  TOP_K(type=f32,ne=[139,1,2,1],k=2,ties=1): [1;32mOK[0m
  TOP_K(type=f32,ne=[128,1,1,1],k=3,ties=0): [1;32mOK[0m
  TOP_K(type=f32,ne=[139,1,2,1],k=3,ties=0): [1;32mOK[0m
  TOP_K(type=f32,ne=[139,1,2,1],k=3,ties=1): [1;32mOK[0m
  TOP_K(type=f32,ne=[128,1,1,1],k=7,ties=0): [1;32mOK[0m
  TOP_K(type=f32,ne=[139,1,2,1],k=7,ties=0): [1;32mOK[0m
  TOP_K(type=f32,ne=[139,1,2,1],k=7,ties=1): [1;32mOK[0m
  TOP_K(type=f32,ne=[128,1,1,1],k=15,ties=0): [1;32mOK[0m
  TOP_K(type=f32,ne=[139,1,2,1],k=15,ties=0): [1;32mOK[0m
  TOP_K(type=f32,ne=[139,1,2,1],k=15,ties=1): [1;32mOK[0m
  TOP_K(type=f32,ne=[128,1,1,1],k=100,ties=0): [1;32mOK[0m
  TOP_K(type=f32,ne=[139,1,2,1],k=100,ties=0): [1;32mOK[0m
  TOP_K(type=f32,ne=[139,1,2,1],k=100,ties=1): [1;32mOK[0m
  TOP_K(type=f32,ne=[256,1,1,1],k=1,ties=0): [1;32mOK[0m
  TOP_K(type=f32,ne=[267,1,2,1],k=1,ties=0): [1;32mOK[0m
  TOP_K(type=f32,ne=[267,1,2,1],k=1,ties=1): [1;32mOK[0m
  TOP_K(type=f32,ne=[256,1,1,1],k=2,ties=0): [1;32mOK[0m
  TOP_K(type=f32,ne=[267,1,2,1],k=2,ties=0): [1;32mOK[0m
  TOP_K(type=f32,ne=[267,1,2,1],k=2,ties=1): [1;32mOK[0m
  TOP_K(type=f32,ne=[256,1,1,1],k=3,ties=0): [1;32mOK[0m
  TOP_K(type=f32,ne=[267,1,2,1],k=3,ties=0): [1;32mOK[0m
  TOP_K(type=f32,ne=[267,1,2,1],k=3,ties=1): [1;32mOK[0m
  TOP_K(type=f32,ne=[256,1,1,1],k=7,ties=0): [1;32mOK[0m
  TOP_K(type=f32,ne=[267,1,2,1],k=7,ties=0): [1;32mOK[0m
  TOP_K(type=f32,ne=[267,1,2,1],k=7,ties=1): [1;32mOK[0m
  TOP_K(type=f32,ne=[256,1,1,1],k=15,ties=0): [1;32mOK[0m
  TOP_K(type=f32,ne=[267,1,2,1],k=15,ties=0): [1;32mOK[0m
  TOP_K(type=f32,ne=[267,1,2,1],k=15,ties=1): [1;32mOK[0m
  TOP_K(type=f32,ne=[256,1,1,1],k=100,ties=0): [1;32mOK[0m
  TOP_K(type=f32,ne=[267,1,2,1],k=100,ties=0): [1;32mOK[0m
  TOP_K(type=f32,ne=[267,1,2,1],k=100,ties=1): [1;32mOK[0m
  TOP_K(type=f32,ne=[512,1,1,1],k=1,ties=0): [1;32mOK[0m
  TOP_K(type=f32,ne=[523,1,2,1],k=1,ties=0): [1;32mOK[0m
  TOP_K(type=f32,ne=[523,1,2,1],k=1,ties=1): [1;32mOK[0m
  TOP_K(type=f32,ne=[512,1,1,1],k=2,ties=0): [1;32mOK[0m
  TOP_K(type=f32,ne=[523,1,2,1],k=2,ties=0): [1;32mOK[0m
  TOP_K(type=f32,ne=[523,1,2,1],k=2,ties=1): [1;32mOK[0m
  TOP_K(type=f32,ne=[512,1,1,1],k=3,ties=0): [1;32mOK[0m
  TOP_K(type=f32,ne=[523,1,2,1],k=3,ties=0): [1;32mOK[0m
  TOP_K(type=f32,ne=[523,1,2,1],k=3,ties=1): [1;32mOK[0m
  TOP_K(type=f32,ne=[512,1,1,1],k=7,ties=0): [1;32mOK[0m
  TOP_K(type=f32,ne=[523,1,2,1],k=7,ties=0): [1;32mOK[0m
  TOP_K(type=f32,ne=[523,1,2,1],k=7,ties=1): [1;32mOK[0m
  TOP_K(type=f32,ne=[512,1,1,1],k=15,ties=0): [1;32mOK[0m
  TOP_K(type=f32,ne=[523,1,2,1],k=15,ties=0): [1;32mOK[0m
  TOP_K(type=f32,ne=[523,1,2,1],k=15,ties=1): [1;32mOK[0m
  TOP_K(type=f32,ne=[512,1,1,1],k=100,ties=0): [1;32mOK[0m
  TOP_K(type=f32,ne=[523,1,2,1],k=100,ties=0): [1;32mOK[0m
  TOP_K(type=f32,ne=[523,1,2,1],k=100,ties=1): [1;32mOK[0m
  TOP_K(type=f32,ne=[512,1,1,1],k=500,ties=0): [1;32mOK[0m
  TOP_K(type=f32,ne=[523,1,2,1],k=500,ties=0): [1;32mOK[0m
  TOP_K(type=f32,ne=[523,1,2,1],k=500,ties=1): [1;32mOK[0m
  TOP_K(type=f32,ne=[1024,1,1,1],k=1,ties=0): [1;32mOK[0m
  TOP_K(type=f32,ne=[1035,1,2,1],k=1,ties=0): [1;32mOK[0m
  TOP_K(type=f32,ne=[1035,1,2,1],k=1,ties=1): [1;32mOK[0m
  TOP_K(type=f32,ne=[1024,1,1,1],k=2,ties=0): [1;32mOK[0m
  TOP_K(type=f32,ne=[1035,1,2,1],k=2,ties=0): [1;32mOK[0m
  TOP_K(type=f32,ne=[1035,1,2,1],k=2,ties=1): [1;32mOK[0m
  TOP_K(type=f32,ne=[1024,1,1,1],k=3,ties=0): [1;32mOK[0m
  TOP_K(type=f32,ne=[1035,1,2,1],k=3,ties=0): [1;32mOK[0m
  TOP_K(type=f32,ne=[1035,1,2,1],k=3,ties=1): [1;32mOK[0m
  TOP_K(type=f32,ne=[1024,1,1,1],k=7,ties=0): [1;32mOK[0m
  TOP_K(type=f32,ne=[1035,1,2,1],k=7,ties=0): [1;32mOK[0m
  TOP_K(type=f32,ne=[1035,1,2,1],k=7,ties=1): [1;32mOK[0m
  TOP_K(type=f32,ne=[1024,1,1,1],k=15,ties=0): [1;32mOK[0m
  TOP_K(type=f32,ne=[1035,1,2,1],k=15,ties=0): [1;32mOK[0m
  TOP_K(type=f32,ne=[1035,1,2,1],k=15,ties=1): [1;32mOK[0m
  TOP_K(type=f32,ne=[1024,1,1,1],k=100,ties=0): [1;32mOK[0m
  TOP_K(type=f32,ne=[1035,1,2,1],k=100,ties=0): [1;32mOK[0m
  TOP_K(type=f32,ne=[1035,1,2,1],k=100,ties=1): [1;32mOK[0m
  TOP_K(type=f32,ne=[1024,1,1,1],k=500,ties=0): [1;32mOK[0m
  TOP_K(type=f32,ne=[1035,1,2,1],k=500,ties=0): [1;32mOK[0m
  TOP_K(type=f32,ne=[1035,1,2,1],k=500,ties=1): [1;32mOK[0m
  TOP_K(type=f32,ne=[1024,1,1,1],k=1023,ties=0): [1;32mOK[0m
  TOP_K(type=f32,ne=[1035,1,2,1],k=1023,ties=0): [1;32mOK[0m
  TOP_K(type=f32,ne=[1035,1,2,1],k=1023,ties=1): [1;32mOK[0m
  TOP_K(type=f32,ne=[2048,1,1,1],k=1,ties=0): [1;32mOK[0m
  TOP_K(type=f32,ne=[2059,1,2,1],k=1,ties=0): [1;32mOK[0m
  TOP_K(type=f32,ne=[2059,1,2,1],k=1,ties=1): [1;32mOK[0m
  TOP_K(type=f32,ne=[2048,1,1,1],k=2,ties=0): [1;32mOK[0m
  TOP_K(type=f32,ne=[2059,1,2,1],k=2,ties=0): [1;32mOK[0m
  TOP_K(type=f32,ne=[2059,1,2,1],k=2,ties=1): [1;32mOK[0m
  TOP_K(type=f32,ne=[2048,1,1,1],k=3,ties=0): [1;32mOK[0m
  TOP_K(type=f32,ne=[2059,1,2,1],k=3,ties=0): [1;32mOK[0m
  TOP_K(type=f32,ne=[2059,1,2,1],k=3,ties=1): [1;32mOK[0m
  TOP_K(type=f32,ne=[2048,1,1,1],k=7,ties=0): [1;32mOK[0m
  TOP_K(type=f32,ne=[2059,1,2,1],k=7,ties=0): [1;32mOK[0m
  TOP_K(type=f32,ne=[2059,1,2,1],k=7,ties=1): [1;32mOK[0m
  TOP_K(type=f32,ne=[2048,1,1,1],k=15,ties=0): [1;32mOK[0m
  TOP_K(type=f32,ne=[2059,1,2,1],k=15,ties=0): [1;32mOK[0m
  TOP_K(type=f32,ne=[2059,1,2,1],k=15,ties=1): [1;32mOK[0m
  TOP_K(type=f32,ne=[2048,1,1,1],k=100,ties=0): [1;32mOK[0m
  TOP_K(type=f32,ne=[2059,1,2,1],k=100,ties=0): [1;32mOK[0m
  TOP_K(type=f32,ne=[2059,1,2,1],k=100,ties=1): [1;32mOK[0m
  TOP_K(type=f32,ne=[2048,1,1,1],k=500,ties=0): [1;32mOK[0m
  TOP_K(type=f32,ne=[2059,1,2,1],k=500,ties=0): [1;32mOK[0m
  TOP_K(type=f32,ne=[2059,1,2,1],k=500,ties=1): [1;32mOK[0m
  TOP_K(type=f32,ne=[2048,1,1,1],k=1023,ties=0): [1;32mOK[0m
  TOP_K(type=f32,ne=[2059,1,2,1],k=1023,ties=0): [1;32mOK[0m
  TOP_K(type=f32,ne=[2059,1,2,1],k=1023,ties=1): [1;32mOK[0m
  TOP_K(type=f32,ne=[4096,1,1,1],k=1,ties=0): [1;32mOK[0m
  TOP_K(type=f32,ne=[4107,1,2,1],k=1,ties=0): [1;32mOK[0m
  TOP_K(type=f32,ne=[4107,1,2,1],k=1,ties=1): [1;32mOK[0m
  TOP_K(type=f32,ne=[4096,1,1,1],k=2,ties=0): [1;32mOK[0m
  TOP_K(type=f32,ne=[4107,1,2,1],k=2,ties=0): [1;32mOK[0m
  TOP_K(type=f32,ne=[4107,1,2,1],k=2,ties=1): [1;32mOK[0m
  TOP_K(type=f32,ne=[4096,1,1,1],k=3,ties=0): [1;32mOK[0m
  TOP_K(type=f32,ne=[4107,1,2,1],k=3,ties=0): [1;32mOK[0m
  TOP_K(type=f32,ne=[4107,1,2,1],k=3,ties=1): [1;32mOK[0m
  TOP_K(type=f32,ne=[4096,1,1,1],k=7,ties=0): [1;32mOK[0m
  TOP_K(type=f32,ne=[4107,1,2,1],k=7,ties=0): [1;32mOK[0m
  TOP_K(type=f32,ne=[4107,1,2,1],k=7,ties=1): [1;32mOK[0m
  TOP_K(type=f32,ne=[4096,1,1,1],k=15,ties=0): [1;32mOK[0m
  TOP_K(type=f32,ne=[4107,1,2,1],k=15,ties=0): [1;32mOK[0m
  TOP_K(type=f32,ne=[4107,1,2,1],k=15,ties=1): [1;32mOK[0m
  TOP_K(type=f32,ne=[4096,1,1,1],k=100,ties=0): [1;32mOK[0m
  TOP_K(type=f32,ne=[4107,1,2,1],k=100,ties=0): [1;32mOK[0m
  TOP_K(type=f32,ne=[4107,1,2,1],k=100,ties=1): [1;32mOK[0m
  TOP_K(type=f32,ne=[4096,1,1,1],k=500,ties=0): [1;32mOK[0m
  TOP_K(type=f32,ne=[4107,1,2,1],k=500,ties=0): [1;32mOK[0m
  TOP_K(type=f32,ne=[4107,1,2,1],k=500,ties=1): [1;32mOK[0m
  TOP_K(type=f32,ne=[4096,1,1,1],k=1023,ties=0): [1;32mOK[0m
  TOP_K(type=f32,ne=[4107,1,2,1],k=1023,ties=0): [1;32mOK[0m
  TOP_K(type=f32,ne=[4107,1,2,1],k=1023,ties=1): [1;32mOK[0m
  TOP_K(type=f32,ne=[8192,1,1,1],k=1,ties=0): [1;32mOK[0m
  TOP_K(type=f32,ne=[8203,1,2,1],k=1,ties=0): [1;32mOK[0m
  TOP_K(type=f32,ne=[8203,1,2,1],k=1,ties=1): [1;32mOK[0m
  TOP_K(type=f32,ne=[8192,1,1,1],k=2,ties=0): [1;32mOK[0m
  TOP_K(type=f32,ne=[8203,1,2,1],k=2,ties=0): [1;32mOK[0m
  TOP_K(type=f32,ne=[8203,1,2,1],k=2,ties=1): [1;32mOK[0m
  TOP_K(type=f32,ne=[8192,1,1,1],k=3,ties=0): [1;32mOK[0m
  TOP_K(type=f32,ne=[8203,1,2,1],k=3,ties=0): [1;32mOK[0m
  TOP_K(type=f32,ne=[8203,1,2,1],k=3,ties=1): [1;32mOK[0m
  TOP_K(type=f32,ne=[8192,1,1,1],k=7,ties=0): [1;32mOK[0m
  TOP_K(type=f32,ne=[8203,1,2,1],k=7,ties=0): [1;32mOK[0m
  TOP_K(type=f32,ne=[8203,1,2,1],k=7,ties=1): [1;32mOK[0m
  TOP_K(type=f32,ne=[8192,1,1,1],k=15,ties=0): [1;32mOK[0m
  TOP_K(type=f32,ne=[8203,1,2,1],k=15,ties=0): [1;32mOK[0m
  TOP_K(type=f32,ne=[8203,1,2,1],k=15,ties=1): [1;32mOK[0m
  TOP_K(type=f32,ne=[8192,1,1,1],k=100,ties=0): [1;32mOK[0m
  TOP_K(type=f32,ne=[8203,1,2,1],k=100,ties=0): [1;32mOK[0m
  TOP_K(type=f32,ne=[8203,1,2,1],k=100,ties=1): [1;32mOK[0m
  TOP_K(type=f32,ne=[8192,1,1,1],k=500,ties=0): [1;32mOK[0m
  TOP_K(type=f32,ne=[8203,1,2,1],k=500,ties=0): [1;32mOK[0m
  TOP_K(type=f32,ne=[8203,1,2,1],k=500,ties=1): [1;32mOK[0m
  TOP_K(type=f32,ne=[8192,1,1,1],k=1023,ties=0): [1;32mOK[0m
  TOP_K(type=f32,ne=[8203,1,2,1],k=1023,ties=0): [1;32mOK[0m
  TOP_K(type=f32,ne=[8203,1,2,1],k=1023,ties=1): [1;32mOK[0m
  TOP_K(type=f32,ne=[16384,1,1,1],k=1,ties=0): [1;32mOK[0m
  TOP_K(type=f32,ne=[16395,1,2,1],k=1,ties=0): [1;32mOK[0m
  TOP_K(type=f32,ne=[16395,1,2,1],k=1,ties=1): [1;32mOK[0m
  TOP_K(type=f32,ne=[16384,1,1,1],k=2,ties=0): [1;32mOK[0m
  TOP_K(type=f32,ne=[16395,1,2,1],k=2,ties=0): [1;32mOK[0m
  TOP_K(type=f32,ne=[16395,1,2,1],k=2,ties=1): [1;32mOK[0m
  TOP_K(type=f32,ne=[16384,1,1,1],k=3,ties=0): [1;32mOK[0m
  TOP_K(type=f32,ne=[16395,1,2,1],k=3,ties=0): [1;32mOK[0m
  TOP_K(type=f32,ne=[16395,1,2,1],k=3,ties=1): [1;32mOK[0m
  TOP_K(type=f32,ne=[16384,1,1,1],k=7,ties=0): [1;32mOK[0m
  TOP_K(type=f32,ne=[16395,1,2,1],k=7,ties=0): [1;32mOK[0m
  TOP_K(type=f32,ne=[16395,1,2,1],k=7,ties=1): [1;32mOK[0m
  TOP_K(type=f32,ne=[16384,1,1,1],k=15,ties=0): [1;32mOK[0m
  TOP_K(type=f32,ne=[16395,1,2,1],k=15,ties=0): [1;32mOK[0m
  TOP_K(type=f32,ne=[16395,1,2,1],k=15,ties=1): [1;32mOK[0m
  TOP_K(type=f32,ne=[16384,1,1,1],k=100,ties=0): [1;32mOK[0m
  TOP_K(type=f32,ne=[16395,1,2,1],k=100,ties=0): [1;32mOK[0m
  TOP_K(type=f32,ne=[16395,1,2,1],k=100,ties=1): [1;32mOK[0m
  TOP_K(type=f32,ne=[16384,1,1,1],k=500,ties=0): [1;32mOK[0m
  TOP_K(type=f32,ne=[16395,1,2,1],k=500,ties=0): [1;32mOK[0m
  TOP_K(type=f32,ne=[16395,1,2,1],k=500,ties=1): [1;32mOK[0m
  TOP_K(type=f32,ne=[16384,1,1,1],k=1023,ties=0): [1;32mOK[0m
  TOP_K(type=f32,ne=[16395,1,2,1],k=1023,ties=0): [1;32mOK[0m
  TOP_K(type=f32,ne=[16395,1,2,1],k=1023,ties=1): [1;32mOK[0m
  TOP_K(type=f32,ne=[16384,1,1,1],k=9999,ties=0): [1;32mOK[0m
  TOP_K(type=f32,ne=[16395,1,2,1],k=9999,ties=0): [1;32mOK[0m
  TOP_K(type=f32,ne=[16395,1,2,1],k=9999,ties=1): [1;32mOK[0m
  TOP_K(type=f32,ne=[32768,1,1,1],k=1,ties=0): [1;32mOK[0m
  TOP_K(type=f32,ne=[32779,1,2,1],k=1,ties=0): [1;32mOK[0m
  TOP_K(type=f32,ne=[32779,1,2,1],k=1,ties=1): [1;32mOK[0m
  TOP_K(type=f32,ne=[32768,1,1,1],k=2,ties=0): [1;32mOK[0m
  TOP_K(type=f32,ne=[32779,1,2,1],k=2,ties=0): [1;32mOK[0m
  TOP_K(type=f32,ne=[32779,1,2,1],k=2,ties=1): [1;32mOK[0m
  TOP_K(type=f32,ne=[32768,1,1,1],k=3,ties=0): [1;32mOK[0m
  TOP_K(type=f32,ne=[32779,1,2,1],k=3,ties=0): [1;32mOK[0m
  TOP_K(type=f32,ne=[32779,1,2,1],k=3,ties=1): [1;32mOK[0m
  TOP_K(type=f32,ne=[32768,1,1,1],k=7,ties=0): [1;32mOK[0m
  TOP_K(type=f32,ne=[32779,1,2,1],k=7,ties=0): [1;32mOK[0m
  TOP_K(type=f32,ne=[32779,1,2,1],k=7,ties=1): [1;32mOK[0m
  TOP_K(type=f32,ne=[32768,1,1,1],k=15,ties=0): [1;32mOK[0m
  TOP_K(type=f32,ne=[32779,1,2,1],k=15,ties=0): [1;32mOK[0m
  TOP_K(type=f32,ne=[32779,1,2,1],k=15,ties=1): [1;32mOK[0m
  TOP_K(type=f32,ne=[32768,1,1,1],k=100,ties=0): [1;32mOK[0m
  TOP_K(type=f32,ne=[32779,1,2,1],k=100,ties=0): [1;32mOK[0m
  TOP_K(type=f32,ne=[32779,1,2,1],k=100,ties=1): [1;32mOK[0m
  TOP_K(type=f32,ne=[32768,1,1,1],k=500,ties=0): [1;32mOK[0m
  TOP_K(type=f32,ne=[32779,1,2,1],k=500,ties=0): [1;32mOK[0m
  TOP_K(type=f32,ne=[32779,1,2,1],k=500,ties=1): [1;32mOK[0m
  TOP_K(type=f32,ne=[32768,1,1,1],k=1023,ties=0): [1;32mOK[0m
  TOP_K(type=f32,ne=[32779,1,2,1],k=1023,ties=0): [1;32mOK[0m
  TOP_K(type=f32,ne=[32779,1,2,1],k=1023,ties=1): [1;32mOK[0m
  TOP_K(type=f32,ne=[32768,1,1,1],k=9999,ties=0): [1;32mOK[0m
  TOP_K(type=f32,ne=[32779,1,2,1],k=9999,ties=0): [1;32mOK[0m
  TOP_K(type=f32,ne=[32779,1,2,1],k=9999,ties=1): [1;32mOK[0m
  TOP_K(type=f32,ne=[65536,1,1,1],k=1,ties=0): [1;32mOK[0m
  TOP_K(type=f32,ne=[65547,1,2,1],k=1,ties=0): [1;32mOK[0m
  TOP_K(type=f32,ne=[65547,1,2,1],k=1,ties=1): [1;32mOK[0m
  TOP_K(type=f32,ne=[65536,1,1,1],k=2,ties=0): [1;32mOK[0m
  TOP_K(type=f32,ne=[65547,1,2,1],k=2,ties=0): [1;32mOK[0m
  TOP_K(type=f32,ne=[65547,1,2,1],k=2,ties=1): [1;32mOK[0m
  TOP_K(type=f32,ne=[65536,1,1,1],k=3,ties=0): [1;32mOK[0m
  TOP_K(type=f32,ne=[65547,1,2,1],k=3,ties=0): [1;32mOK[0m
  TOP_K(type=f32,ne=[65547,1,2,1],k=3,ties=1): [1;32mOK[0m
  TOP_K(type=f32,ne=[65536,1,1,1],k=7,ties=0): [1;32mOK[0m
  TOP_K(type=f32,ne=[65547,1,2,1],k=7,ties=0): [1;32mOK[0m
  TOP_K(type=f32,ne=[65547,1,2,1],k=7,ties=1): [1;32mOK[0m
  TOP_K(type=f32,ne=[65536,1,1,1],k=15,ties=0): [1;32mOK[0m
  TOP_K(type=f32,ne=[65547,1,2,1],k=15,ties=0): [1;32mOK[0m
  TOP_K(type=f32,ne=[65547,1,2,1],k=15,ties=1): [1;32mOK[0m
  TOP_K(type=f32,ne=[65536,1,1,1],k=100,ties=0): [1;32mOK[0m
  TOP_K(type=f32,ne=[65547,1,2,1],k=100,ties=0): [1;32mOK[0m
  TOP_K(type=f32,ne=[65547,1,2,1],k=100,ties=1): [1;32mOK[0m
  TOP_K(type=f32,ne=[65536,1,1,1],k=500,ties=0): [1;32mOK[0m
  TOP_K(type=f32,ne=[65547,1,2,1],k=500,ties=0): [1;32mOK[0m
  TOP_K(type=f32,ne=[65547,1,2,1],k=500,ties=1): [1;32mOK[0m
  TOP_K(type=f32,ne=[65536,1,1,1],k=1023,ties=0): [1;32mOK[0m
  TOP_K(type=f32,ne=[65547,1,2,1],k=1023,ties=0): [1;32mOK[0m
  TOP_K(type=f32,ne=[65547,1,2,1],k=1023,ties=1): [1;32mOK[0m
  TOP_K(type=f32,ne=[65536,1,1,1],k=9999,ties=0): [1;32mOK[0m
  TOP_K(type=f32,ne=[65547,1,2,1],k=9999,ties=0): [1;32mOK[0m
  TOP_K(type=f32,ne=[65547,1,2,1],k=9999,ties=1): [1;32mOK[0m
  TOP_K(type=f32,ne=[131072,1,1,1],k=1,ties=0): [1;32mOK[0m
  TOP_K(type=f32,ne=[131083,1,2,1],k=1,ties=0): [1;32mOK[0m
  TOP_K(type=f32,ne=[131083,1,2,1],k=1,ties=1): [1;32mOK[0m
  TOP_K(type=f32,ne=[131072,1,1,1],k=2,ties=0): [1;32mOK[0m
  TOP_K(type=f32,ne=[131083,1,2,1],k=2,ties=0): [1;32mOK[0m
  TOP_K(type=f32,ne=[131083,1,2,1],k=2,ties=1): [1;32mOK[0m
  TOP_K(type=f32,ne=[131072,1,1,1],k=3,ties=0): [1;32mOK[0m
  TOP_K(type=f32,ne=[131083,1,2,1],k=3,ties=0): [1;32mOK[0m
  TOP_K(type=f32,ne=[131083,1,2,1],k=3,ties=1): [1;32mOK[0m
  TOP_K(type=f32,ne=[131072,1,1,1],k=7,ties=0): [1;32mOK[0m
  TOP_K(type=f32,ne=[131083,1,2,1],k=7,ties=0): [1;32mOK[0m
  TOP_K(type=f32,ne=[131083,1,2,1],k=7,ties=1): [1;32mOK[0m
  TOP_K(type=f32,ne=[131072,1,1,1],k=15,ties=0): [1;32mOK[0m
  TOP_K(type=f32,ne=[131083,1,2,1],k=15,ties=0): [1;32mOK[0m
  TOP_K(type=f32,ne=[131083,1,2,1],k=15,ties=1): [1;32mOK[0m
  TOP_K(type=f32,ne=[131072,1,1,1],k=100,ties=0): [1;32mOK[0m
  TOP_K(type=f32,ne=[131083,1,2,1],k=100,ties=0): [1;32mOK[0m
  TOP_K(type=f32,ne=[131083,1,2,1],k=100,ties=1): [1;32mOK[0m
  TOP_K(type=f32,ne=[131072,1,1,1],k=500,ties=0): [1;32mOK[0m
  TOP_K(type=f32,ne=[131083,1,2,1],k=500,ties=0): [1;32mOK[0m
  TOP_K(type=f32,ne=[131083,1,2,1],k=500,ties=1): [1;32mOK[0m
  TOP_K(type=f32,ne=[131072,1,1,1],k=1023,ties=0): [1;32mOK[0m
  TOP_K(type=f32,ne=[131083,1,2,1],k=1023,ties=0): [1;32mOK[0m
  TOP_K(type=f32,ne=[131083,1,2,1],k=1023,ties=1): [1;32mOK[0m
  TOP_K(type=f32,ne=[131072,1,1,1],k=9999,ties=0): [1;32mOK[0m
  TOP_K(type=f32,ne=[131083,1,2,1],k=9999,ties=0): [1;32mOK[0m
  TOP_K(type=f32,ne=[131083,1,2,1],k=9999,ties=1): [1;32mOK[0m
  TOP_K(type=f32,ne=[262144,1,1,1],k=1,ties=0): [1;32mOK[0m
  TOP_K(type=f32,ne=[262155,1,2,1],k=1,ties=0): [1;32mOK[0m
  TOP_K(type=f32,ne=[262155,1,2,1],k=1,ties=1): [1;32mOK[0m
  TOP_K(type=f32,ne=[262144,1,1,1],k=2,ties=0): [1;32mOK[0m
  TOP_K(type=f32,ne=[262155,1,2,1],k=2,ties=0): [1;32mOK[0m
  TOP_K(type=f32,ne=[262155,1,2,1],k=2,ties=1): [1;32mOK[0m
  TOP_K(type=f32,ne=[262144,1,1,1],k=3,ties=0): [1;32mOK[0m
  TOP_K(type=f32,ne=[262155,1,2,1],k=3,ties=0): [1;32mOK[0m
  TOP_K(type=f32,ne=[262155,1,2,1],k=3,ties=1): [1;32mOK[0m
  TOP_K(type=f32,ne=[262144,1,1,1],k=7,ties=0): [1;32mOK[0m
  TOP_K(type=f32,ne=[262155,1,2,1],k=7,ties=0): [1;32mOK[0m
  TOP_K(type=f32,ne=[262155,1,2,1],k=7,ties=1): [1;32mOK[0m
  TOP_K(type=f32,ne=[262144,1,1,1],k=15,ties=0): [1;32mOK[0m
  TOP_K(type=f32,ne=[262155,1,2,1],k=15,ties=0): [1;32mOK[0m
  TOP_K(type=f32,ne=[262155,1,2,1],k=15,ties=1): [1;32mOK[0m
  TOP_K(type=f32,ne=[262144,1,1,1],k=100,ties=0): [1;32mOK[0m
  TOP_K(type=f32,ne=[262155,1,2,1],k=100,ties=0): [1;32mOK[0m
  TOP_K(type=f32,ne=[262155,1,2,1],k=100,ties=1): [1;32mOK[0m
  TOP_K(type=f32,ne=[262144,1,1,1],k=500,ties=0): [1;32mOK[0m
  TOP_K(type=f32,ne=[262155,1,2,1],k=500,ties=0): [1;32mOK[0m
  TOP_K(type=f32,ne=[262155,1,2,1],k=500,ties=1): [1;32mOK[0m
  TOP_K(type=f32,ne=[262144,1,1,1],k=1023,ties=0): [1;32mOK[0m
  TOP_K(type=f32,ne=[262155,1,2,1],k=1023,ties=0): [1;32mOK[0m
  TOP_K(type=f32,ne=[262155,1,2,1],k=1023,ties=1): [1;32mOK[0m
  TOP_K(type=f32,ne=[262144,1,1,1],k=9999,ties=0): [1;32mOK[0m
  TOP_K(type=f32,ne=[262155,1,2,1],k=9999,ties=0): [1;32mOK[0m
  TOP_K(type=f32,ne=[262155,1,2,1],k=9999,ties=1): [1;32mOK[0m
  TOP_K(type=f32,ne=[524288,1,1,1],k=1,ties=0): [1;32mOK[0m
  TOP_K(type=f32,ne=[524299,1,2,1],k=1,ties=0): [1;32mOK[0m
  TOP_K(type=f32,ne=[524299,1,2,1],k=1,ties=1): [1;32mOK[0m
  TOP_K(type=f32,ne=[524288,1,1,1],k=2,ties=0): [1;32mOK[0m
  TOP_K(type=f32,ne=[524299,1,2,1],k=2,ties=0): [1;32mOK[0m
  TOP_K(type=f32,ne=[524299,1,2,1],k=2,ties=1): [1;32mOK[0m
  TOP_K(type=f32,ne=[524288,1,1,1],k=3,ties=0): [1;32mOK[0m
  TOP_K(type=f32,ne=[524299,1,2,1],k=3,ties=0): [1;32mOK[0m
  TOP_K(type=f32,ne=[524299,1,2,1],k=3,ties=1): [1;32mOK[0m
  TOP_K(type=f32,ne=[524288,1,1,1],k=7,ties=0): [1;32mOK[0m
  TOP_K(type=f32,ne=[524299,1,2,1],k=7,ties=0): [1;32mOK[0m
  TOP_K(type=f32,ne=[524299,1,2,1],k=7,ties=1): [1;32mOK[0m
  TOP_K(type=f32,ne=[524288,1,1,1],k=15,ties=0): [1;32mOK[0m
  TOP_K(type=f32,ne=[524299,1,2,1],k=15,ties=0): [1;32mOK[0m
  TOP_K(type=f32,ne=[524299,1,2,1],k=15,ties=1): [1;32mOK[0m
  TOP_K(type=f32,ne=[524288,1,1,1],k=100,ties=0): [1;32mOK[0m
  TOP_K(type=f32,ne=[524299,1,2,1],k=100,ties=0): [1;32mOK[0m
  TOP_K(type=f32,ne=[524299,1,2,1],k=100,ties=1): [1;32mOK[0m
  TOP_K(type=f32,ne=[524288,1,1,1],k=500,ties=0): [1;32mOK[0m
  TOP_K(type=f32,ne=[524299,1,2,1],k=500,ties=0): [1;32mOK[0m
  TOP_K(type=f32,ne=[524299,1,2,1],k=500,ties=1): [1;32mOK[0m
  TOP_K(type=f32,ne=[524288,1,1,1],k=1023,ties=0): [1;32mOK[0m
  TOP_K(type=f32,ne=[524299,1,2,1],k=1023,ties=0): [1;32mOK[0m
  TOP_K(type=f32,ne=[524299,1,2,1],k=1023,ties=1): [1;32mOK[0m
  TOP_K(type=f32,ne=[524288,1,1,1],k=9999,ties=0): [1;32mOK[0m
  TOP_K(type=f32,ne=[524299,1,2,1],k=9999,ties=0): [1;32mOK[0m
  TOP_K(type=f32,ne=[524299,1,2,1],k=9999,ties=1): [1;32mOK[0m
  TOP_K(type=f32,ne=[202048,1,1,1],k=4,ties=0): [1;32mOK[0m
  TOP_K(type=f32,ne=[151936,1,1,1],k=4,ties=0): [1;32mOK[0m
  TOP_K(type=f32,ne=[8192,1,1,1],k=4,ties=0): [1;32mOK[0m
  TOP_K(type=f32,ne=[8193,1,1,1],k=4,ties=0): [1;32mOK[0m
  TOP_K(type=f32,ne=[8192,1,1,1],k=4,ties=1): [1;32mOK[0m
  TOP_K(type=f32,ne=[202048,1,1,1],k=4,ties=1): [1;32mOK[0m
  TOP_K(type=f32,ne=[202048,8,1,1],k=4,ties=0): [1;32mOK[0m
  TOP_K(type=f32,ne=[151936,8,1,1],k=4,ties=0): [1;32mOK[0m
  TOP_K(type=f32,ne=[8192,8,1,1],k=4,ties=0): [1;32mOK[0m
  TOP_K(type=f32,ne=[8193,8,1,1],k=4,ties=0): [1;32mOK[0m
  TOP_K(type=f32,ne=[8192,8,1,1],k=4,ties=1): [1;32mOK[0m
  TOP_K(type=f32,ne=[202048,8,1,1],k=4,ties=1): [1;32mOK[0m
  TOP_K(type=f32,ne=[202048,16,1,1],k=4,ties=0): [1;32mOK[0m
  TOP_K(type=f32,ne=[151936,16,1,1],k=4,ties=0): [1;32mOK[0m
  TOP_K(type=f32,ne=[8192,16,1,1],k=4,ties=0): [1;32mOK[0m
  TOP_K(type=f32,ne=[8193,16,1,1],k=4,ties=0): [1;32mOK[0m
  TOP_K(type=f32,ne=[8192,16,1,1],k=4,ties=1): [1;32mOK[0m
  TOP_K(type=f32,ne=[202048,16,1,1],k=4,ties=1): [1;32mOK[0m
  TOP_K(type=f32,ne=[202048,1,1,1],k=8,ties=0): [1;32mOK[0m
  TOP_K(type=f32,ne=[151936,1,1,1],k=8,ties=0): [1;32mOK[0m
  TOP_K(type=f32,ne=[8192,1,1,1],k=8,ties=0): [1;32mOK[0m
  TOP_K(type=f32,ne=[8193,1,1,1],k=8,ties=0): [1;32mOK[0m
  TOP_K(type=f32,ne=[8192,1,1,1],k=8,ties=1): [1;32mOK[0m
  TOP_K(type=f32,ne=[202048,1,1,1],k=8,ties=1): [1;32mOK[0m
  TOP_K(type=f32,ne=[202048,8,1,1],k=8,ties=0): [1;32mOK[0m
  TOP_K(type=f32,ne=[151936,8,1,1],k=8,ties=0): [1;32mOK[0m
  TOP_K(type=f32,ne=[8192,8,1,1],k=8,ties=0): [1;32mOK[0m
  TOP_K(type=f32,ne=[8193,8,1,1],k=8,ties=0): [1;32mOK[0m
  TOP_K(type=f32,ne=[8192,8,1,1],k=8,ties=1): [1;32mOK[0m
  TOP_K(type=f32,ne=[202048,8,1,1],k=8,ties=1): [1;32mOK[0m
  TOP_K(type=f32,ne=[202048,16,1,1],k=8,ties=0): [1;32mOK[0m
  TOP_K(type=f32,ne=[151936,16,1,1],k=8,ties=0): [1;32mOK[0m
  TOP_K(type=f32,ne=[8192,16,1,1],k=8,ties=0): [1;32mOK[0m
  TOP_K(type=f32,ne=[8193,16,1,1],k=8,ties=0): [1;32mOK[0m
  TOP_K(type=f32,ne=[8192,16,1,1],k=8,ties=1): [1;32mOK[0m
  TOP_K(type=f32,ne=[202048,16,1,1],k=8,ties=1): [1;32mOK[0m
  TOP_K(type=f32,ne=[202048,1,1,1],k=16,ties=0): [1;32mOK[0m
  TOP_K(type=f32,ne=[151936,1,1,1],k=16,ties=0): [1;32mOK[0m
  TOP_K(type=f32,ne=[8192,1,1,1],k=16,ties=0): [1;32mOK[0m
  TOP_K(type=f32,ne=[8193,1,1,1],k=16,ties=0): [1;32mOK[0m
  TOP_K(type=f32,ne=[8192,1,1,1],k=16,ties=1): [1;32mOK[0m
  TOP_K(type=f32,ne=[202048,1,1,1],k=16,ties=1): [1;32mOK[0m
  TOP_K(type=f32,ne=[202048,8,1,1],k=16,ties=0): [1;32mOK[0m
  TOP_K(type=f32,ne=[151936,8,1,1],k=16,ties=0): [1;32mOK[0m
  TOP_K(type=f32,ne=[8192,8,1,1],k=16,ties=0): [1;32mOK[0m
  TOP_K(type=f32,ne=[8193,8,1,1],k=16,ties=0): [1;32mOK[0m
  TOP_K(type=f32,ne=[8192,8,1,1],k=16,ties=1): [1;32mOK[0m
  TOP_K(type=f32,ne=[202048,8,1,1],k=16,ties=1): [1;32mOK[0m
  TOP_K(type=f32,ne=[202048,16,1,1],k=16,ties=0): [1;32mOK[0m
  TOP_K(type=f32,ne=[151936,16,1,1],k=16,ties=0): [1;32mOK[0m
  TOP_K(type=f32,ne=[8192,16,1,1],k=16,ties=0): [1;32mOK[0m
  TOP_K(type=f32,ne=[8193,16,1,1],k=16,ties=0): [1;32mOK[0m
  TOP_K(type=f32,ne=[8192,16,1,1],k=16,ties=1): [1;32mOK[0m
  TOP_K(type=f32,ne=[202048,16,1,1],k=16,ties=1): [1;32mOK[0m
  TOP_K(type=f32,ne=[202048,1,1,1],k=32,ties=0): [1;32mOK[0m
  TOP_K(type=f32,ne=[151936,1,1,1],k=32,ties=0): [1;32mOK[0m
  TOP_K(type=f32,ne=[8192,1,1,1],k=32,ties=0): [1;32mOK[0m
  TOP_K(type=f32,ne=[8193,1,1,1],k=32,ties=0): [1;32mOK[0m
  TOP_K(type=f32,ne=[8192,1,1,1],k=32,ties=1): [1;32mOK[0m
  TOP_K(type=f32,ne=[202048,1,1,1],k=32,ties=1): [1;32mOK[0m
  TOP_K(type=f32,ne=[202048,8,1,1],k=32,ties=0): [1;32mOK[0m
  TOP_K(type=f32,ne=[151936,8,1,1],k=32,ties=0): [1;32mOK[0m
  TOP_K(type=f32,ne=[8192,8,1,1],k=32,ties=0): [1;32mOK[0m
  TOP_K(type=f32,ne=[8193,8,1,1],k=32,ties=0): [1;32mOK[0m
  TOP_K(type=f32,ne=[8192,8,1,1],k=32,ties=1): [1;32mOK[0m
  TOP_K(type=f32,ne=[202048,8,1,1],k=32,ties=1): [1;32mOK[0m
  TOP_K(type=f32,ne=[202048,16,1,1],k=32,ties=0): [1;32mOK[0m
  TOP_K(type=f32,ne=[151936,16,1,1],k=32,ties=0): [1;32mOK[0m
  TOP_K(type=f32,ne=[8192,16,1,1],k=32,ties=0): [1;32mOK[0m
  TOP_K(type=f32,ne=[8193,16,1,1],k=32,ties=0): [1;32mOK[0m
  TOP_K(type=f32,ne=[8192,16,1,1],k=32,ties=1): [1;32mOK[0m
  TOP_K(type=f32,ne=[202048,16,1,1],k=32,ties=1): [1;32mOK[0m
  TOP_K(type=f32,ne=[16,10,10,10],k=1,ties=0): [1;32mOK[0m
  TOP_K(type=f32,ne=[60,10,10,10],k=1,ties=0): [1;32mOK[0m
  TOP_K(type=f32,ne=[1023,2,1,3],k=1,ties=0): [1;32mOK[0m
  TOP_K(type=f32,ne=[1024,2,1,3],k=1,ties=0): [1;32mOK[0m
  TOP_K(type=f32,ne=[1025,2,1,3],k=1,ties=0): [1;32mOK[0m
  TOP_K(type=f32,ne=[16384,1,1,1],k=1,ties=0): [1;32mOK[0m
  TOP_K(type=f32,ne=[2047,2,1,3],k=1,ties=0): [1;32mOK[0m
  TOP_K(type=f32,ne=[2048,2,1,3],k=1,ties=0): [1;32mOK[0m
  TOP_K(type=f32,ne=[2049,2,1,3],k=1,ties=0): [1;32mOK[0m
  TOP_K(type=f32,ne=[16,10,10,10],k=2,ties=0): [1;32mOK[0m
  TOP_K(type=f32,ne=[60,10,10,10],k=2,ties=0): [1;32mOK[0m
  TOP_K(type=f32,ne=[1023,2,1,3],k=2,ties=0): [1;32mOK[0m
  TOP_K(type=f32,ne=[1024,2,1,3],k=2,ties=0): [1;32mOK[0m
  TOP_K(type=f32,ne=[1025,2,1,3],k=2,ties=0): [1;32mOK[0m
  TOP_K(type=f32,ne=[16384,1,1,1],k=2,ties=0): [1;32mOK[0m
  TOP_K(type=f32,ne=[2047,2,1,3],k=2,ties=0): [1;32mOK[0m
  TOP_K(type=f32,ne=[2048,2,1,3],k=2,ties=0): [1;32mOK[0m
  TOP_K(type=f32,ne=[2049,2,1,3],k=2,ties=0): [1;32mOK[0m
  TOP_K(type=f32,ne=[16,10,10,10],k=3,ties=0): [1;32mOK[0m
  TOP_K(type=f32,ne=[60,10,10,10],k=3,ties=0): [1;32mOK[0m
  TOP_K(type=f32,ne=[1023,2,1,3],k=3,ties=0): [1;32mOK[0m
  TOP_K(type=f32,ne=[1024,2,1,3],k=3,ties=0): [1;32mOK[0m
  TOP_K(type=f32,ne=[1025,2,1,3],k=3,ties=0): [1;32mOK[0m
  TOP_K(type=f32,ne=[16384,1,1,1],k=3,ties=0): [1;32mOK[0m
  TOP_K(type=f32,ne=[2047,2,1,3],k=3,ties=0): [1;32mOK[0m
  TOP_K(type=f32,ne=[2048,2,1,3],k=3,ties=0): [1;32mOK[0m
  TOP_K(type=f32,ne=[2049,2,1,3],k=3,ties=0): [1;32mOK[0m
  TOP_K(type=f32,ne=[16,10,10,10],k=7,ties=0): [1;32mOK[0m
  TOP_K(type=f32,ne=[60,10,10,10],k=7,ties=0): [1;32mOK[0m
  TOP_K(type=f32,ne=[1023,2,1,3],k=7,ties=0): [1;32mOK[0m
  TOP_K(type=f32,ne=[1024,2,1,3],k=7,ties=0): [1;32mOK[0m
  TOP_K(type=f32,ne=[1025,2,1,3],k=7,ties=0): [1;32mOK[0m
  TOP_K(type=f32,ne=[16384,1,1,1],k=7,ties=0): [1;32mOK[0m
  TOP_K(type=f32,ne=[2047,2,1,3],k=7,ties=0): [1;32mOK[0m
  TOP_K(type=f32,ne=[2048,2,1,3],k=7,ties=0): [1;32mOK[0m
  TOP_K(type=f32,ne=[2049,2,1,3],k=7,ties=0): [1;32mOK[0m
  TOP_K(type=f32,ne=[16,10,10,10],k=15,ties=0): [1;32mOK[0m
  TOP_K(type=f32,ne=[60,10,10,10],k=15,ties=0): [1;32mOK[0m
  TOP_K(type=f32,ne=[1023,2,1,3],k=15,ties=0): [1;32mOK[0m
  TOP_K(type=f32,ne=[1024,2,1,3],k=15,ties=0): [1;32mOK[0m
  TOP_K(type=f32,ne=[1025,2,1,3],k=15,ties=0): [1;32mOK[0m
  TOP_K(type=f32,ne=[16384,1,1,1],k=15,ties=0): [1;32mOK[0m
  TOP_K(type=f32,ne=[2047,2,1,3],k=15,ties=0): [1;32mOK[0m
  TOP_K(type=f32,ne=[2048,2,1,3],k=15,ties=0): [1;32mOK[0m
  TOP_K(type=f32,ne=[2049,2,1,3],k=15,ties=0): [1;32mOK[0m
  TOP_K(type=f32,ne=[1024,1,1,1],k=1024,ties=0): [1;32mOK[0m
  TOP_K(type=f32,ne=[2048,2,1,1],k=1024,ties=0): [1;32mOK[0m
  TOP_K(type=f32,ne=[4096,1,1,1],k=2048,ties=0): [1;32mOK[0m
  TOP_K(type=f32,ne=[8192,2,1,1],k=2051,ties=0): [1;32mOK[0m
  TOP_K(type=f32,ne=[33024,1,1,1],k=2051,ties=0): [1;32mOK[0m
  TOP_K(type=f32,ne=[33024,4,1,1],k=2051,ties=0): [1;32mOK[0m
  TOP_K(type=f32,ne=[8192,2,1,1],k=2051,ties=1): [1;32mOK[0m
  TOP_K(type=f32,ne=[33024,4,1,1],k=2051,ties=1): [1;32mOK[0m
  525/525 tests passed
  Backend SYCL0: [1;32mOK[0m
Backend 2/2: CPU
  Skipping
2/2 backends passed
[1;32mOK[0m
