load_backend: loaded SYCL backend from /devbin/libggml-sycl.so
load_backend: loaded CPU backend from /devbin/libggml-cpu-zen4.so
Build with Macros:
  GGML_SYCL_DNNL: yes
  GGML_SYCL_F16: yes
  GGML_SYCL_FORCE_MMQ: no
  GGML_SYCL_GRAPH: yes
  GGML_SYCL_SUPPORT_LEVEL_ZERO_API: yes
  GGML_SYCL_SUPPORT_VMM: yes
Running with Environment Variables:
  GGML_SYCL_DEBUG: 0
  GGML_SYCL_DEV2DEV_MEMCPY: 0 (SYCL API)
  GGML_SYCL_GET_MEM_API: 0 (Level Zero API)
  GGML_SYCL_ENABLE_DNN: 1
  GGML_SYCL_FA_ONEDNN: 1
  GGML_SYCL_FA_ONEDNN_MAX_KV: 0
  GGML_SYCL_FA_ONEDNN_MIN_Q: 32
  GGML_SYCL_ENABLE_MKL_FA: 1
  GGML_SYCL_MEMTRACE: 0
  GGML_SYCL_MEMTRACE_STEP: 64
  GGML_SYCL_ENABLE_FLASH_ATTN: 1
  GGML_SYCL_ENABLE_GRAPH: 0
  GGML_SYCL_ENABLE_OPT: 1
  GGML_SYCL_ENABLE_VMM: 1
  GGML_SYCL_ENABLE_FUSION: 1
  GGML_SYCL_ENABLE_ESIMD: 1
  GGML_SYCL_PRIORITIZE_DMMV: 0
  GGML_SYCL_USE_ASYNC_MEM_OP: 1
  GGML_SYCL_USE_LEVEL_ZERO_API: 1
  GGML_SYCL_USM_SYSTEM: 0
  GGML_SYCL_ENABLE_HOST_PINNED_MEM: 1
  GGML_SYCL_HOST_PINNED_MEM_2G: 0
Found 1 SYCL devices:
|  |                   |                                       |       |Max    |        |Max  |Global |                     |
|  |                   |                                       |       |compute|Max work|sub  |mem    |                     |
|ID|        Device Type|                                   Name|Version|units  |group   |group|size   |       Driver version|
|--|-------------------|---------------------------------------|-------|-------|--------|-----|-------|---------------------|
| 0| [level_zero:gpu:0]|             Intel Arc Pro B70 Graphics|   20.2|    256|    1024|   32| 34242M|         1.15.38308+1|
SYCL Optimization Feature:
|ID|        Device Type|Reorder|
|--|-------------------|-------|
| 0| [level_zero:gpu:0]|      Y|
Testing 2 devices

Backend 1/2: SYCL0
  Device description: Intel(R) Arc(TM) Pro B70 Graphics
  Device memory: 32656 MB (32580 MB free)

  FLASH_ATTN_EXT(hsk=72,hsv=72,nh=16,nr23=[1,1],kv=5776,nb=5776,mask=0,sinks=0,max_bias=0.000000,logit_softcap=0.000000,prec=f32,type_K=f16,type_V=f16,permute=[0,1,2,3],kv_view=1,v_is_view_of_k=0,n_kv_max=0):                  21 runs - 49706.43 us/run - 153.73 GFLOP/run - [1;34m  3.09 TFLOPS[0m
  FLASH_ATTN_EXT(hsk=64,hsv=64,nh=8,nr23=[8,1],kv=7680,nb=1,mask=1,sinks=0,max_bias=0.000000,logit_softcap=0.000000,prec=f32,type_K=f16,type_V=f16,permute=[0,1,2,3],kv_view=1,v_is_view_of_k=0,n_kv_max=0):                   21465 runs -    46.64 us/run - 125.83 MFLOP/run - [1;34m  2.70 TFLOPS[0m
  FLASH_ATTN_EXT(hsk=64,hsv=64,nh=8,nr23=[8,1],kv=7680,nb=4,mask=1,sinks=0,max_bias=0.000000,logit_softcap=0.000000,prec=f32,type_K=f16,type_V=f16,permute=[0,1,2,3],kv_view=1,v_is_view_of_k=0,n_kv_max=0):                    6368 runs -   161.34 us/run - 503.32 MFLOP/run - [1;34m  3.12 TFLOPS[0m
  FLASH_ATTN_EXT(hsk=64,hsv=64,nh=8,nr23=[8,1],kv=7680,nb=1,mask=1,sinks=0,max_bias=0.000000,logit_softcap=0.000000,prec=f32,type_K=q4_0,type_V=q4_0,permute=[0,1,2,3],kv_view=1,v_is_view_of_k=0,n_kv_max=0):                  7155 runs -   156.86 us/run - 125.83 MFLOP/run - [1;34m802.17 GFLOPS[0m
  FLASH_ATTN_EXT(hsk=64,hsv=64,nh=8,nr23=[8,1],kv=7680,nb=512,mask=1,sinks=0,max_bias=0.000000,logit_softcap=0.000000,prec=f32,type_K=q4_0,type_V=q4_0,permute=[0,1,2,3],kv_view=1,v_is_view_of_k=0,n_kv_max=0):                 554 runs -  1806.39 us/run -  64.42 GFLOP/run - [1;34m 35.66 TFLOPS[0m
  FLASH_ATTN_EXT(hsk=64,hsv=64,nh=8,nr23=[8,1],kv=7680,nb=1,mask=1,sinks=0,max_bias=0.000000,logit_softcap=0.000000,prec=f32,type_K=q8_0,type_V=q8_0,permute=[0,1,2,3],kv_view=1,v_is_view_of_k=0,n_kv_max=0):                  7155 runs -   151.53 us/run - 125.83 MFLOP/run - [1;34m830.39 GFLOPS[0m
  FLASH_ATTN_EXT(hsk=64,hsv=64,nh=8,nr23=[8,1],kv=7680,nb=512,mask=1,sinks=0,max_bias=0.000000,logit_softcap=0.000000,prec=f32,type_K=q8_0,type_V=q8_0,permute=[0,1,2,3],kv_view=1,v_is_view_of_k=0,n_kv_max=0):                 562 runs -  1782.81 us/run -  64.42 GFLOP/run - [1;34m 36.14 TFLOPS[0m
  FLASH_ATTN_EXT(hsk=512,hsv=512,nh=1,nr23=[8,1],kv=49152,nb=1,mask=1,sinks=0,max_bias=0.000000,logit_softcap=0.000000,prec=f32,type_K=f16,type_V=f16,permute=[0,1,2,3],kv_view=1,v_is_view_of_k=0,n_kv_max=0):                 1000 runs -  1111.00 us/run - 805.31 MFLOP/run - [1;34m724.85 GFLOPS[0m
  FLASH_ATTN_EXT(hsk=512,hsv=512,nh=1,nr23=[8,1],kv=49152,nb=1,mask=1,sinks=0,max_bias=0.000000,logit_softcap=0.000000,prec=f32,type_K=f16,type_V=f16,permute=[0,1,2,3],kv_view=1,v_is_view_of_k=0,n_kv_max=2048):              1000 runs -  1088.12 us/run - 805.31 MFLOP/run - [1;34m740.09 GFLOPS[0m
  FLASH_ATTN_EXT(hsk=576,hsv=512,nh=1,nr23=[16,1],kv=49152,nb=1,mask=1,sinks=0,max_bias=0.000000,logit_softcap=0.000000,prec=f32,type_K=f16,type_V=f16,permute=[0,1,2,3],kv_view=1,v_is_view_of_k=1,n_kv_max=0):                1062 runs -   983.66 us/run -   1.71 GFLOP/run - [1;34m  1.74 TFLOPS[0m
  FLASH_ATTN_EXT(hsk=576,hsv=512,nh=1,nr23=[16,1],kv=49152,nb=1,mask=1,sinks=0,max_bias=0.000000,logit_softcap=0.000000,prec=f32,type_K=f16,type_V=f16,permute=[0,1,2,3],kv_view=1,v_is_view_of_k=1,n_kv_max=2048):                     1062 runs -   969.14 us/run -   1.71 GFLOP/run - [1;34m  1.77 TFLOPS[0m
  FLASH_ATTN_EXT(hsk=256,hsv=256,nh=2,nr23=[16,1],kv=128,nb=1,mask=1,sinks=0,max_bias=0.000000,logit_softcap=0.000000,prec=f32,type_K=q8_0,type_V=q8_0,permute=[0,1,2,3],kv_view=1,v_is_view_of_k=0,n_kv_max=0):               32760 runs -    32.82 us/run -   4.19 MFLOP/run - [1;34m127.79 GFLOPS[0m
  FLASH_ATTN_EXT(hsk=256,hsv=256,nh=2,nr23=[16,1],kv=512,nb=1,mask=1,sinks=0,max_bias=0.000000,logit_softcap=0.000000,prec=f32,type_K=q8_0,type_V=q8_0,permute=[0,1,2,3],kv_view=1,v_is_view_of_k=0,n_kv_max=0):               41727 runs -    24.07 us/run -  16.78 MFLOP/run - [1;34m697.14 GFLOPS[0m
  FLASH_ATTN_EXT(hsk=256,hsv=256,nh=2,nr23=[16,1],kv=1024,nb=1,mask=1,sinks=0,max_bias=0.000000,logit_softcap=0.000000,prec=f32,type_K=q8_0,type_V=q8_0,permute=[0,1,2,3],kv_view=1,v_is_view_of_k=0,n_kv_max=0):              35772 runs -    28.89 us/run -  33.55 MFLOP/run - [1;34m  1.16 TFLOPS[0m
  FLASH_ATTN_EXT(hsk=256,hsv=256,nh=2,nr23=[16,1],kv=2048,nb=1,mask=1,sinks=0,max_bias=0.000000,logit_softcap=0.000000,prec=f32,type_K=q8_0,type_V=q8_0,permute=[0,1,2,3],kv_view=1,v_is_view_of_k=0,n_kv_max=0):              20874 runs -    50.20 us/run -  67.11 MFLOP/run - [1;34m  1.34 TFLOPS[0m
  FLASH_ATTN_EXT(hsk=256,hsv=256,nh=2,nr23=[16,1],kv=4096,nb=1,mask=1,sinks=0,max_bias=0.000000,logit_softcap=0.000000,prec=f32,type_K=q8_0,type_V=q8_0,permute=[0,1,2,3],kv_view=1,v_is_view_of_k=0,n_kv_max=0):              11190 runs -    92.30 us/run - 134.22 MFLOP/run - [1;34m  1.45 TFLOPS[0m
  FLASH_ATTN_EXT(hsk=256,hsv=256,nh=2,nr23=[16,1],kv=10000,nb=1,mask=1,sinks=0,max_bias=0.000000,logit_softcap=0.000000,prec=f32,type_K=q8_0,type_V=q8_0,permute=[0,1,2,3],kv_view=1,v_is_view_of_k=0,n_kv_max=0):              1224 runs -  1028.42 us/run - 327.68 MFLOP/run - [1;34m318.62 GFLOPS[0m
  FLASH_ATTN_EXT(hsk=256,hsv=256,nh=2,nr23=[16,1],kv=20000,nb=1,mask=1,sinks=0,max_bias=0.000000,logit_softcap=0.000000,prec=f32,type_K=q8_0,type_V=q8_0,permute=[0,1,2,3],kv_view=1,v_is_view_of_k=0,n_kv_max=0):               459 runs -  2469.69 us/run - 655.36 MFLOP/run - [1;34m265.36 GFLOPS[0m
  FLASH_ATTN_EXT(hsk=256,hsv=256,nh=2,nr23=[16,1],kv=10000,nb=1,mask=1,sinks=0,max_bias=0.000000,logit_softcap=0.000000,prec=f32,type_K=f16,type_V=f16,permute=[0,1,2,3],kv_view=1,v_is_view_of_k=0,n_kv_max=0):                1224 runs -   899.37 us/run - 327.68 MFLOP/run - [1;34m364.34 GFLOPS[0m
  FLASH_ATTN_EXT(hsk=256,hsv=256,nh=2,nr23=[16,1],kv=20000,nb=1,mask=1,sinks=0,max_bias=0.000000,logit_softcap=0.000000,prec=f32,type_K=f16,type_V=f16,permute=[0,1,2,3],kv_view=1,v_is_view_of_k=0,n_kv_max=0):                 459 runs -  2311.53 us/run - 655.36 MFLOP/run - [1;34m283.52 GFLOPS[0m
  FLASH_ATTN_EXT(hsk=256,hsv=256,nh=2,nr23=[16,1],kv=10000,nb=512,mask=1,sinks=0,max_bias=0.000000,logit_softcap=0.000000,prec=f32,type_K=q8_0,type_V=q8_0,permute=[0,1,2,3],kv_view=1,v_is_view_of_k=0,n_kv_max=0):                     367 runs -  2726.59 us/run - 167.77 GFLOP/run - [1;34m 61.53 TFLOPS[0m
  FLASH_ATTN_EXT(hsk=256,hsv=256,nh=2,nr23=[16,1],kv=20000,nb=512,mask=1,sinks=0,max_bias=0.000000,logit_softcap=0.000000,prec=f32,type_K=q8_0,type_V=q8_0,permute=[0,1,2,3],kv_view=1,v_is_view_of_k=0,n_kv_max=0):                     194 runs -  5167.98 us/run - 335.54 GFLOP/run - [1;34m 64.93 TFLOPS[0m
  FLASH_ATTN_EXT(hsk=256,hsv=256,nh=2,nr23=[16,1],kv=10000,nb=512,mask=1,sinks=0,max_bias=0.000000,logit_softcap=0.000000,prec=f32,type_K=f16,type_V=f16,permute=[0,1,2,3],kv_view=1,v_is_view_of_k=0,n_kv_max=0):               379 runs -  2642.89 us/run - 167.77 GFLOP/run - [1;34m 63.48 TFLOPS[0m
  FLASH_ATTN_EXT(hsk=256,hsv=256,nh=2,nr23=[16,1],kv=20000,nb=512,mask=1,sinks=0,max_bias=0.000000,logit_softcap=0.000000,prec=f32,type_K=f16,type_V=f16,permute=[0,1,2,3],kv_view=1,v_is_view_of_k=0,n_kv_max=0):               202 runs -  4974.68 us/run - 335.54 GFLOP/run - [1;34m 67.45 TFLOPS[0m
  FLASH_ATTN_EXT(hsk=256,hsv=256,nh=2,nr23=[12,1],kv=256,nb=1,mask=1,sinks=0,max_bias=0.000000,logit_softcap=0.000000,prec=f32,type_K=f16,type_V=f16,permute=[0,1,2,3],kv_view=1,v_is_view_of_k=0,n_kv_max=0):                 57330 runs -    18.83 us/run -   6.29 MFLOP/run - [1;34m334.14 GFLOPS[0m
  FLASH_ATTN_EXT(hsk=256,hsv=256,nh=2,nr23=[12,1],kv=256,nb=512,mask=1,sinks=0,max_bias=0.000000,logit_softcap=0.000000,prec=f32,type_K=f16,type_V=f16,permute=[0,1,2,3],kv_view=1,v_is_view_of_k=0,n_kv_max=0):                4256 runs -   235.57 us/run -   3.22 GFLOP/run - [1;34m 13.67 TFLOPS[0m
  FLASH_ATTN_EXT(hsk=256,hsv=256,nh=2,nr23=[12,1],kv=512,nb=1,mask=1,sinks=0,max_bias=0.000000,logit_softcap=0.000000,prec=f32,type_K=f16,type_V=f16,permute=[0,1,2,3],kv_view=1,v_is_view_of_k=0,n_kv_max=0):                 55636 runs -    19.81 us/run -  12.58 MFLOP/run - [1;34m635.13 GFLOPS[0m
  FLASH_ATTN_EXT(hsk=256,hsv=256,nh=2,nr23=[12,1],kv=512,nb=512,mask=1,sinks=0,max_bias=0.000000,logit_softcap=0.000000,prec=f32,type_K=f16,type_V=f16,permute=[0,1,2,3],kv_view=1,v_is_view_of_k=0,n_kv_max=0):                3536 runs -   283.00 us/run -   6.44 GFLOP/run - [1;34m 22.76 TFLOPS[0m
  FLASH_ATTN_EXT(hsk=256,hsv=256,nh=2,nr23=[12,1],kv=1024,nb=1,mask=1,sinks=0,max_bias=0.000000,logit_softcap=0.000000,prec=f32,type_K=f16,type_V=f16,permute=[0,1,2,3],kv_view=1,v_is_view_of_k=0,n_kv_max=0):                31792 runs -    34.83 us/run -  25.17 MFLOP/run - [1;34m722.49 GFLOPS[0m
  FLASH_ATTN_EXT(hsk=256,hsv=256,nh=2,nr23=[12,1],kv=1024,nb=512,mask=1,sinks=0,max_bias=0.000000,logit_softcap=0.000000,prec=f32,type_K=f16,type_V=f16,permute=[0,1,2,3],kv_view=1,v_is_view_of_k=0,n_kv_max=0):               2696 runs -   371.77 us/run -  12.88 GFLOP/run - [1;34m 34.66 TFLOPS[0m
  FLASH_ATTN_EXT(hsk=256,hsv=256,nh=2,nr23=[12,1],kv=2048,nb=1,mask=1,sinks=0,max_bias=0.000000,logit_softcap=0.000000,prec=f32,type_K=f16,type_V=f16,permute=[0,1,2,3],kv_view=1,v_is_view_of_k=0,n_kv_max=0):                27818 runs -    37.90 us/run -  50.33 MFLOP/run - [1;34m  1.33 TFLOPS[0m
  FLASH_ATTN_EXT(hsk=256,hsv=256,nh=2,nr23=[12,1],kv=2048,nb=512,mask=1,sinks=0,max_bias=0.000000,logit_softcap=0.000000,prec=f32,type_K=f16,type_V=f16,permute=[0,1,2,3],kv_view=1,v_is_view_of_k=0,n_kv_max=0):               1848 runs -   541.96 us/run -  25.77 GFLOP/run - [1;34m 47.55 TFLOPS[0m
  FLASH_ATTN_EXT(hsk=256,hsv=256,nh=2,nr23=[12,1],kv=4096,nb=1,mask=1,sinks=0,max_bias=0.000000,logit_softcap=0.000000,prec=f32,type_K=f16,type_V=f16,permute=[0,1,2,3],kv_view=1,v_is_view_of_k=0,n_kv_max=0):                14910 runs -    67.45 us/run - 100.66 MFLOP/run - [1;34m  1.49 TFLOPS[0m
  FLASH_ATTN_EXT(hsk=256,hsv=256,nh=2,nr23=[12,1],kv=4096,nb=512,mask=1,sinks=0,max_bias=0.000000,logit_softcap=0.000000,prec=f32,type_K=f16,type_V=f16,permute=[0,1,2,3],kv_view=1,v_is_view_of_k=0,n_kv_max=0):               1134 runs -   881.93 us/run -  51.54 GFLOP/run - [1;34m 58.44 TFLOPS[0m
  FLASH_ATTN_EXT(hsk=256,hsv=256,nh=2,nr23=[12,1],kv=8192,nb=1,mask=1,sinks=0,max_bias=0.000000,logit_softcap=0.000000,prec=f32,type_K=f16,type_V=f16,permute=[0,1,2,3],kv_view=1,v_is_view_of_k=0,n_kv_max=0):                 6958 runs -   146.97 us/run - 201.33 MFLOP/run - [1;34m  1.37 TFLOPS[0m
  FLASH_ATTN_EXT(hsk=256,hsv=256,nh=2,nr23=[12,1],kv=8192,nb=512,mask=1,sinks=0,max_bias=0.000000,logit_softcap=0.000000,prec=f32,type_K=f16,type_V=f16,permute=[0,1,2,3],kv_view=1,v_is_view_of_k=0,n_kv_max=0):                631 runs -  1586.79 us/run - 103.08 GFLOP/run - [1;34m 64.96 TFLOPS[0m
  FLASH_ATTN_EXT(hsk=256,hsv=256,nh=2,nr23=[12,1],kv=16384,nb=1,mask=1,sinks=0,max_bias=0.000000,logit_softcap=0.000000,prec=f32,type_K=q4_0,type_V=q4_0,permute=[0,1,2,3],kv_view=1,v_is_view_of_k=0,n_kv_max=0):              2739 runs -   394.73 us/run - 402.65 MFLOP/run - [1;34m  1.02 TFLOPS[0m
  FLASH_ATTN_EXT(hsk=256,hsv=256,nh=2,nr23=[12,1],kv=16384,nb=1,mask=1,sinks=0,max_bias=0.000000,logit_softcap=0.000000,prec=f32,type_K=f16,type_V=f16,permute=[0,1,2,3],kv_view=1,v_is_view_of_k=0,n_kv_max=0):                3984 runs -   266.10 us/run - 402.65 MFLOP/run - [1;34m  1.51 TFLOPS[0m
  FLASH_ATTN_EXT(hsk=256,hsv=256,nh=2,nr23=[12,1],kv=32768,nb=1,mask=1,sinks=0,max_bias=0.000000,logit_softcap=0.000000,prec=f32,type_K=q4_0,type_V=q4_0,permute=[0,1,2,3],kv_view=1,v_is_view_of_k=0,n_kv_max=0):              1250 runs -   807.09 us/run - 805.31 MFLOP/run - [1;34m997.80 GFLOPS[0m
  FLASH_ATTN_EXT(hsk=256,hsv=256,nh=2,nr23=[12,1],kv=32768,nb=1,mask=1,sinks=0,max_bias=0.000000,logit_softcap=0.000000,prec=f32,type_K=f16,type_V=f16,permute=[0,1,2,3],kv_view=1,v_is_view_of_k=0,n_kv_max=0):                2000 runs -   513.08 us/run - 805.31 MFLOP/run - [1;34m  1.57 TFLOPS[0m
  FLASH_ATTN_EXT(hsk=256,hsv=256,nh=2,nr23=[12,1],kv=65536,nb=1,mask=1,sinks=0,max_bias=0.000000,logit_softcap=0.000000,prec=f32,type_K=q4_0,type_V=q4_0,permute=[0,1,2,3],kv_view=1,v_is_view_of_k=0,n_kv_max=0):               630 runs -  1615.03 us/run -   1.61 GFLOP/run - [1;34m997.26 GFLOPS[0m
  FLASH_ATTN_EXT(hsk=256,hsv=256,nh=2,nr23=[12,1],kv=65536,nb=1,mask=1,sinks=0,max_bias=0.000000,logit_softcap=0.000000,prec=f32,type_K=f16,type_V=f16,permute=[0,1,2,3],kv_view=1,v_is_view_of_k=0,n_kv_max=0):                1008 runs -  1012.17 us/run -   1.61 GFLOP/run - [1;34m  1.59 TFLOPS[0m
  FLASH_ATTN_EXT(hsk=256,hsv=256,nh=2,nr23=[12,1],kv=118016,nb=1,mask=1,sinks=0,max_bias=0.000000,logit_softcap=0.000000,prec=f32,type_K=q4_0,type_V=q4_0,permute=[0,1,2,3],kv_view=1,v_is_view_of_k=0,n_kv_max=0):                      350 runs -  2927.28 us/run -   2.90 GFLOP/run - [1;34m990.80 GFLOPS[0m
  FLASH_ATTN_EXT(hsk=256,hsv=256,nh=2,nr23=[12,1],kv=118016,nb=1,mask=1,sinks=0,max_bias=0.000000,logit_softcap=0.000000,prec=f32,type_K=f16,type_V=f16,permute=[0,1,2,3],kv_view=1,v_is_view_of_k=0,n_kv_max=0):                560 runs -  1787.36 us/run -   2.90 GFLOP/run - [1;34m  1.62 TFLOPS[0m
  FLASH_ATTN_EXT(hsk=64,hsv=64,nh=8,nr23=[1,1],kv=4096,nb=1,mask=1,sinks=0,max_bias=0.000000,logit_softcap=0.000000,prec=f32,type_K=f16,type_V=f16,permute=[0,1,2,3],kv_view=1,v_is_view_of_k=0,n_kv_max=0):                   90090 runs -    11.36 us/run -   8.39 MFLOP/run - [1;34m738.13 GFLOPS[0m
  FLASH_ATTN_EXT(hsk=64,hsv=64,nh=8,nr23=[1,1],kv=4096,nb=4096,mask=1,sinks=0,max_bias=0.000000,logit_softcap=0.000000,prec=f32,type_K=f16,type_V=f16,permute=[0,1,2,3],kv_view=1,v_is_view_of_k=0,n_kv_max=0):                  966 runs -  1037.81 us/run -  34.36 GFLOP/run - [1;34m 33.11 TFLOPS[0m
  FLASH_ATTN_EXT(hsk=64,hsv=64,nh=8,nr23=[4,1],kv=4096,nb=1,mask=1,sinks=0,max_bias=0.000000,logit_softcap=0.000000,prec=f32,type_K=f16,type_V=f16,permute=[0,1,2,3],kv_view=1,v_is_view_of_k=0,n_kv_max=0):                   20867 runs -    48.27 us/run -  33.55 MFLOP/run - [1;34m695.16 GFLOPS[0m
  FLASH_ATTN_EXT(hsk=64,hsv=64,nh=8,nr23=[4,1],kv=4096,nb=4096,mask=1,sinks=0,max_bias=0.000000,logit_softcap=0.000000,prec=f32,type_K=f16,type_V=f16,permute=[0,1,2,3],kv_view=1,v_is_view_of_k=0,n_kv_max=0):                  244 runs -  4111.00 us/run - 137.44 GFLOP/run - [1;34m 33.43 TFLOPS[0m
  FLASH_ATTN_EXT(hsk=64,hsv=64,nh=8,nr23=[8,1],kv=4096,nb=1,mask=1,sinks=0,max_bias=0.000000,logit_softcap=0.000000,prec=f32,type_K=f16,type_V=f16,permute=[0,1,2,3],kv_view=1,v_is_view_of_k=0,n_kv_max=0):                   37275 runs -    26.86 us/run -  67.11 MFLOP/run - [1;34m  2.50 TFLOPS[0m
  FLASH_ATTN_EXT(hsk=64,hsv=64,nh=8,nr23=[8,1],kv=4096,nb=4096,mask=1,sinks=0,max_bias=0.000000,logit_softcap=0.000000,prec=f32,type_K=f16,type_V=f16,permute=[0,1,2,3],kv_view=1,v_is_view_of_k=0,n_kv_max=0):                  124 runs -  8121.61 us/run - 274.88 GFLOP/run - [1;34m 33.85 TFLOPS[0m
  FLASH_ATTN_EXT(hsk=128,hsv=128,nh=8,nr23=[1,1],kv=4096,nb=1,mask=1,sinks=0,max_bias=0.000000,logit_softcap=0.000000,prec=f32,type_K=f16,type_V=f16,permute=[0,1,2,3],kv_view=1,v_is_view_of_k=0,n_kv_max=0):                 65571 runs -    16.68 us/run -  16.78 MFLOP/run - [1;34m  1.01 TFLOPS[0m
  FLASH_ATTN_EXT(hsk=128,hsv=128,nh=8,nr23=[1,1],kv=4096,nb=4096,mask=1,sinks=0,max_bias=0.000000,logit_softcap=0.000000,prec=f32,type_K=f16,type_V=f16,permute=[0,1,2,3],kv_view=1,v_is_view_of_k=0,n_kv_max=0):                638 runs -  1568.05 us/run -  68.72 GFLOP/run - [1;34m 43.82 TFLOPS[0m
  FLASH_ATTN_EXT(hsk=128,hsv=128,nh=8,nr23=[4,1],kv=4096,nb=1,mask=1,sinks=0,max_bias=0.000000,logit_softcap=0.000000,prec=f32,type_K=f16,type_V=f16,permute=[0,1,2,3],kv_view=1,v_is_view_of_k=0,n_kv_max=0):                 16401 runs -    66.30 us/run -  67.11 MFLOP/run - [1;34m  1.01 TFLOPS[0m
  FLASH_ATTN_EXT(hsk=128,hsv=128,nh=8,nr23=[4,1],kv=4096,nb=4096,mask=1,sinks=0,max_bias=0.000000,logit_softcap=0.000000,prec=f32,type_K=f16,type_V=f16,permute=[0,1,2,3],kv_view=1,v_is_view_of_k=0,n_kv_max=0):                161 runs -  6221.35 us/run - 274.88 GFLOP/run - [1;34m 44.18 TFLOPS[0m
  FLASH_ATTN_EXT(hsk=128,hsv=128,nh=8,nr23=[8,1],kv=4096,nb=1,mask=1,sinks=0,max_bias=0.000000,logit_softcap=0.000000,prec=f32,type_K=f16,type_V=f16,permute=[0,1,2,3],kv_view=1,v_is_view_of_k=0,n_kv_max=0):                 15666 runs -    65.81 us/run - 134.22 MFLOP/run - [1;34m  2.04 TFLOPS[0m
  FLASH_ATTN_EXT(hsk=128,hsv=128,nh=8,nr23=[8,1],kv=4096,nb=4096,mask=1,sinks=0,max_bias=0.000000,logit_softcap=0.000000,prec=f32,type_K=f16,type_V=f16,permute=[0,1,2,3],kv_view=1,v_is_view_of_k=0,n_kv_max=0):                 81 runs - 12406.86 us/run - 549.76 GFLOP/run - [1;34m 44.31 TFLOPS[0m
  FLASH_ATTN_EXT(hsk=256,hsv=256,nh=8,nr23=[1,1],kv=4096,nb=1,mask=1,sinks=0,max_bias=0.000000,logit_softcap=0.000000,prec=f32,type_K=f16,type_V=f16,permute=[0,1,2,3],kv_view=1,v_is_view_of_k=0,n_kv_max=0):                 17886 runs -    57.42 us/run -  33.55 MFLOP/run - [1;34m584.32 GFLOPS[0m
  FLASH_ATTN_EXT(hsk=256,hsv=256,nh=8,nr23=[1,1],kv=4096,nb=4096,mask=1,sinks=0,max_bias=0.000000,logit_softcap=0.000000,prec=f32,type_K=f16,type_V=f16,permute=[0,1,2,3],kv_view=1,v_is_view_of_k=0,n_kv_max=0):                397 runs -  2520.94 us/run - 137.44 GFLOP/run - [1;34m 54.52 TFLOPS[0m
  FLASH_ATTN_EXT(hsk=256,hsv=256,nh=8,nr23=[4,1],kv=4096,nb=1,mask=1,sinks=0,max_bias=0.000000,logit_softcap=0.000000,prec=f32,type_K=f16,type_V=f16,permute=[0,1,2,3],kv_view=1,v_is_view_of_k=0,n_kv_max=0):                  6714 runs -   165.63 us/run - 134.22 MFLOP/run - [1;34m810.33 GFLOPS[0m
  FLASH_ATTN_EXT(hsk=256,hsv=256,nh=8,nr23=[4,1],kv=4096,nb=4096,mask=1,sinks=0,max_bias=0.000000,logit_softcap=0.000000,prec=f32,type_K=f16,type_V=f16,permute=[0,1,2,3],kv_view=1,v_is_view_of_k=0,n_kv_max=0):                100 runs - 10068.73 us/run - 549.76 GFLOP/run - [1;34m 54.60 TFLOPS[0m
  FLASH_ATTN_EXT(hsk=256,hsv=256,nh=8,nr23=[8,1],kv=4096,nb=1,mask=1,sinks=0,max_bias=0.000000,logit_softcap=0.000000,prec=f32,type_K=f16,type_V=f16,permute=[0,1,2,3],kv_view=1,v_is_view_of_k=0,n_kv_max=0):                  7087 runs -   142.98 us/run - 268.44 MFLOP/run - [1;34m  1.88 TFLOPS[0m
  FLASH_ATTN_EXT(hsk=256,hsv=256,nh=8,nr23=[8,1],kv=4096,nb=4096,mask=1,sinks=0,max_bias=0.000000,logit_softcap=0.000000,prec=f32,type_K=f16,type_V=f16,permute=[0,1,2,3],kv_view=1,v_is_view_of_k=0,n_kv_max=0):                 50 runs - 20063.26 us/run -   1.10 TFLOP/run - [1;34m 54.80 TFLOPS[0m
  FLASH_ATTN_EXT(hsk=576,hsv=512,nh=8,nr23=[1,1],kv=4096,nb=1,mask=1,sinks=0,max_bias=0.000000,logit_softcap=0.000000,prec=f32,type_K=f16,type_V=f16,permute=[0,1,2,3],kv_view=1,v_is_view_of_k=1,n_kv_max=0): not supported
  FLASH_ATTN_EXT(hsk=576,hsv=512,nh=8,nr23=[1,1],kv=4096,nb=4096,mask=1,sinks=0,max_bias=0.000000,logit_softcap=0.000000,prec=f32,type_K=f16,type_V=f16,permute=[0,1,2,3],kv_view=1,v_is_view_of_k=1,n_kv_max=0): not supported
  FLASH_ATTN_EXT(hsk=576,hsv=512,nh=8,nr23=[4,1],kv=4096,nb=1,mask=1,sinks=0,max_bias=0.000000,logit_softcap=0.000000,prec=f32,type_K=f16,type_V=f16,permute=[0,1,2,3],kv_view=1,v_is_view_of_k=1,n_kv_max=0):                  3861 runs -   281.22 us/run - 285.21 MFLOP/run - [1;34m  1.01 TFLOPS[0m
  FLASH_ATTN_EXT(hsk=576,hsv=512,nh=8,nr23=[4,1],kv=4096,nb=4096,mask=1,sinks=0,max_bias=0.000000,logit_softcap=0.000000,prec=f32,type_K=f16,type_V=f16,permute=[0,1,2,3],kv_view=1,v_is_view_of_k=1,n_kv_max=0):                  4 runs - 283131.00 us/run -   1.17 TFLOP/run - [1;34m  4.13 TFLOPS[0m
  FLASH_ATTN_EXT(hsk=576,hsv=512,nh=8,nr23=[8,1],kv=4096,nb=1,mask=1,sinks=0,max_bias=0.000000,logit_softcap=0.000000,prec=f32,type_K=f16,type_V=f16,permute=[0,1,2,3],kv_view=1,v_is_view_of_k=1,n_kv_max=0):                  1936 runs -   540.82 us/run - 570.43 MFLOP/run - [1;34m  1.05 TFLOPS[0m
  FLASH_ATTN_EXT(hsk=576,hsv=512,nh=8,nr23=[8,1],kv=4096,nb=4096,mask=1,sinks=0,max_bias=0.000000,logit_softcap=0.000000,prec=f32,type_K=f16,type_V=f16,permute=[0,1,2,3],kv_view=1,v_is_view_of_k=1,n_kv_max=0):                  2 runs - 566630.50 us/run -   2.34 TFLOP/run - [1;34m  4.12 TFLOPS[0m
  FLASH_ATTN_EXT(hsk=64,hsv=64,nh=8,nr23=[1,1],kv=8192,nb=1,mask=1,sinks=0,max_bias=0.000000,logit_softcap=0.000000,prec=f32,type_K=f16,type_V=f16,permute=[0,1,2,3],kv_view=1,v_is_view_of_k=0,n_kv_max=0):                   59610 runs -    17.79 us/run -  16.78 MFLOP/run - [1;34m942.91 GFLOPS[0m
  FLASH_ATTN_EXT(hsk=64,hsv=64,nh=8,nr23=[1,1],kv=8192,nb=4096,mask=1,sinks=0,max_bias=0.000000,logit_softcap=0.000000,prec=f32,type_K=f16,type_V=f16,permute=[0,1,2,3],kv_view=1,v_is_view_of_k=0,n_kv_max=0):                  484 runs -  2067.45 us/run -  68.72 GFLOP/run - [1;34m 33.24 TFLOPS[0m
  FLASH_ATTN_EXT(hsk=64,hsv=64,nh=8,nr23=[4,1],kv=8192,nb=1,mask=1,sinks=0,max_bias=0.000000,logit_softcap=0.000000,prec=f32,type_K=f16,type_V=f16,permute=[0,1,2,3],kv_view=1,v_is_view_of_k=0,n_kv_max=0):                   11928 runs -    91.24 us/run -  67.11 MFLOP/run - [1;34m735.49 GFLOPS[0m
  FLASH_ATTN_EXT(hsk=64,hsv=64,nh=8,nr23=[4,1],kv=8192,nb=4096,mask=1,sinks=0,max_bias=0.000000,logit_softcap=0.000000,prec=f32,type_K=f16,type_V=f16,permute=[0,1,2,3],kv_view=1,v_is_view_of_k=0,n_kv_max=0):                  125 runs -  8034.28 us/run - 274.88 GFLOP/run - [1;34m 34.21 TFLOPS[0m
  FLASH_ATTN_EXT(hsk=64,hsv=64,nh=8,nr23=[8,1],kv=8192,nb=1,mask=1,sinks=0,max_bias=0.000000,logit_softcap=0.000000,prec=f32,type_K=f16,type_V=f16,permute=[0,1,2,3],kv_view=1,v_is_view_of_k=0,n_kv_max=0):                   20888 runs -    48.73 us/run - 134.22 MFLOP/run - [1;34m  2.75 TFLOPS[0m
  FLASH_ATTN_EXT(hsk=64,hsv=64,nh=8,nr23=[8,1],kv=8192,nb=4096,mask=1,sinks=0,max_bias=0.000000,logit_softcap=0.000000,prec=f32,type_K=f16,type_V=f16,permute=[0,1,2,3],kv_view=1,v_is_view_of_k=0,n_kv_max=0):                   63 runs - 15968.02 us/run - 549.76 GFLOP/run - [1;34m 34.43 TFLOPS[0m
  FLASH_ATTN_EXT(hsk=128,hsv=128,nh=8,nr23=[1,1],kv=8192,nb=1,mask=1,sinks=0,max_bias=0.000000,logit_softcap=0.000000,prec=f32,type_K=f16,type_V=f16,permute=[0,1,2,3],kv_view=1,v_is_view_of_k=0,n_kv_max=0):                 17886 runs -    56.43 us/run -  33.55 MFLOP/run - [1;34m594.61 GFLOPS[0m
  FLASH_ATTN_EXT(hsk=128,hsv=128,nh=8,nr23=[1,1],kv=8192,nb=4096,mask=1,sinks=0,max_bias=0.000000,logit_softcap=0.000000,prec=f32,type_K=f16,type_V=f16,permute=[0,1,2,3],kv_view=1,v_is_view_of_k=0,n_kv_max=0):                336 runs -  2983.81 us/run - 137.44 GFLOP/run - [1;34m 46.06 TFLOPS[0m
  FLASH_ATTN_EXT(hsk=128,hsv=128,nh=8,nr23=[4,1],kv=8192,nb=1,mask=1,sinks=0,max_bias=0.000000,logit_softcap=0.000000,prec=f32,type_K=f16,type_V=f16,permute=[0,1,2,3],kv_view=1,v_is_view_of_k=0,n_kv_max=0):                  6714 runs -   151.15 us/run - 134.22 MFLOP/run - [1;34m887.97 GFLOPS[0m
  FLASH_ATTN_EXT(hsk=128,hsv=128,nh=8,nr23=[4,1],kv=8192,nb=4096,mask=1,sinks=0,max_bias=0.000000,logit_softcap=0.000000,prec=f32,type_K=f16,type_V=f16,permute=[0,1,2,3],kv_view=1,v_is_view_of_k=0,n_kv_max=0):                 84 runs - 11985.17 us/run - 549.76 GFLOP/run - [1;34m 45.87 TFLOPS[0m
  FLASH_ATTN_EXT(hsk=128,hsv=128,nh=8,nr23=[8,1],kv=8192,nb=1,mask=1,sinks=0,max_bias=0.000000,logit_softcap=0.000000,prec=f32,type_K=f16,type_V=f16,permute=[0,1,2,3],kv_view=1,v_is_view_of_k=0,n_kv_max=0):                  7087 runs -   148.92 us/run - 268.44 MFLOP/run - [1;34m  1.80 TFLOPS[0m
  FLASH_ATTN_EXT(hsk=128,hsv=128,nh=8,nr23=[8,1],kv=8192,nb=4096,mask=1,sinks=0,max_bias=0.000000,logit_softcap=0.000000,prec=f32,type_K=f16,type_V=f16,permute=[0,1,2,3],kv_view=1,v_is_view_of_k=0,n_kv_max=0):                 43 runs - 23645.28 us/run -   1.10 TFLOP/run - [1;34m 46.50 TFLOPS[0m
  FLASH_ATTN_EXT(hsk=256,hsv=256,nh=8,nr23=[1,1],kv=8192,nb=1,mask=1,sinks=0,max_bias=0.000000,logit_softcap=0.000000,prec=f32,type_K=f16,type_V=f16,permute=[0,1,2,3],kv_view=1,v_is_view_of_k=0,n_kv_max=0):                  8946 runs -   126.03 us/run -  67.11 MFLOP/run - [1;34m532.50 GFLOPS[0m
  FLASH_ATTN_EXT(hsk=256,hsv=256,nh=8,nr23=[1,1],kv=8192,nb=4096,mask=1,sinks=0,max_bias=0.000000,logit_softcap=0.000000,prec=f32,type_K=f16,type_V=f16,permute=[0,1,2,3],kv_view=1,v_is_view_of_k=0,n_kv_max=0):                217 runs -  4619.88 us/run - 274.88 GFLOP/run - [1;34m 59.50 TFLOPS[0m
  FLASH_ATTN_EXT(hsk=256,hsv=256,nh=8,nr23=[4,1],kv=8192,nb=1,mask=1,sinks=0,max_bias=0.000000,logit_softcap=0.000000,prec=f32,type_K=f16,type_V=f16,permute=[0,1,2,3],kv_view=1,v_is_view_of_k=0,n_kv_max=0):                  2984 runs -   337.89 us/run - 268.44 MFLOP/run - [1;34m794.44 GFLOPS[0m
  FLASH_ATTN_EXT(hsk=256,hsv=256,nh=8,nr23=[4,1],kv=8192,nb=4096,mask=1,sinks=0,max_bias=0.000000,logit_softcap=0.000000,prec=f32,type_K=f16,type_V=f16,permute=[0,1,2,3],kv_view=1,v_is_view_of_k=0,n_kv_max=0):                 54 runs - 18554.13 us/run -   1.10 TFLOP/run - [1;34m 59.26 TFLOPS[0m
  FLASH_ATTN_EXT(hsk=256,hsv=256,nh=8,nr23=[8,1],kv=8192,nb=1,mask=1,sinks=0,max_bias=0.000000,logit_softcap=0.000000,prec=f32,type_K=f16,type_V=f16,permute=[0,1,2,3],kv_view=1,v_is_view_of_k=0,n_kv_max=0):                  3553 runs -   283.95 us/run - 536.87 MFLOP/run - [1;34m  1.89 TFLOPS[0m
  FLASH_ATTN_EXT(hsk=256,hsv=256,nh=8,nr23=[8,1],kv=8192,nb=4096,mask=1,sinks=0,max_bias=0.000000,logit_softcap=0.000000,prec=f32,type_K=f16,type_V=f16,permute=[0,1,2,3],kv_view=1,v_is_view_of_k=0,n_kv_max=0):                 27 runs - 37173.78 us/run -   2.20 TFLOP/run - [1;34m 59.16 TFLOPS[0m
  FLASH_ATTN_EXT(hsk=576,hsv=512,nh=8,nr23=[1,1],kv=8192,nb=1,mask=1,sinks=0,max_bias=0.000000,logit_softcap=0.000000,prec=f32,type_K=f16,type_V=f16,permute=[0,1,2,3],kv_view=1,v_is_view_of_k=1,n_kv_max=0): not supported
  FLASH_ATTN_EXT(hsk=576,hsv=512,nh=8,nr23=[1,1],kv=8192,nb=4096,mask=1,sinks=0,max_bias=0.000000,logit_softcap=0.000000,prec=f32,type_K=f16,type_V=f16,permute=[0,1,2,3],kv_view=1,v_is_view_of_k=1,n_kv_max=0): not supported
  FLASH_ATTN_EXT(hsk=576,hsv=512,nh=8,nr23=[4,1],kv=8192,nb=1,mask=1,sinks=0,max_bias=0.000000,logit_softcap=0.000000,prec=f32,type_K=f16,type_V=f16,permute=[0,1,2,3],kv_view=1,v_is_view_of_k=1,n_kv_max=0):                  1936 runs -   554.25 us/run - 570.43 MFLOP/run - [1;34m  1.03 TFLOPS[0m
  FLASH_ATTN_EXT(hsk=576,hsv=512,nh=8,nr23=[4,1],kv=8192,nb=4096,mask=1,sinks=0,max_bias=0.000000,logit_softcap=0.000000,prec=f32,type_K=f16,type_V=f16,permute=[0,1,2,3],kv_view=1,v_is_view_of_k=1,n_kv_max=0):                  2 runs - 563323.00 us/run -   2.34 TFLOP/run - [1;34m  4.15 TFLOPS[0m
  FLASH_ATTN_EXT(hsk=576,hsv=512,nh=8,nr23=[8,1],kv=8192,nb=1,mask=1,sinks=0,max_bias=0.000000,logit_softcap=0.000000,prec=f32,type_K=f16,type_V=f16,permute=[0,1,2,3],kv_view=1,v_is_view_of_k=1,n_kv_max=0):                   968 runs -  1092.15 us/run -   1.14 GFLOP/run - [1;34m  1.04 TFLOPS[0m
  FLASH_ATTN_EXT(hsk=576,hsv=512,nh=8,nr23=[8,1],kv=8192,nb=4096,mask=1,sinks=0,max_bias=0.000000,logit_softcap=0.000000,prec=f32,type_K=f16,type_V=f16,permute=[0,1,2,3],kv_view=1,v_is_view_of_k=1,n_kv_max=0):                  1 runs - 1125915.00 us/run -   4.67 TFLOP/run - [1;34m  4.15 TFLOPS[0m
  FLASH_ATTN_EXT(hsk=64,hsv=64,nh=8,nr23=[1,1],kv=16384,nb=1,mask=1,sinks=0,max_bias=0.000000,logit_softcap=0.000000,prec=f32,type_K=f16,type_V=f16,permute=[0,1,2,3],kv_view=1,v_is_view_of_k=0,n_kv_max=0):                  17886 runs -    60.08 us/run -  33.55 MFLOP/run - [1;34m558.53 GFLOPS[0m
  FLASH_ATTN_EXT(hsk=64,hsv=64,nh=8,nr23=[1,1],kv=16384,nb=4096,mask=1,sinks=0,max_bias=0.000000,logit_softcap=0.000000,prec=f32,type_K=f16,type_V=f16,permute=[0,1,2,3],kv_view=1,v_is_view_of_k=0,n_kv_max=0):                 227 runs -  4424.45 us/run - 137.44 GFLOP/run - [1;34m 31.06 TFLOPS[0m
  FLASH_ATTN_EXT(hsk=64,hsv=64,nh=8,nr23=[4,1],kv=16384,nb=1,mask=1,sinks=0,max_bias=0.000000,logit_softcap=0.000000,prec=f32,type_K=f16,type_V=f16,permute=[0,1,2,3],kv_view=1,v_is_view_of_k=0,n_kv_max=0):                   5222 runs -   221.58 us/run - 134.22 MFLOP/run - [1;34m605.73 GFLOPS[0m
  FLASH_ATTN_EXT(hsk=64,hsv=64,nh=8,nr23=[4,1],kv=16384,nb=4096,mask=1,sinks=0,max_bias=0.000000,logit_softcap=0.000000,prec=f32,type_K=f16,type_V=f16,permute=[0,1,2,3],kv_view=1,v_is_view_of_k=0,n_kv_max=0):                  58 runs - 17522.64 us/run - 549.76 GFLOP/run - [1;34m 31.37 TFLOPS[0m
  FLASH_ATTN_EXT(hsk=64,hsv=64,nh=8,nr23=[8,1],kv=16384,nb=1,mask=1,sinks=0,max_bias=0.000000,logit_softcap=0.000000,prec=f32,type_K=f16,type_V=f16,permute=[0,1,2,3],kv_view=1,v_is_view_of_k=0,n_kv_max=0):                   8952 runs -   112.75 us/run - 268.44 MFLOP/run - [1;34m  2.38 TFLOPS[0m
  FLASH_ATTN_EXT(hsk=64,hsv=64,nh=8,nr23=[8,1],kv=16384,nb=4096,mask=1,sinks=0,max_bias=0.000000,logit_softcap=0.000000,prec=f32,type_K=f16,type_V=f16,permute=[0,1,2,3],kv_view=1,v_is_view_of_k=0,n_kv_max=0):                  28 runs - 36137.07 us/run -   1.10 TFLOP/run - [1;34m 30.43 TFLOPS[0m
  FLASH_ATTN_EXT(hsk=128,hsv=128,nh=8,nr23=[1,1],kv=16384,nb=1,mask=1,sinks=0,max_bias=0.000000,logit_softcap=0.000000,prec=f32,type_K=f16,type_V=f16,permute=[0,1,2,3],kv_view=1,v_is_view_of_k=0,n_kv_max=0):                 8946 runs -   120.34 us/run -  67.11 MFLOP/run - [1;34m557.65 GFLOPS[0m
  FLASH_ATTN_EXT(hsk=128,hsv=128,nh=8,nr23=[1,1],kv=16384,nb=4096,mask=1,sinks=0,max_bias=0.000000,logit_softcap=0.000000,prec=f32,type_K=f16,type_V=f16,permute=[0,1,2,3],kv_view=1,v_is_view_of_k=0,n_kv_max=0):               159 runs -  6313.79 us/run - 274.88 GFLOP/run - [1;34m 43.54 TFLOPS[0m
  FLASH_ATTN_EXT(hsk=128,hsv=128,nh=8,nr23=[4,1],kv=16384,nb=1,mask=1,sinks=0,max_bias=0.000000,logit_softcap=0.000000,prec=f32,type_K=f16,type_V=f16,permute=[0,1,2,3],kv_view=1,v_is_view_of_k=0,n_kv_max=0):                 3357 runs -   304.76 us/run - 268.44 MFLOP/run - [1;34m880.81 GFLOPS[0m
  FLASH_ATTN_EXT(hsk=128,hsv=128,nh=8,nr23=[4,1],kv=16384,nb=4096,mask=1,sinks=0,max_bias=0.000000,logit_softcap=0.000000,prec=f32,type_K=f16,type_V=f16,permute=[0,1,2,3],kv_view=1,v_is_view_of_k=0,n_kv_max=0):                41 runs - 24834.05 us/run -   1.10 TFLOP/run - [1;34m 44.27 TFLOPS[0m
  FLASH_ATTN_EXT(hsk=128,hsv=128,nh=8,nr23=[8,1],kv=16384,nb=1,mask=1,sinks=0,max_bias=0.000000,logit_softcap=0.000000,prec=f32,type_K=f16,type_V=f16,permute=[0,1,2,3],kv_view=1,v_is_view_of_k=0,n_kv_max=0):                 3366 runs -   300.92 us/run - 536.87 MFLOP/run - [1;34m  1.78 TFLOPS[0m
  FLASH_ATTN_EXT(hsk=128,hsv=128,nh=8,nr23=[8,1],kv=16384,nb=4096,mask=1,sinks=0,max_bias=0.000000,logit_softcap=0.000000,prec=f32,type_K=f16,type_V=f16,permute=[0,1,2,3],kv_view=1,v_is_view_of_k=0,n_kv_max=0):                21 runs - 49350.95 us/run -   2.20 TFLOP/run - [1;34m 44.56 TFLOPS[0m
  FLASH_ATTN_EXT(hsk=256,hsv=256,nh=8,nr23=[1,1],kv=16384,nb=1,mask=1,sinks=0,max_bias=0.000000,logit_softcap=0.000000,prec=f32,type_K=f16,type_V=f16,permute=[0,1,2,3],kv_view=1,v_is_view_of_k=0,n_kv_max=0):                 4476 runs -   246.32 us/run - 134.22 MFLOP/run - [1;34m544.89 GFLOPS[0m
  FLASH_ATTN_EXT(hsk=256,hsv=256,nh=8,nr23=[1,1],kv=16384,nb=4096,mask=1,sinks=0,max_bias=0.000000,logit_softcap=0.000000,prec=f32,type_K=f16,type_V=f16,permute=[0,1,2,3],kv_view=1,v_is_view_of_k=0,n_kv_max=0):               109 runs -  9224.87 us/run - 549.76 GFLOP/run - [1;34m 59.59 TFLOPS[0m
  FLASH_ATTN_EXT(hsk=256,hsv=256,nh=8,nr23=[4,1],kv=16384,nb=1,mask=1,sinks=0,max_bias=0.000000,logit_softcap=0.000000,prec=f32,type_K=f16,type_V=f16,permute=[0,1,2,3],kv_view=1,v_is_view_of_k=0,n_kv_max=0):                 1496 runs -   673.07 us/run - 536.87 MFLOP/run - [1;34m797.65 GFLOPS[0m
  FLASH_ATTN_EXT(hsk=256,hsv=256,nh=8,nr23=[4,1],kv=16384,nb=4096,mask=1,sinks=0,max_bias=0.000000,logit_softcap=0.000000,prec=f32,type_K=f16,type_V=f16,permute=[0,1,2,3],kv_view=1,v_is_view_of_k=0,n_kv_max=0):                28 runs - 36856.86 us/run -   2.20 TFLOP/run - [1;34m 59.66 TFLOPS[0m
  FLASH_ATTN_EXT(hsk=256,hsv=256,nh=8,nr23=[8,1],kv=16384,nb=1,mask=1,sinks=0,max_bias=0.000000,logit_softcap=0.000000,prec=f32,type_K=f16,type_V=f16,permute=[0,1,2,3],kv_view=1,v_is_view_of_k=0,n_kv_max=0):                 1786 runs -   577.70 us/run -   1.07 GFLOP/run - [1;34m  1.86 TFLOPS[0m
  FLASH_ATTN_EXT(hsk=256,hsv=256,nh=8,nr23=[8,1],kv=16384,nb=4096,mask=1,sinks=0,max_bias=0.000000,logit_softcap=0.000000,prec=f32,type_K=f16,type_V=f16,permute=[0,1,2,3],kv_view=1,v_is_view_of_k=0,n_kv_max=0):                14 runs - 73602.43 us/run -   4.40 TFLOP/run - [1;34m 59.75 TFLOPS[0m
  FLASH_ATTN_EXT(hsk=576,hsv=512,nh=8,nr23=[1,1],kv=16384,nb=1,mask=1,sinks=0,max_bias=0.000000,logit_softcap=0.000000,prec=f32,type_K=f16,type_V=f16,permute=[0,1,2,3],kv_view=1,v_is_view_of_k=1,n_kv_max=0): not supported
  FLASH_ATTN_EXT(hsk=576,hsv=512,nh=8,nr23=[1,1],kv=16384,nb=4096,mask=1,sinks=0,max_bias=0.000000,logit_softcap=0.000000,prec=f32,type_K=f16,type_V=f16,permute=[0,1,2,3],kv_view=1,v_is_view_of_k=1,n_kv_max=0): not supported
  FLASH_ATTN_EXT(hsk=576,hsv=512,nh=8,nr23=[4,1],kv=16384,nb=1,mask=1,sinks=0,max_bias=0.000000,logit_softcap=0.000000,prec=f32,type_K=f16,type_V=f16,permute=[0,1,2,3],kv_view=1,v_is_view_of_k=1,n_kv_max=0):                  968 runs -  1098.27 us/run -   1.14 GFLOP/run - [1;34m  1.04 TFLOPS[0m
  FLASH_ATTN_EXT(hsk=576,hsv=512,nh=8,nr23=[4,1],kv=16384,nb=4096,mask=1,sinks=0,max_bias=0.000000,logit_softcap=0.000000,prec=f32,type_K=f16,type_V=f16,permute=[0,1,2,3],kv_view=1,v_is_view_of_k=1,n_kv_max=0):                 1 runs - 1123232.00 us/run -   4.67 TFLOP/run - [1;34m  4.16 TFLOPS[0m
  FLASH_ATTN_EXT(hsk=576,hsv=512,nh=8,nr23=[8,1],kv=16384,nb=1,mask=1,sinks=0,max_bias=0.000000,logit_softcap=0.000000,prec=f32,type_K=f16,type_V=f16,permute=[0,1,2,3],kv_view=1,v_is_view_of_k=1,n_kv_max=0):                  484 runs -  2164.51 us/run -   2.28 GFLOP/run - [1;34m  1.05 TFLOPS[0m
  FLASH_ATTN_EXT(hsk=576,hsv=512,nh=8,nr23=[8,1],kv=16384,nb=4096,mask=1,sinks=0,max_bias=0.000000,logit_softcap=0.000000,prec=f32,type_K=f16,type_V=f16,permute=[0,1,2,3],kv_view=1,v_is_view_of_k=1,n_kv_max=0):                 1 runs - 2245134.00 us/run -   9.35 TFLOP/run - [1;34m  4.16 TFLOPS[0m
  FLASH_ATTN_EXT(hsk=64,hsv=64,nh=8,nr23=[1,1],kv=32768,nb=1,mask=1,sinks=0,max_bias=0.000000,logit_softcap=0.000000,prec=f32,type_K=f16,type_V=f16,permute=[0,1,2,3],kv_view=1,v_is_view_of_k=0,n_kv_max=0):                   8946 runs -   123.00 us/run -  67.11 MFLOP/run - [1;34m545.61 GFLOPS[0m
  FLASH_ATTN_EXT(hsk=64,hsv=64,nh=8,nr23=[1,1],kv=32768,nb=4096,mask=1,sinks=0,max_bias=0.000000,logit_softcap=0.000000,prec=f32,type_K=f16,type_V=f16,permute=[0,1,2,3],kv_view=1,v_is_view_of_k=0,n_kv_max=0):                 106 runs -  9504.08 us/run - 274.88 GFLOP/run - [1;34m 28.92 TFLOPS[0m
  FLASH_ATTN_EXT(hsk=64,hsv=64,nh=8,nr23=[4,1],kv=32768,nb=1,mask=1,sinks=0,max_bias=0.000000,logit_softcap=0.000000,prec=f32,type_K=f16,type_V=f16,permute=[0,1,2,3],kv_view=1,v_is_view_of_k=0,n_kv_max=0):                   2238 runs -   453.03 us/run - 268.44 MFLOP/run - [1;34m592.53 GFLOPS[0m
  FLASH_ATTN_EXT(hsk=64,hsv=64,nh=8,nr23=[4,1],kv=32768,nb=4096,mask=1,sinks=0,max_bias=0.000000,logit_softcap=0.000000,prec=f32,type_K=f16,type_V=f16,permute=[0,1,2,3],kv_view=1,v_is_view_of_k=0,n_kv_max=0):                  26 runs - 39673.00 us/run -   1.10 TFLOP/run - [1;34m 27.71 TFLOPS[0m
  FLASH_ATTN_EXT(hsk=64,hsv=64,nh=8,nr23=[8,1],kv=32768,nb=1,mask=1,sinks=0,max_bias=0.000000,logit_softcap=0.000000,prec=f32,type_K=f16,type_V=f16,permute=[0,1,2,3],kv_view=1,v_is_view_of_k=0,n_kv_max=0):                   4488 runs -   224.69 us/run - 536.87 MFLOP/run - [1;34m  2.39 TFLOPS[0m
  FLASH_ATTN_EXT(hsk=64,hsv=64,nh=8,nr23=[8,1],kv=32768,nb=4096,mask=1,sinks=0,max_bias=0.000000,logit_softcap=0.000000,prec=f32,type_K=f16,type_V=f16,permute=[0,1,2,3],kv_view=1,v_is_view_of_k=0,n_kv_max=0):                  13 runs - 77418.08 us/run -   2.20 TFLOP/run - [1;34m 28.40 TFLOPS[0m
  FLASH_ATTN_EXT(hsk=128,hsv=128,nh=8,nr23=[1,1],kv=32768,nb=1,mask=1,sinks=0,max_bias=0.000000,logit_softcap=0.000000,prec=f32,type_K=f16,type_V=f16,permute=[0,1,2,3],kv_view=1,v_is_view_of_k=0,n_kv_max=0):                 4476 runs -   236.88 us/run - 134.22 MFLOP/run - [1;34m566.61 GFLOPS[0m
  FLASH_ATTN_EXT(hsk=128,hsv=128,nh=8,nr23=[1,1],kv=32768,nb=4096,mask=1,sinks=0,max_bias=0.000000,logit_softcap=0.000000,prec=f32,type_K=f16,type_V=f16,permute=[0,1,2,3],kv_view=1,v_is_view_of_k=0,n_kv_max=0):                80 runs - 12628.04 us/run - 549.76 GFLOP/run - [1;34m 43.53 TFLOPS[0m
  FLASH_ATTN_EXT(hsk=128,hsv=128,nh=8,nr23=[4,1],kv=32768,nb=1,mask=1,sinks=0,max_bias=0.000000,logit_softcap=0.000000,prec=f32,type_K=f16,type_V=f16,permute=[0,1,2,3],kv_view=1,v_is_view_of_k=0,n_kv_max=0):                 1683 runs -   609.20 us/run - 536.87 MFLOP/run - [1;34m881.28 GFLOPS[0m
  FLASH_ATTN_EXT(hsk=128,hsv=128,nh=8,nr23=[4,1],kv=32768,nb=4096,mask=1,sinks=0,max_bias=0.000000,logit_softcap=0.000000,prec=f32,type_K=f16,type_V=f16,permute=[0,1,2,3],kv_view=1,v_is_view_of_k=0,n_kv_max=0):                20 runs - 50211.55 us/run -   2.20 TFLOP/run - [1;34m 43.80 TFLOPS[0m
  FLASH_ATTN_EXT(hsk=128,hsv=128,nh=8,nr23=[8,1],kv=32768,nb=1,mask=1,sinks=0,max_bias=0.000000,logit_softcap=0.000000,prec=f32,type_K=f16,type_V=f16,permute=[0,1,2,3],kv_view=1,v_is_view_of_k=0,n_kv_max=0):                 1692 runs -   622.82 us/run -   1.07 GFLOP/run - [1;34m  1.72 TFLOPS[0m
  FLASH_ATTN_EXT(hsk=128,hsv=128,nh=8,nr23=[8,1],kv=32768,nb=4096,mask=1,sinks=0,max_bias=0.000000,logit_softcap=0.000000,prec=f32,type_K=f16,type_V=f16,permute=[0,1,2,3],kv_view=1,v_is_view_of_k=0,n_kv_max=0):                11 runs - 100100.18 us/run -   4.40 TFLOP/run - [1;34m 43.94 TFLOPS[0m
  FLASH_ATTN_EXT(hsk=256,hsv=256,nh=8,nr23=[1,1],kv=32768,nb=1,mask=1,sinks=0,max_bias=0.000000,logit_softcap=0.000000,prec=f32,type_K=f16,type_V=f16,permute=[0,1,2,3],kv_view=1,v_is_view_of_k=0,n_kv_max=0):                 2238 runs -   478.16 us/run - 268.44 MFLOP/run - [1;34m561.39 GFLOPS[0m
  FLASH_ATTN_EXT(hsk=256,hsv=256,nh=8,nr23=[1,1],kv=32768,nb=4096,mask=1,sinks=0,max_bias=0.000000,logit_softcap=0.000000,prec=f32,type_K=f16,type_V=f16,permute=[0,1,2,3],kv_view=1,v_is_view_of_k=0,n_kv_max=0):                56 runs - 18050.91 us/run -   1.10 TFLOP/run - [1;34m 60.91 TFLOPS[0m
  FLASH_ATTN_EXT(hsk=256,hsv=256,nh=8,nr23=[4,1],kv=32768,nb=1,mask=1,sinks=0,max_bias=0.000000,logit_softcap=0.000000,prec=f32,type_K=f16,type_V=f16,permute=[0,1,2,3],kv_view=1,v_is_view_of_k=0,n_kv_max=0):                  846 runs -  1309.01 us/run -   1.07 GFLOP/run - [1;34m820.27 GFLOPS[0m
  FLASH_ATTN_EXT(hsk=256,hsv=256,nh=8,nr23=[4,1],kv=32768,nb=4096,mask=1,sinks=0,max_bias=0.000000,logit_softcap=0.000000,prec=f32,type_K=f16,type_V=f16,permute=[0,1,2,3],kv_view=1,v_is_view_of_k=0,n_kv_max=0):                14 runs - 73125.64 us/run -   4.40 TFLOP/run - [1;34m 60.14 TFLOPS[0m
  FLASH_ATTN_EXT(hsk=256,hsv=256,nh=8,nr23=[8,1],kv=32768,nb=1,mask=1,sinks=0,max_bias=0.000000,logit_softcap=0.000000,prec=f32,type_K=f16,type_V=f16,permute=[0,1,2,3],kv_view=1,v_is_view_of_k=0,n_kv_max=0):                  893 runs -  1144.65 us/run -   2.15 GFLOP/run - [1;34m  1.88 TFLOPS[0m
  FLASH_ATTN_EXT(hsk=256,hsv=256,nh=8,nr23=[8,1],kv=32768,nb=4096,mask=1,sinks=0,max_bias=0.000000,logit_softcap=0.000000,prec=f32,type_K=f16,type_V=f16,permute=[0,1,2,3],kv_view=1,v_is_view_of_k=0,n_kv_max=0):                 7 runs - 146227.14 us/run -   8.80 TFLOP/run - [1;34m 60.15 TFLOPS[0m
  FLASH_ATTN_EXT(hsk=576,hsv=512,nh=8,nr23=[1,1],kv=32768,nb=1,mask=1,sinks=0,max_bias=0.000000,logit_softcap=0.000000,prec=f32,type_K=f16,type_V=f16,permute=[0,1,2,3],kv_view=1,v_is_view_of_k=1,n_kv_max=0): not supported
  FLASH_ATTN_EXT(hsk=576,hsv=512,nh=8,nr23=[1,1],kv=32768,nb=4096,mask=1,sinks=0,max_bias=0.000000,logit_softcap=0.000000,prec=f32,type_K=f16,type_V=f16,permute=[0,1,2,3],kv_view=1,v_is_view_of_k=1,n_kv_max=0): not supported
  FLASH_ATTN_EXT(hsk=576,hsv=512,nh=8,nr23=[4,1],kv=32768,nb=1,mask=1,sinks=0,max_bias=0.000000,logit_softcap=0.000000,prec=f32,type_K=f16,type_V=f16,permute=[0,1,2,3],kv_view=1,v_is_view_of_k=1,n_kv_max=0):                  484 runs -  2174.77 us/run -   2.28 GFLOP/run - [1;34m  1.05 TFLOPS[0m
  FLASH_ATTN_EXT(hsk=576,hsv=512,nh=8,nr23=[4,1],kv=32768,nb=4096,mask=1,sinks=0,max_bias=0.000000,logit_softcap=0.000000,prec=f32,type_K=f16,type_V=f16,permute=[0,1,2,3],kv_view=1,v_is_view_of_k=1,n_kv_max=0):                 1 runs - 2249099.00 us/run -   9.35 TFLOP/run - [1;34m  4.16 TFLOPS[0m
  FLASH_ATTN_EXT(hsk=576,hsv=512,nh=8,nr23=[8,1],kv=32768,nb=1,mask=1,sinks=0,max_bias=0.000000,logit_softcap=0.000000,prec=f32,type_K=f16,type_V=f16,permute=[0,1,2,3],kv_view=1,v_is_view_of_k=1,n_kv_max=0):                  242 runs -  4307.79 us/run -   4.56 GFLOP/run - [1;34m  1.06 TFLOPS[0m
  FLASH_ATTN_EXT(hsk=576,hsv=512,nh=8,nr23=[8,1],kv=32768,nb=4096,mask=1,sinks=0,max_bias=0.000000,logit_softcap=0.000000,prec=f32,type_K=f16,type_V=f16,permute=[0,1,2,3],kv_view=1,v_is_view_of_k=1,n_kv_max=0):                 1 runs - 4500950.00 us/run -  18.69 TFLOP/run - [1;34m  4.15 TFLOPS[0m
  FLASH_ATTN_EXT(hsk=64,hsv=64,nh=8,nr23=[1,1],kv=65536,nb=1,mask=1,sinks=0,max_bias=0.000000,logit_softcap=0.000000,prec=f32,type_K=f16,type_V=f16,permute=[0,1,2,3],kv_view=1,v_is_view_of_k=0,n_kv_max=0):                   4476 runs -   239.16 us/run - 134.22 MFLOP/run - [1;34m561.21 GFLOPS[0m
  FLASH_ATTN_EXT(hsk=64,hsv=64,nh=8,nr23=[1,1],kv=65536,nb=4096,mask=1,sinks=0,max_bias=0.000000,logit_softcap=0.000000,prec=f32,type_K=f16,type_V=f16,permute=[0,1,2,3],kv_view=1,v_is_view_of_k=0,n_kv_max=0):                  57 runs - 17769.39 us/run - 549.76 GFLOP/run - [1;34m 30.94 TFLOPS[0m
  FLASH_ATTN_EXT(hsk=64,hsv=64,nh=8,nr23=[4,1],kv=65536,nb=1,mask=1,sinks=0,max_bias=0.000000,logit_softcap=0.000000,prec=f32,type_K=f16,type_V=f16,permute=[0,1,2,3],kv_view=1,v_is_view_of_k=0,n_kv_max=0):                   1309 runs -   879.28 us/run - 536.87 MFLOP/run - [1;34m610.58 GFLOPS[0m
  FLASH_ATTN_EXT(hsk=64,hsv=64,nh=8,nr23=[4,1],kv=65536,nb=4096,mask=1,sinks=0,max_bias=0.000000,logit_softcap=0.000000,prec=f32,type_K=f16,type_V=f16,permute=[0,1,2,3],kv_view=1,v_is_view_of_k=0,n_kv_max=0):                  14 runs - 75609.29 us/run -   2.20 TFLOP/run - [1;34m 29.08 TFLOPS[0m
  FLASH_ATTN_EXT(hsk=64,hsv=64,nh=8,nr23=[8,1],kv=65536,nb=1,mask=1,sinks=0,max_bias=0.000000,logit_softcap=0.000000,prec=f32,type_K=f16,type_V=f16,permute=[0,1,2,3],kv_view=1,v_is_view_of_k=0,n_kv_max=0):                   2162 runs -   463.68 us/run -   1.07 GFLOP/run - [1;34m  2.32 TFLOPS[0m
  FLASH_ATTN_EXT(hsk=64,hsv=64,nh=8,nr23=[8,1],kv=65536,nb=4096,mask=1,sinks=0,max_bias=0.000000,logit_softcap=0.000000,prec=f32,type_K=f16,type_V=f16,permute=[0,1,2,3],kv_view=1,v_is_view_of_k=0,n_kv_max=0):                   7 runs - 151322.43 us/run -   4.40 TFLOP/run - [1;34m 29.06 TFLOPS[0m
  FLASH_ATTN_EXT(hsk=128,hsv=128,nh=8,nr23=[1,1],kv=65536,nb=1,mask=1,sinks=0,max_bias=0.000000,logit_softcap=0.000000,prec=f32,type_K=f16,type_V=f16,permute=[0,1,2,3],kv_view=1,v_is_view_of_k=0,n_kv_max=0):                 2238 runs -   459.51 us/run - 268.44 MFLOP/run - [1;34m584.18 GFLOPS[0m
  FLASH_ATTN_EXT(hsk=128,hsv=128,nh=8,nr23=[1,1],kv=65536,nb=4096,mask=1,sinks=0,max_bias=0.000000,logit_softcap=0.000000,prec=f32,type_K=f16,type_V=f16,permute=[0,1,2,3],kv_view=1,v_is_view_of_k=0,n_kv_max=0):                43 runs - 23401.37 us/run -   1.10 TFLOP/run - [1;34m 46.98 TFLOPS[0m
  FLASH_ATTN_EXT(hsk=128,hsv=128,nh=8,nr23=[4,1],kv=65536,nb=1,mask=1,sinks=0,max_bias=0.000000,logit_softcap=0.000000,prec=f32,type_K=f16,type_V=f16,permute=[0,1,2,3],kv_view=1,v_is_view_of_k=0,n_kv_max=0):                  846 runs -  1193.16 us/run -   1.07 GFLOP/run - [1;34m899.91 GFLOPS[0m
  FLASH_ATTN_EXT(hsk=128,hsv=128,nh=8,nr23=[4,1],kv=65536,nb=4096,mask=1,sinks=0,max_bias=0.000000,logit_softcap=0.000000,prec=f32,type_K=f16,type_V=f16,permute=[0,1,2,3],kv_view=1,v_is_view_of_k=0,n_kv_max=0):                11 runs - 94203.18 us/run -   4.40 TFLOP/run - [1;34m 46.69 TFLOPS[0m
  FLASH_ATTN_EXT(hsk=128,hsv=128,nh=8,nr23=[8,1],kv=65536,nb=1,mask=1,sinks=0,max_bias=0.000000,logit_softcap=0.000000,prec=f32,type_K=f16,type_V=f16,permute=[0,1,2,3],kv_view=1,v_is_view_of_k=0,n_kv_max=0):                  846 runs -  1231.17 us/run -   2.15 GFLOP/run - [1;34m  1.74 TFLOPS[0m
  FLASH_ATTN_EXT(hsk=128,hsv=128,nh=8,nr23=[8,1],kv=65536,nb=4096,mask=1,sinks=0,max_bias=0.000000,logit_softcap=0.000000,prec=f32,type_K=f16,type_V=f16,permute=[0,1,2,3],kv_view=1,v_is_view_of_k=0,n_kv_max=0):                 6 runs - 188868.50 us/run -   8.80 TFLOP/run - [1;34m 46.57 TFLOPS[0m
  FLASH_ATTN_EXT(hsk=256,hsv=256,nh=8,nr23=[1,1],kv=65536,nb=1,mask=1,sinks=0,max_bias=0.000000,logit_softcap=0.000000,prec=f32,type_K=f16,type_V=f16,permute=[0,1,2,3],kv_view=1,v_is_view_of_k=0,n_kv_max=0):                 1122 runs -   922.72 us/run - 536.87 MFLOP/run - [1;34m581.84 GFLOPS[0m
  FLASH_ATTN_EXT(hsk=256,hsv=256,nh=8,nr23=[1,1],kv=65536,nb=4096,mask=1,sinks=0,max_bias=0.000000,logit_softcap=0.000000,prec=f32,type_K=f16,type_V=f16,permute=[0,1,2,3],kv_view=1,v_is_view_of_k=0,n_kv_max=0):                30 runs - 34467.70 us/run -   2.20 TFLOP/run - [1;34m 63.80 TFLOPS[0m
  FLASH_ATTN_EXT(hsk=256,hsv=256,nh=8,nr23=[4,1],kv=65536,nb=1,mask=1,sinks=0,max_bias=0.000000,logit_softcap=0.000000,prec=f32,type_K=f16,type_V=f16,permute=[0,1,2,3],kv_view=1,v_is_view_of_k=0,n_kv_max=0):                  423 runs -  2609.36 us/run -   2.15 GFLOP/run - [1;34m822.99 GFLOPS[0m
  FLASH_ATTN_EXT(hsk=256,hsv=256,nh=8,nr23=[4,1],kv=65536,nb=4096,mask=1,sinks=0,max_bias=0.000000,logit_softcap=0.000000,prec=f32,type_K=f16,type_V=f16,permute=[0,1,2,3],kv_view=1,v_is_view_of_k=0,n_kv_max=0):                 8 runs - 139922.62 us/run -   8.80 TFLOP/run - [1;34m 62.86 TFLOPS[0m
  FLASH_ATTN_EXT(hsk=256,hsv=256,nh=8,nr23=[8,1],kv=65536,nb=1,mask=1,sinks=0,max_bias=0.000000,logit_softcap=0.000000,prec=f32,type_K=f16,type_V=f16,permute=[0,1,2,3],kv_view=1,v_is_view_of_k=0,n_kv_max=0):                  456 runs -  2289.35 us/run -   4.29 GFLOP/run - [1;34m  1.88 TFLOPS[0m
  FLASH_ATTN_EXT(hsk=256,hsv=256,nh=8,nr23=[8,1],kv=65536,nb=4096,mask=1,sinks=0,max_bias=0.000000,logit_softcap=0.000000,prec=f32,type_K=f16,type_V=f16,permute=[0,1,2,3],kv_view=1,v_is_view_of_k=0,n_kv_max=0):                 4 runs - 280584.25 us/run -  17.59 TFLOP/run - [1;34m 62.70 TFLOPS[0m
  FLASH_ATTN_EXT(hsk=576,hsv=512,nh=8,nr23=[1,1],kv=65536,nb=1,mask=1,sinks=0,max_bias=0.000000,logit_softcap=0.000000,prec=f32,type_K=f16,type_V=f16,permute=[0,1,2,3],kv_view=1,v_is_view_of_k=1,n_kv_max=0): not supported
  FLASH_ATTN_EXT(hsk=576,hsv=512,nh=8,nr23=[1,1],kv=65536,nb=4096,mask=1,sinks=0,max_bias=0.000000,logit_softcap=0.000000,prec=f32,type_K=f16,type_V=f16,permute=[0,1,2,3],kv_view=1,v_is_view_of_k=1,n_kv_max=0): not supported
  FLASH_ATTN_EXT(hsk=576,hsv=512,nh=8,nr23=[4,1],kv=65536,nb=1,mask=1,sinks=0,max_bias=0.000000,logit_softcap=0.000000,prec=f32,type_K=f16,type_V=f16,permute=[0,1,2,3],kv_view=1,v_is_view_of_k=1,n_kv_max=0):                  242 runs -  4372.45 us/run -   4.56 GFLOP/run - [1;34m  1.04 TFLOPS[0m
  FLASH_ATTN_EXT(hsk=576,hsv=512,nh=8,nr23=[4,1],kv=65536,nb=4096,mask=1,sinks=0,max_bias=0.000000,logit_softcap=0.000000,prec=f32,type_K=f16,type_V=f16,permute=[0,1,2,3],kv_view=1,v_is_view_of_k=1,n_kv_max=0):                 1 runs - 4528214.00 us/run -  18.69 TFLOP/run - [1;34m  4.13 TFLOPS[0m
  FLASH_ATTN_EXT(hsk=576,hsv=512,nh=8,nr23=[8,1],kv=65536,nb=1,mask=1,sinks=0,max_bias=0.000000,logit_softcap=0.000000,prec=f32,type_K=f16,type_V=f16,permute=[0,1,2,3],kv_view=1,v_is_view_of_k=1,n_kv_max=0):                  121 runs -  8541.40 us/run -   9.13 GFLOP/run - [1;34m  1.07 TFLOPS[0m
  FLASH_ATTN_EXT(hsk=576,hsv=512,nh=8,nr23=[8,1],kv=65536,nb=4096,mask=1,sinks=0,max_bias=0.000000,logit_softcap=0.000000,prec=f32,type_K=f16,type_V=f16,permute=[0,1,2,3],kv_view=1,v_is_view_of_k=1,n_kv_max=0):                 1 runs - 9145492.00 us/run -  37.38 TFLOP/run - [1;34m  4.09 TFLOPS[0m
  Backend SYCL0: [1;32mOK[0m
Backend 2/2: CPU
  Skipping
2/2 backends passed
[1;32mOK[0m
