load_backend: loaded SYCL backend from /devbin/libggml-sycl.so
load_backend: loaded CPU backend from /devbin/libggml-cpu-zen4.so
Build with Macros:
  GGML_SYCL_DNNL: yes
  GGML_SYCL_F16: yes
  GGML_SYCL_FORCE_MMQ: no
  GGML_SYCL_GRAPH: yes
  GGML_SYCL_SUPPORT_LEVEL_ZERO_API: yes
  GGML_SYCL_SUPPORT_VMM: yes
Running with Environment Variables:
  GGML_SYCL_DEBUG: 0
  GGML_SYCL_DEV2DEV_MEMCPY: 0 (SYCL API)
  GGML_SYCL_GET_MEM_API: 0 (Level Zero API)
  GGML_SYCL_ENABLE_DNN: 1
  GGML_SYCL_FA_ONEDNN: 1
  GGML_SYCL_FA_ONEDNN_MAX_KV: 0
  GGML_SYCL_FA_ONEDNN_MIN_Q: 32
  GGML_SYCL_ENABLE_MKL_FA: 1
  GGML_SYCL_MEMTRACE: 0
  GGML_SYCL_MEMTRACE_STEP: 64
  GGML_SYCL_ENABLE_FLASH_ATTN: 1
  GGML_SYCL_ENABLE_GRAPH: 0
  GGML_SYCL_ENABLE_OPT: 1
  GGML_SYCL_ENABLE_VMM: 1
  GGML_SYCL_ENABLE_FUSION: 1
  GGML_SYCL_ENABLE_ESIMD: 1
  GGML_SYCL_PRIORITIZE_DMMV: 0
  GGML_SYCL_USE_ASYNC_MEM_OP: 1
  GGML_SYCL_USE_LEVEL_ZERO_API: 1
  GGML_SYCL_USM_SYSTEM: 0
  GGML_SYCL_ENABLE_HOST_PINNED_MEM: 1
  GGML_SYCL_HOST_PINNED_MEM_2G: 0
Found 1 SYCL devices:
|  |                   |                                       |       |Max    |        |Max  |Global |                     |
|  |                   |                                       |       |compute|Max work|sub  |mem    |                     |
|ID|        Device Type|                                   Name|Version|units  |group   |group|size   |       Driver version|
|--|-------------------|---------------------------------------|-------|-------|--------|-----|-------|---------------------|
| 0| [level_zero:gpu:0]|             Intel Arc Pro B70 Graphics|   20.2|    256|    1024|   32| 34242M|         1.15.38308+1|
SYCL Optimization Feature:
|ID|        Device Type|Reorder|
|--|-------------------|-------|
| 0| [level_zero:gpu:0]|      Y|
Testing 2 devices

Backend 1/2: SYCL0
  Device description: Intel(R) Arc(TM) Pro B70 Graphics
  Device memory: 32656 MB (32580 MB free)

  FLASH_ATTN_EXT(hsk=256,hsv=256,nh=2,nr23=[12,1],kv=256,nb=1,mask=1,sinks=0,max_bias=0.000000,logit_softcap=0.000000,prec=f32,type_K=f16,type_V=f16,permute=[0,1,2,3],kv_view=1,v_is_view_of_k=0,n_kv_max=0):                 57330 runs -    19.31 us/run -   6.29 MFLOP/run - [1;34m325.80 GFLOPS[0m
  FLASH_ATTN_EXT(hsk=256,hsv=256,nh=2,nr23=[12,1],kv=256,nb=512,mask=1,sinks=0,max_bias=0.000000,logit_softcap=0.000000,prec=f32,type_K=f16,type_V=f16,permute=[0,1,2,3],kv_view=1,v_is_view_of_k=0,n_kv_max=0):                4288 runs -   234.72 us/run -   3.22 GFLOP/run - [1;34m 13.72 TFLOPS[0m
  FLASH_ATTN_EXT(hsk=256,hsv=256,nh=2,nr23=[12,1],kv=512,nb=1,mask=1,sinks=0,max_bias=0.000000,logit_softcap=0.000000,prec=f32,type_K=f16,type_V=f16,permute=[0,1,2,3],kv_view=1,v_is_view_of_k=0,n_kv_max=0):                 55636 runs -    19.93 us/run -  12.58 MFLOP/run - [1;34m631.41 GFLOPS[0m
  FLASH_ATTN_EXT(hsk=256,hsv=256,nh=2,nr23=[12,1],kv=512,nb=512,mask=1,sinks=0,max_bias=0.000000,logit_softcap=0.000000,prec=f32,type_K=f16,type_V=f16,permute=[0,1,2,3],kv_view=1,v_is_view_of_k=0,n_kv_max=0):                3600 runs -   278.55 us/run -   6.44 GFLOP/run - [1;34m 23.13 TFLOPS[0m
  FLASH_ATTN_EXT(hsk=256,hsv=256,nh=2,nr23=[12,1],kv=1024,nb=1,mask=1,sinks=0,max_bias=0.000000,logit_softcap=0.000000,prec=f32,type_K=f16,type_V=f16,permute=[0,1,2,3],kv_view=1,v_is_view_of_k=0,n_kv_max=0):                31792 runs -    34.74 us/run -  25.17 MFLOP/run - [1;34m724.33 GFLOPS[0m
  FLASH_ATTN_EXT(hsk=256,hsv=256,nh=2,nr23=[12,1],kv=1024,nb=512,mask=1,sinks=0,max_bias=0.000000,logit_softcap=0.000000,prec=f32,type_K=f16,type_V=f16,permute=[0,1,2,3],kv_view=1,v_is_view_of_k=0,n_kv_max=0):               2704 runs -   369.97 us/run -  12.88 GFLOP/run - [1;34m 34.83 TFLOPS[0m
  FLASH_ATTN_EXT(hsk=256,hsv=256,nh=2,nr23=[12,1],kv=2048,nb=1,mask=1,sinks=0,max_bias=0.000000,logit_softcap=0.000000,prec=f32,type_K=f16,type_V=f16,permute=[0,1,2,3],kv_view=1,v_is_view_of_k=0,n_kv_max=0):                27818 runs -    37.88 us/run -  50.33 MFLOP/run - [1;34m  1.33 TFLOPS[0m
  FLASH_ATTN_EXT(hsk=256,hsv=256,nh=2,nr23=[12,1],kv=2048,nb=512,mask=1,sinks=0,max_bias=0.000000,logit_softcap=0.000000,prec=f32,type_K=f16,type_V=f16,permute=[0,1,2,3],kv_view=1,v_is_view_of_k=0,n_kv_max=0):               1856 runs -   539.49 us/run -  25.77 GFLOP/run - [1;34m 47.77 TFLOPS[0m
  FLASH_ATTN_EXT(hsk=256,hsv=256,nh=2,nr23=[12,1],kv=4096,nb=1,mask=1,sinks=0,max_bias=0.000000,logit_softcap=0.000000,prec=f32,type_K=f16,type_V=f16,permute=[0,1,2,3],kv_view=1,v_is_view_of_k=0,n_kv_max=0):                14910 runs -    67.51 us/run - 100.66 MFLOP/run - [1;34m  1.49 TFLOPS[0m
  FLASH_ATTN_EXT(hsk=256,hsv=256,nh=2,nr23=[12,1],kv=4096,nb=512,mask=1,sinks=0,max_bias=0.000000,logit_softcap=0.000000,prec=f32,type_K=f16,type_V=f16,permute=[0,1,2,3],kv_view=1,v_is_view_of_k=0,n_kv_max=0):               1138 runs -   878.98 us/run -  51.54 GFLOP/run - [1;34m 58.64 TFLOPS[0m
  FLASH_ATTN_EXT(hsk=256,hsv=256,nh=2,nr23=[12,1],kv=8192,nb=1,mask=1,sinks=0,max_bias=0.000000,logit_softcap=0.000000,prec=f32,type_K=f16,type_V=f16,permute=[0,1,2,3],kv_view=1,v_is_view_of_k=0,n_kv_max=0):                 6958 runs -   146.01 us/run - 201.33 MFLOP/run - [1;34m  1.38 TFLOPS[0m
  FLASH_ATTN_EXT(hsk=256,hsv=256,nh=2,nr23=[12,1],kv=8192,nb=512,mask=1,sinks=0,max_bias=0.000000,logit_softcap=0.000000,prec=f32,type_K=f16,type_V=f16,permute=[0,1,2,3],kv_view=1,v_is_view_of_k=0,n_kv_max=0):                638 runs -  1568.89 us/run - 103.08 GFLOP/run - [1;34m 65.70 TFLOPS[0m
  FLASH_ATTN_EXT(hsk=256,hsv=256,nh=2,nr23=[12,1],kv=2048,nb=1,mask=1,sinks=0,max_bias=0.000000,logit_softcap=0.000000,prec=f32,type_K=q4_0,type_V=q4_0,permute=[0,1,2,3],kv_view=1,v_is_view_of_k=0,n_kv_max=0):              19870 runs -    55.47 us/run -  50.33 MFLOP/run - [1;34m907.39 GFLOPS[0m
  FLASH_ATTN_EXT(hsk=256,hsv=256,nh=2,nr23=[12,1],kv=2048,nb=1,mask=1,sinks=0,max_bias=0.000000,logit_softcap=0.000000,prec=f32,type_K=f16,type_V=f16,permute=[0,1,2,3],kv_view=1,v_is_view_of_k=0,n_kv_max=0):                27818 runs -    37.39 us/run -  50.33 MFLOP/run - [1;34m  1.35 TFLOPS[0m
  FLASH_ATTN_EXT(hsk=256,hsv=256,nh=2,nr23=[12,1],kv=4096,nb=1,mask=1,sinks=0,max_bias=0.000000,logit_softcap=0.000000,prec=f32,type_K=q4_0,type_V=q4_0,permute=[0,1,2,3],kv_view=1,v_is_view_of_k=0,n_kv_max=0):              10934 runs -   100.25 us/run - 100.66 MFLOP/run - [1;34m  1.00 TFLOPS[0m
  FLASH_ATTN_EXT(hsk=256,hsv=256,nh=2,nr23=[12,1],kv=4096,nb=1,mask=1,sinks=0,max_bias=0.000000,logit_softcap=0.000000,prec=f32,type_K=f16,type_V=f16,permute=[0,1,2,3],kv_view=1,v_is_view_of_k=0,n_kv_max=0):                14910 runs -    67.09 us/run - 100.66 MFLOP/run - [1;34m  1.50 TFLOPS[0m
  FLASH_ATTN_EXT(hsk=256,hsv=256,nh=2,nr23=[12,1],kv=8192,nb=1,mask=1,sinks=0,max_bias=0.000000,logit_softcap=0.000000,prec=f32,type_K=q4_0,type_V=q4_0,permute=[0,1,2,3],kv_view=1,v_is_view_of_k=0,n_kv_max=0):               5964 runs -   178.97 us/run - 201.33 MFLOP/run - [1;34m  1.12 TFLOPS[0m
  FLASH_ATTN_EXT(hsk=256,hsv=256,nh=2,nr23=[12,1],kv=8192,nb=1,mask=1,sinks=0,max_bias=0.000000,logit_softcap=0.000000,prec=f32,type_K=f16,type_V=f16,permute=[0,1,2,3],kv_view=1,v_is_view_of_k=0,n_kv_max=0):                 6958 runs -   145.70 us/run - 201.33 MFLOP/run - [1;34m  1.38 TFLOPS[0m
  FLASH_ATTN_EXT(hsk=256,hsv=256,nh=2,nr23=[12,1],kv=16384,nb=1,mask=1,sinks=0,max_bias=0.000000,logit_softcap=0.000000,prec=f32,type_K=q4_0,type_V=q4_0,permute=[0,1,2,3],kv_view=1,v_is_view_of_k=0,n_kv_max=0):              2739 runs -   398.66 us/run - 402.65 MFLOP/run - [1;34m  1.01 TFLOPS[0m
  FLASH_ATTN_EXT(hsk=256,hsv=256,nh=2,nr23=[12,1],kv=16384,nb=1,mask=1,sinks=0,max_bias=0.000000,logit_softcap=0.000000,prec=f32,type_K=f16,type_V=f16,permute=[0,1,2,3],kv_view=1,v_is_view_of_k=0,n_kv_max=0):                3984 runs -   266.23 us/run - 402.65 MFLOP/run - [1;34m  1.51 TFLOPS[0m
  FLASH_ATTN_EXT(hsk=256,hsv=256,nh=2,nr23=[12,1],kv=32768,nb=1,mask=1,sinks=0,max_bias=0.000000,logit_softcap=0.000000,prec=f32,type_K=q4_0,type_V=q4_0,permute=[0,1,2,3],kv_view=1,v_is_view_of_k=0,n_kv_max=0):              1250 runs -   807.59 us/run - 805.31 MFLOP/run - [1;34m997.17 GFLOPS[0m
  FLASH_ATTN_EXT(hsk=256,hsv=256,nh=2,nr23=[12,1],kv=32768,nb=1,mask=1,sinks=0,max_bias=0.000000,logit_softcap=0.000000,prec=f32,type_K=f16,type_V=f16,permute=[0,1,2,3],kv_view=1,v_is_view_of_k=0,n_kv_max=0):                2000 runs -   511.32 us/run - 805.31 MFLOP/run - [1;34m  1.57 TFLOPS[0m
  FLASH_ATTN_EXT(hsk=256,hsv=256,nh=2,nr23=[12,1],kv=65536,nb=1,mask=1,sinks=0,max_bias=0.000000,logit_softcap=0.000000,prec=f32,type_K=q4_0,type_V=q4_0,permute=[0,1,2,3],kv_view=1,v_is_view_of_k=0,n_kv_max=0):               630 runs -  1614.66 us/run -   1.61 GFLOP/run - [1;34m997.49 GFLOPS[0m
  FLASH_ATTN_EXT(hsk=256,hsv=256,nh=2,nr23=[12,1],kv=65536,nb=1,mask=1,sinks=0,max_bias=0.000000,logit_softcap=0.000000,prec=f32,type_K=f16,type_V=f16,permute=[0,1,2,3],kv_view=1,v_is_view_of_k=0,n_kv_max=0):                1008 runs -  1014.31 us/run -   1.61 GFLOP/run - [1;34m  1.59 TFLOPS[0m
  FLASH_ATTN_EXT(hsk=256,hsv=256,nh=2,nr23=[12,1],kv=118016,nb=1,mask=1,sinks=0,max_bias=0.000000,logit_softcap=0.000000,prec=f32,type_K=q4_0,type_V=q4_0,permute=[0,1,2,3],kv_view=1,v_is_view_of_k=0,n_kv_max=0):                      350 runs -  2913.43 us/run -   2.90 GFLOP/run - [1;34m995.51 GFLOPS[0m
  FLASH_ATTN_EXT(hsk=256,hsv=256,nh=2,nr23=[12,1],kv=118016,nb=1,mask=1,sinks=0,max_bias=0.000000,logit_softcap=0.000000,prec=f32,type_K=f16,type_V=f16,permute=[0,1,2,3],kv_view=1,v_is_view_of_k=0,n_kv_max=0):                560 runs -  1785.77 us/run -   2.90 GFLOP/run - [1;34m  1.62 TFLOPS[0m
  FLASH_ATTN_EXT(hsk=256,hsv=256,nh=2,nr23=[12,1],kv=200704,nb=1,mask=1,sinks=0,max_bias=0.000000,logit_softcap=0.000000,prec=f32,type_K=q4_0,type_V=q4_0,permute=[0,1,2,3],kv_view=1,v_is_view_of_k=0,n_kv_max=0):                      210 runs -  4917.78 us/run -   4.93 GFLOP/run - [1;34m  1.00 TFLOPS[0m
  FLASH_ATTN_EXT(hsk=256,hsv=256,nh=2,nr23=[12,1],kv=200704,nb=1,mask=1,sinks=0,max_bias=0.000000,logit_softcap=0.000000,prec=f32,type_K=f16,type_V=f16,permute=[0,1,2,3],kv_view=1,v_is_view_of_k=0,n_kv_max=0):                336 runs -  3009.12 us/run -   4.93 GFLOP/run - [1;34m  1.64 TFLOPS[0m
  FLASH_ATTN_EXT(hsk=256,hsv=256,nh=2,nr23=[12,1],kv=307200,nb=1,mask=1,sinks=0,max_bias=0.000000,logit_softcap=0.000000,prec=f32,type_K=q4_0,type_V=q4_0,permute=[0,1,2,3],kv_view=1,v_is_view_of_k=0,n_kv_max=0):                      140 runs -  7488.28 us/run -   7.55 GFLOP/run - [1;34m  1.01 TFLOPS[0m
  FLASH_ATTN_EXT(hsk=256,hsv=256,nh=2,nr23=[12,1],kv=307200,nb=1,mask=1,sinks=0,max_bias=0.000000,logit_softcap=0.000000,prec=f32,type_K=f16,type_V=f16,permute=[0,1,2,3],kv_view=1,v_is_view_of_k=0,n_kv_max=0):                224 runs -  4576.42 us/run -   7.55 GFLOP/run - [1;34m  1.65 TFLOPS[0m
  FLASH_ATTN_EXT(hsk=256,hsv=256,nh=2,nr23=[12,1],kv=614400,nb=1,mask=1,sinks=0,max_bias=0.000000,logit_softcap=0.000000,prec=f32,type_K=q4_0,type_V=q4_0,permute=[0,1,2,3],kv_view=1,v_is_view_of_k=0,n_kv_max=0):                       70 runs - 14964.10 us/run -  15.10 GFLOP/run - [1;34m  1.01 TFLOPS[0m
  FLASH_ATTN_EXT(hsk=256,hsv=256,nh=2,nr23=[12,1],kv=614400,nb=1,mask=1,sinks=0,max_bias=0.000000,logit_softcap=0.000000,prec=f32,type_K=f16,type_V=f16,permute=[0,1,2,3],kv_view=1,v_is_view_of_k=0,n_kv_max=0):                112 runs -  9133.62 us/run -  15.10 GFLOP/run - [1;34m  1.65 TFLOPS[0m
  Backend SYCL0: [1;32mOK[0m
Backend 2/2: CPU
  Skipping
2/2 backends passed
[1;32mOK[0m
