load_backend: loaded SYCL backend from /devbin/libggml-sycl.so
load_backend: loaded CPU backend from /devbin/libggml-cpu-zen4.so
Build with Macros:
  GGML_SYCL_DNNL: yes
  GGML_SYCL_F16: yes
  GGML_SYCL_FORCE_MMQ: no
  GGML_SYCL_GRAPH: yes
  GGML_SYCL_SUPPORT_LEVEL_ZERO_API: yes
  GGML_SYCL_SUPPORT_VMM: yes
Running with Environment Variables:
  GGML_SYCL_DEBUG: 0
  GGML_SYCL_DEV2DEV_MEMCPY: 0 (SYCL API)
  GGML_SYCL_GET_MEM_API: 0 (Level Zero API)
  GGML_SYCL_ENABLE_DNN: 1
  GGML_SYCL_FA_ONEDNN: 1
  GGML_SYCL_FA_ONEDNN_MAX_KV: 0
  GGML_SYCL_FA_ONEDNN_MIN_Q: 32
  GGML_SYCL_ENABLE_MKL_FA: 1
  GGML_SYCL_MEMTRACE: 0
  GGML_SYCL_MEMTRACE_STEP: 64
  GGML_SYCL_ENABLE_FLASH_ATTN: 1
  GGML_SYCL_ENABLE_GRAPH: 0
  GGML_SYCL_ENABLE_OPT: 1
  GGML_SYCL_ENABLE_VMM: 1
  GGML_SYCL_ENABLE_FUSION: 1
  GGML_SYCL_ENABLE_ESIMD: 1
  GGML_SYCL_PRIORITIZE_DMMV: 0
  GGML_SYCL_USE_ASYNC_MEM_OP: 1
  GGML_SYCL_USE_LEVEL_ZERO_API: 1
  GGML_SYCL_USM_SYSTEM: 0
  GGML_SYCL_ENABLE_HOST_PINNED_MEM: 1
  GGML_SYCL_HOST_PINNED_MEM_2G: 0
Found 1 SYCL devices:
|  |                   |                                       |       |Max    |        |Max  |Global |                     |
|  |                   |                                       |       |compute|Max work|sub  |mem    |                     |
|ID|        Device Type|                                   Name|Version|units  |group   |group|size   |       Driver version|
|--|-------------------|---------------------------------------|-------|-------|--------|-----|-------|---------------------|
| 0| [level_zero:gpu:0]|             Intel Arc Pro B70 Graphics|   20.2|    256|    1024|   32| 34242M|         1.15.38308+1|
SYCL Optimization Feature:
|ID|        Device Type|Reorder|
|--|-------------------|-------|
| 0| [level_zero:gpu:0]|      Y|
Testing 2 devices

Backend 1/2: SYCL0
  Device description: Intel(R) Arc(TM) Pro B70 Graphics
  Device memory: 32656 MB (32580 MB free)

  QSA_INDEXER(type_k=q4_0,n_kv=4096,idx_dim=128,r=4,n_tps=1,width=2051):                9228 runs -   108.37 us/run - 67108864 kB/run - [1;34m590805.80 GB/s[0m
  QSA_INDEXER(type_k=f16,n_kv=4096,idx_dim=128,r=4,n_tps=1,width=2051):                 8854 runs -   112.95 us/run - 67108864 kB/run - [1;34m566852.61 GB/s[0m
  QSA_INDEXER(type_k=q4_0,n_kv=8192,idx_dim=128,r=4,n_tps=1,width=2051):                6565 runs -   152.35 us/run - 67108864 kB/run - [1;34m420389.56 GB/s[0m
  QSA_INDEXER(type_k=f16,n_kv=8192,idx_dim=128,r=4,n_tps=1,width=2051):                 6006 runs -   166.52 us/run - 67108864 kB/run - [1;34m384620.90 GB/s[0m
  QSA_INDEXER(type_k=q4_0,n_kv=16384,idx_dim=128,r=4,n_tps=1,width=2051):               4105 runs -   243.64 us/run - 67108864 kB/run - [1;34m263037.93 GB/s[0m
  QSA_INDEXER(type_k=f16,n_kv=16384,idx_dim=128,r=4,n_tps=1,width=2051):                3747 runs -   266.92 us/run - 67108864 kB/run - [1;34m240111.36 GB/s[0m
  QSA_INDEXER(type_k=q4_0,n_kv=32768,idx_dim=128,r=4,n_tps=1,width=2051):               2311 runs -   432.72 us/run - 67108864 kB/run - [1;34m148298.32 GB/s[0m
  QSA_INDEXER(type_k=f16,n_kv=32768,idx_dim=128,r=4,n_tps=1,width=2051):                2093 runs -   477.92 us/run - 67108864 kB/run - [1;34m134283.27 GB/s[0m
  QSA_INDEXER(type_k=q4_0,n_kv=65536,idx_dim=128,r=4,n_tps=1,width=2051):               1209 runs -   827.27 us/run - 67108864 kB/run - [1;34m77773.22 GB/s[0m
  QSA_INDEXER(type_k=f16,n_kv=65536,idx_dim=128,r=4,n_tps=1,width=2051):                1081 runs -   925.50 us/run - 67108864 kB/run - [1;34m69531.14 GB/s[0m
  QSA_INDEXER(type_k=q4_0,n_kv=118016,idx_dim=128,r=4,n_tps=1,width=2051):               655 runs -  1528.56 us/run - 67108864 kB/run - [1;34m42268.50 GB/s[0m
  QSA_INDEXER(type_k=f16,n_kv=118016,idx_dim=128,r=4,n_tps=1,width=2051):                579 runs -  1727.58 us/run - 67108864 kB/run - [1;34m37410.84 GB/s[0m
  QSA_INDEXER(type_k=q4_0,n_kv=200704,idx_dim=128,r=4,n_tps=1,width=2051):               378 runs -  2647.11 us/run - 67108864 kB/run - [1;34m24568.53 GB/s[0m
  QSA_INDEXER(type_k=f16,n_kv=200704,idx_dim=128,r=4,n_tps=1,width=2051):                339 runs -  2952.58 us/run - 67108864 kB/run - [1;34m22038.31 GB/s[0m
  QSA_INDEXER(type_k=q4_0,n_kv=307200,idx_dim=128,r=4,n_tps=1,width=2051):               248 runs -  4043.51 us/run - 67108864 kB/run - [1;34m16219.50 GB/s[0m
  QSA_INDEXER(type_k=f16,n_kv=307200,idx_dim=128,r=4,n_tps=1,width=2051):                223 runs -  4502.87 us/run - 67108864 kB/run - [1;34m14576.56 GB/s[0m
  QSA_INDEXER(type_k=q4_0,n_kv=614400,idx_dim=128,r=4,n_tps=1,width=2051):               125 runs -  8011.00 us/run - 67108864 kB/run - [1;34m8384.10 GB/s[0m
  QSA_INDEXER(type_k=f16,n_kv=614400,idx_dim=128,r=4,n_tps=1,width=2051):                112 runs -  8941.90 us/run - 67108864 kB/run - [1;34m7523.04 GB/s[0m
  Backend SYCL0: [1;32mOK[0m
Backend 2/2: CPU
  Skipping
2/2 backends passed
[1;32mOK[0m
