### arm=blk 02:31:03
| model                          |       size |     params | backend    | ngl |  n_cpu_moe | n_ubatch | type_k | type_v |  fa | lazy_mode  |            test |                  t/s |
| ------------------------------ | ---------: | ---------: | ---------- | --: | ---------: | -------: | -----: | -----: | --: | ---------- | --------------: | -------------------: |
| qwen4exp A3B IQ3_XXS - 3.0625 bpw |  76.32 GiB |   176.94 B | SYCL       |  99 |         24 |     2048 |   q4_0 |   q4_0 |   1 | off        |   tg32 @ d32768 |         19.78 ± 0.04 |

build: 6d9c82ea2 (10882)
### rc=0
### arm=cell 02:35:42
| model                          |       size |     params | backend    | ngl |  n_cpu_moe | n_ubatch | type_k | type_v |  fa | lazy_mode  |            test |                  t/s |
| ------------------------------ | ---------: | ---------: | ---------- | --: | ---------: | -------: | -----: | -----: | --: | ---------- | --------------: | -------------------: |
| qwen4exp A3B IQ3_XXS - 3.0625 bpw |  76.32 GiB |   176.94 B | SYCL       |  99 |         24 |     2048 |   q4_0 |   q4_0 |   1 | off        |   tg32 @ d32768 |         19.35 ± 0.04 |

build: 6d9c82ea2 (10882)
### rc=0
### arm=blk 02:37:45
| model                          |       size |     params | backend    | ngl |  n_cpu_moe | n_ubatch | type_k | type_v |  fa | lazy_mode  |            test |                  t/s |
| ------------------------------ | ---------: | ---------: | ---------- | --: | ---------: | -------: | -----: | -----: | --: | ---------- | --------------: | -------------------: |
| qwen4exp A3B IQ3_XXS - 3.0625 bpw |  76.32 GiB |   176.94 B | SYCL       |  99 |         24 |     2048 |   q4_0 |   q4_0 |   1 | off        |   tg32 @ d32768 |         19.69 ± 0.11 |

build: 6d9c82ea2 (10882)
### rc=0
### arm=cell 02:39:34
| model                          |       size |     params | backend    | ngl |  n_cpu_moe | n_ubatch | type_k | type_v |  fa | lazy_mode  |            test |                  t/s |
| ------------------------------ | ---------: | ---------: | ---------- | --: | ---------: | -------: | -----: | -----: | --: | ---------- | --------------: | -------------------: |
| qwen4exp A3B IQ3_XXS - 3.0625 bpw |  76.32 GiB |   176.94 B | SYCL       |  99 |         24 |     2048 |   q4_0 |   q4_0 |   1 | off        |   tg32 @ d32768 |         19.52 ± 0.06 |

build: 6d9c82ea2 (10882)
### rc=0
